01-09 10:58:34.991  1494  9915 D MtkConnectivityService: ConnectivityService NetworkRequestInfo binderDied(NetworkRequest [ LISTEN id=40957, [ Capabilities: INTERNET&NOT_RESTRICTED&TRUSTED Uid: 10140 AdministratorUids: [] RequestorUid: 10140 RequestorPackageName: com.google.android.googlequicksearchbox] ], android.os.BinderProxy@e73d868)
01-09 10:58:34.991  1494  7454 V ActivityManager: Death received in com.android.server.am.ActivityManagerService$AppDeathRecipient@69c11e4 for thread android.os.BinderProxy@83f464d
01-09 10:58:34.991  1494  9915 D MtkConnectivityService: ConnectivityService NetworkRequestInfo binderDied(NetworkRequest [ TRACK_DEFAULT id=40956, [ Capabilities: INTERNET&NOT_RESTRICTED&TRUSTED Uid: 10140 AdministratorUids: [] RequestorUid: 10140 RequestorPackageName: com.google.android.googlequicksearchbox] ], android.os.BinderProxy@bb30481)
01-09 10:58:34.991  1494  3270 D MtkConnectivityService: ConnectivityService NetworkRequestInfo binderDied(NetworkRequest [ LISTEN id=40933, [ Capabilities: INTERNET&NOT_RESTRICTED&TRUSTED&NOT_VPN&VALIDATED&NOT_SUSPENDED Uid: 10140 AdministratorUids: [] RequestorUid: 10140 RequestorPackageName: com.google.android.googlequicksearchbox] ], android.os.BinderProxy@35e6926)
01-09 10:58:34.991  1494  9915 D MtkConnectivityService: ConnectivityService NetworkRequestInfo binderDied(NetworkRequest [ TRACK_DEFAULT id=40937, [ Capabilities: INTERNET&NOT_RESTRICTED&TRUSTED Uid: 10140 AdministratorUids: [] RequestorUid: 10140 RequestorPackageName: com.google.android.googlequicksearchbox] ], android.os.BinderProxy@ca08967)
01-09 10:58:34.992  1494  7454 I ActivityManager: Process com.google.android.googlequicksearchbox:googleapp (pid 8596) has died: cch CACC
01-09 10:58:34.995  1494  1592 I libprocessgroup: Successfully killed process cgroup uid 10140 pid 8596 in 0ms
01-09 10:58:34.997   437   437 I lowmemorykiller: Kill 'com.android.vending' (8856), uid 10135, oom_adj 800 to free 34016kB; reason: low watermark is breached and swap is low (470328kB < 477004kB)
01-09 10:58:34.999  1494  4333 I WindowManager: WIN DEATH: Window{26ee9ea u0 com.blackview.launcher/com.android.searchlauncher.SearchLauncher}
01-09 10:58:35.017  1494  4333 W InputDispatcher: Attempted to unregister already unregistered input channel '26ee9ea com.blackview.launcher/com.android.searchlauncher.SearchLauncher (server)'
01-09 10:58:35.026 22706 22706 D OverlayCallbackImpl: onServiceStateChanged overlayAttached : false , hotwordActive : false
01-09 10:58:35.026 22706 22706 D OverlayCallbackImpl: onServiceStateChanged setLauncherOverlay
01-09 10:58:35.027   637   637 I Zygote  : Process 8856 exited due to signal 9 (Killed)
01-09 10:58:35.033  1494  9762 D MtkConnectivityService: ConnectivityService NetworkRequestInfo binderDied(NetworkRequest [ LISTEN id=40936, [ Capabilities: INTERNET&NOT_RESTRICTED&TRUSTED Uid: 10135 AdministratorUids: [] RequestorUid: 10135 RequestorPackageName: com.android.vending] ], android.os.BinderProxy@58a67bd)
01-09 10:58:35.033  1494  8140 D MtkConnectivityService: ConnectivityService NetworkRequestInfo binderDied(NetworkRequest [ TRACK_DEFAULT id=40935, [ Capabilities: INTERNET&NOT_RESTRICTED&TRUSTED Uid: 10135 AdministratorUids: [] RequestorUid: 10135 RequestorPackageName: com.android.vending] ], android.os.BinderProxy@b7f1b2)
01-09 10:58:35.034  1494  2179 V ActivityManager: Death received in com.android.server.am.ActivityManagerService$AppDeathRecipient@3354453 for thread android.os.BinderProxy@3b19190
01-09 10:58:35.054 11612 11612 I TetheringManager: registerTetheringEventCallback:com.avito.android
01-09 10:58:35.067  8568  8568 W BillingClient: Billing service disconnected.
01-09 10:58:35.078  1494  4333 I InputDispatcher: setInputWindows displayId=0 Window{72c3db9 u0 ScreenDecorOverlayBottom} Window{5503650 u0 ScreenDecorOverlay} Window{8f367ce u0 NavigationBar0} Window{62b5ec4 u0 StatusBar} Window{a373ce2 u0 com.android.systemui} Window{e48866c u0 com.snapimals.app/crc64d4f0e04271951e45.MainActivity} Window{fd3b71a u0 com.android.systemui.ImageWallpaper}
01-09 10:58:35.080  1494  7454 W ActivityManager: Scheduling restart of crashed service com.google.android.googlequicksearchbox/com.google.android.apps.gsa.nowoverlayservice.DrawerOverlayService in 1000ms for connection
01-09 10:58:35.081 10796 10796 D BoundBrokerSvc: onUnbind: Intent { act=com.google.android.gms.clearcut.sampler.service.START dat=chimera-action: cmp=com.google.android.gms/.chimera.PersistentDirectBootAwareApiService }
01-09 10:58:35.087  1494  1568 W ActivityManager: setHasOverlayUi called on unknown pid: 8596
01-09 10:58:35.087  1494  2179 I ActivityManager: Process com.android.vending (pid 8856) has died: svcb SVC
01-09 10:58:35.088  1494  1592 I libprocessgroup: Successfully killed process cgroup uid 10135 pid 8856 in 0ms
01-09 10:58:35.088  1494  2179 W ActivityManager: Scheduling restart of crashed service com.android.vending/com.google.android.finsky.billing.iab.InAppBillingService in 10992ms for connection
01-09 10:58:35.096   662   730 I libPowerHal: [perfNotifyAppState] pack:com.google.android.googlequicksearchbox, pid:8596, STATE_DEAD
01-09 10:58:35.096   662   730 D RilUtility: notify_rild_crash_pid_set certPid:-1, crash:8596, scn:0x0
01-09 10:58:35.099   662   730 I libPowerHal: [perfNotifyAppState] pack:com.android.vending, pid:8856, STATE_DEAD
01-09 10:58:35.099   662   730 D RilUtility: notify_rild_crash_pid_set certPid:-1, crash:8856, scn:0x0
01-09 10:58:35.119   653   738 I hwcomposer: [HWCDisplay] [Display_0 (type:1)] fps:22.000895,dur:1681.75,max:1218.17,min:9.38
01-09 10:58:35.130   437   437 I lowmemorykiller: Kill 'org.telegram.messenger' (8568), uid 10192, oom_adj 500 to free 32188kB; reason: low watermark is breached and swap is low (453720kB < 477004kB)
01-09 10:58:35.136  1494  7454 I InputDispatcher: setInputWindows displayId=0 Window{72c3db9 u0 ScreenDecorOverlayBottom} Window{5503650 u0 ScreenDecorOverlay} Window{8f367ce u0 NavigationBar0} Window{62b5ec4 u0 StatusBar} Window{a373ce2 u0 com.android.systemui} Window{e48866c u0 com.snapimals.app/crc64d4f0e04271951e45.MainActivity} Window{fd3b71a u0 com.android.systemui.ImageWallpaper}
01-09 10:58:35.155  1494  7454 V SettingsProvider: packageValueForCallResult, name = sqlite_compatibility_wal_flags, value : Bundle[{_track_generation=android.util.MemoryIntArray@89, value=, _generation_index=0, _generation=475}]
01-09 10:58:35.158   637   637 I Zygote  : Process 8568 exited due to signal 9 (Killed)
01-09 10:58:35.165  1494  2179 D MtkConnectivityService: ConnectivityService NetworkRequestInfo binderDied(NetworkRequest [ TRACK_DEFAULT id=40932, [ Capabilities: INTERNET&NOT_RESTRICTED&TRUSTED Uid: 10192 AdministratorUids: [] RequestorUid: 10192 RequestorPackageName: org.telegram.messenger] ], android.os.BinderProxy@d574c80)
01-09 10:58:35.166  1494  7454 V ActivityManager: Death received in com.android.server.am.ActivityManagerService$AppDeathRecipient@25daa33 for thread android.os.BinderProxy@22f31f0
01-09 10:58:35.166  1494  7454 I ActivityManager: Process org.telegram.messenger (pid 8568) has died: svc SVC
01-09 10:58:35.166  1494  7454 W ActivityManager: Scheduling restart of crashed service org.telegram.messenger/.NotificationsService in 1000ms for start-requested
01-09 10:58:35.173   662   730 I libPowerHal: [perfNotifyAppState] pack:org.telegram.messenger, pid:8568, STATE_DEAD
01-09 10:58:35.173   662   730 D RilUtility: notify_rild_crash_pid_set certPid:-1, crash:8568, scn:0x0
01-09 10:58:35.174  1494  1592 I libprocessgroup: Successfully killed process cgroup uid 10192 pid 8568 in 0ms
01-09 10:58:35.189  7261  7261 I AppBase : AppBase.onTrimMemory():285 onTrimMemory(): 15
01-09 10:58:35.200   653   797 I hwcomposer: [DPY] receive refesh frquest from driver: type[4]
01-09 10:58:35.200   653   797 I hwcomposer: [HWC] fire a callback of refresh to SF
01-09 10:58:35.213  7261  7261 I KeyboardDefCache: MemoryFileCache$1.onTrimMemory():124 clearMemory() for trim memory: 15
01-09 10:58:35.216  7261  7261 I KeyboardDefCache: MemoryFileCache.clearMemory():408 evictAll()
01-09 10:58:35.218  7261  7261 I GoogleInputMethodService: GoogleInputMethodService.onTrimMemory():2802 onTrimMemory(): 15
01-09 10:58:35.229   674   674 I BufferQueueProducer: [FramebufferSurface](this:0xb400007b3bb4e710,id:-1,api:1,p:674,c:674) queueBuffer: fps=1.31 dur=2285.06 max=1328.01 min=238.97
01-09 10:58:35.244 11693 11693 I LoadedApk: No resource references to update in package com.blackview
01-09 10:58:35.245 11693 11693 D NetworkSecurityConfig: Using Network Security Config from resource network_security_config debugBuild: false
01-09 10:58:35.263 11693 11693 D NetworkSecurityConfig: Using Network Security Config from resource network_security_config debugBuild: false
01-09 10:58:35.310 11693 11693 E libc    : Access denied finding property "ro.vendor.pref_scale_resolution"
01-09 10:58:35.451 11612 11731 W android:Metric: Class com.yandex.metrica.CounterConfiguration failed lock verification and will run slower.
01-09 10:58:35.451 11612 11731 W android:Metric: Common causes for lock verification issues are non-optimized dex code
01-09 10:58:35.451 11612 11731 W android:Metric: and incorrect proguard optimizations.
01-09 10:58:35.598  1494  3234 V SettingsProvider: packageValueForCallResult, name = android_id, value : Bundle[{_track_generation=android.util.MemoryIntArray@89, value=c8dc46f99aee325c, _generation_index=2, _generation=1269}]
01-09 10:58:35.831   480   480 D KeymasterHAL: TrustKernelKeymasterImplementation.cpp:213: Invoke cmdId 16 at vendor/mediatek/proprietary/trustzone/trustkernel/source/services/keymaster/TrustKernelKeymasterImplementation.cpp:1473
01-09 10:58:35.837   480   480 D KeymasterHAL: TrustKernelKeymasterImplementation.cpp:213: Invoke cmdId 17 at vendor/mediatek/proprietary/trustzone/trustkernel/source/services/keymaster/TrustKernelKeymasterImplementation.cpp:1557
01-09 10:58:35.837   480   480 D KeymasterHAL: TrustKernelKeymasterImplementation.cpp:1563: Update output 10B
01-09 10:58:35.839   480   480 D KeymasterHAL: TrustKernelKeymasterImplementation.cpp:213: Invoke cmdId 17 at vendor/mediatek/proprietary/trustzone/trustkernel/source/services/keymaster/TrustKernelKeymasterImplementation.cpp:1557
01-09 10:58:35.839   480   480 D KeymasterHAL: TrustKernelKeymasterImplementation.cpp:1563: Update output 0B
01-09 10:58:35.839   480   480 D KeymasterHAL: TrustKernelKeymasterImplementation.cpp:213: Invoke cmdId 18 at vendor/mediatek/proprietary/trustzone/trustkernel/source/services/keymaster/TrustKernelKeymasterImplementation.cpp:1663
01-09 10:58:35.842   480   480 D KeymasterHAL: TrustKernelKeymasterImplementation.cpp:213: Invoke cmdId 16 at vendor/mediatek/proprietary/trustzone/trustkernel/source/services/keymaster/TrustKernelKeymasterImplementation.cpp:1473
01-09 10:58:35.844   480   480 D KeymasterHAL: TrustKernelKeymasterImplementation.cpp:213: Invoke cmdId 17 at vendor/mediatek/proprietary/trustzone/trustkernel/source/services/keymaster/TrustKernelKeymasterImplementation.cpp:1557
01-09 10:58:35.845   480   480 D KeymasterHAL: TrustKernelKeymasterImplementation.cpp:1563: Update output 10B
01-09 10:58:35.846   480   480 D KeymasterHAL: TrustKernelKeymasterImplementation.cpp:213: Invoke cmdId 17 at vendor/mediatek/proprietary/trustzone/trustkernel/source/services/keymaster/TrustKernelKeymasterImplementation.cpp:1557
01-09 10:58:35.846   480   480 D KeymasterHAL: TrustKernelKeymasterImplementation.cpp:1563: Update output 0B
01-09 10:58:35.846   480   480 D KeymasterHAL: TrustKernelKeymasterImplementation.cpp:213: Invoke cmdId 18 at vendor/mediatek/proprietary/trustzone/trustkernel/source/services/keymaster/TrustKernelKeymasterImplementation.cpp:1663
01-09 10:58:35.865   480   480 D KeymasterHAL: TrustKernelKeymasterImplementation.cpp:213: Invoke cmdId 16 at vendor/mediatek/proprietary/trustzone/trustkernel/source/services/keymaster/TrustKernelKeymasterImplementation.cpp:1473
01-09 10:58:35.868   480   480 D KeymasterHAL: TrustKernelKeymasterImplementation.cpp:213: Invoke cmdId 17 at vendor/mediatek/proprietary/trustzone/trustkernel/source/services/keymaster/TrustKernelKeymasterImplementation.cpp:1557
01-09 10:58:35.869   480   480 D KeymasterHAL: TrustKernelKeymasterImplementation.cpp:1563: Update output 141B
01-09 10:58:35.870   480   480 D KeymasterHAL: TrustKernelKeymasterImplementation.cpp:213: Invoke cmdId 17 at vendor/mediatek/proprietary/trustzone/trustkernel/source/services/keymaster/TrustKernelKeymasterImplementation.cpp:1557
01-09 10:58:35.870   480   480 D KeymasterHAL: TrustKernelKeymasterImplementation.cpp:1563: Update output 0B
01-09 10:58:35.870   480   480 D KeymasterHAL: TrustKernelKeymasterImplementation.cpp:213: Invoke cmdId 18 at vendor/mediatek/proprietary/trustzone/trustkernel/source/services/keymaster/TrustKernelKeymasterImplementation.cpp:1663
01-09 10:58:35.881   480   480 D KeymasterHAL: TrustKernelKeymasterImplementation.cpp:213: Invoke cmdId 16 at vendor/mediatek/proprietary/trustzone/trustkernel/source/services/keymaster/TrustKernelKeymasterImplementation.cpp:1473
01-09 10:58:35.883   480   480 D KeymasterHAL: TrustKernelKeymasterImplementation.cpp:213: Invoke cmdId 17 at vendor/mediatek/proprietary/trustzone/trustkernel/source/services/keymaster/TrustKernelKeymasterImplementation.cpp:1557
01-09 10:58:35.883   480   480 D KeymasterHAL: TrustKernelKeymasterImplementation.cpp:1563: Update output 10B
01-09 10:58:35.884   480   480 D KeymasterHAL: TrustKernelKeymasterImplementation.cpp:213: Invoke cmdId 17 at vendor/mediatek/proprietary/trustzone/trustkernel/source/services/keymaster/TrustKernelKeymasterImplementation.cpp:1557
01-09 10:58:35.885   480   480 D KeymasterHAL: TrustKernelKeymasterImplementation.cpp:1563: Update output 0B
01-09 10:58:35.885   480   480 D KeymasterHAL: TrustKernelKeymasterImplementation.cpp:213: Invoke cmdId 18 at vendor/mediatek/proprietary/trustzone/trustkernel/source/services/keymaster/TrustKernelKeymasterImplementation.cpp:1663
01-09 10:58:35.888   480   480 D KeymasterHAL: TrustKernelKeymasterImplementation.cpp:213: Invoke cmdId 16 at vendor/mediatek/proprietary/trustzone/trustkernel/source/services/keymaster/TrustKernelKeymasterImplementation.cpp:1473
01-09 10:58:35.888 11553 11553 W ProviderHelper: Unknown dynamite feature providerinstaller.dynamite
01-09 10:58:35.893   480   480 D KeymasterHAL: TrustKernelKeymasterImplementation.cpp:213: Invoke cmdId 17 at vendor/mediatek/proprietary/trustzone/trustkernel/source/services/keymaster/TrustKernelKeymasterImplementation.cpp:1557
01-09 10:58:35.893 11553 11553 I DynamiteModule: Considering local module com.google.android.gms.providerinstaller.dynamite:1 and remote module com.google.android.gms.providerinstaller.dynamite:0
01-09 10:58:35.893   480   480 D KeymasterHAL: TrustKernelKeymasterImplementation.cpp:1563: Update output 10B
01-09 10:58:35.893 11553 11553 I DynamiteModule: Selected local version of com.google.android.gms.providerinstaller.dynamite
01-09 10:58:35.894   480   480 D KeymasterHAL: TrustKernelKeymasterImplementation.cpp:213: Invoke cmdId 17 at vendor/mediatek/proprietary/trustzone/trustkernel/source/services/keymaster/TrustKernelKeymasterImplementation.cpp:1557
01-09 10:58:35.894   480   480 D KeymasterHAL: TrustKernelKeymasterImplementation.cpp:1563: Update output 0B
01-09 10:58:35.894   480   480 D KeymasterHAL: TrustKernelKeymasterImplementation.cpp:213: Invoke cmdId 18 at vendor/mediatek/proprietary/trustzone/trustkernel/source/services/keymaster/TrustKernelKeymasterImplementation.cpp:1663
01-09 10:58:35.897   480   480 D KeymasterHAL: TrustKernelKeymasterImplementation.cpp:213: Invoke cmdId 16 at vendor/mediatek/proprietary/trustzone/trustkernel/source/services/keymaster/TrustKernelKeymasterImplementation.cpp:1473
01-09 10:58:35.899   480   480 D KeymasterHAL: TrustKernelKeymasterImplementation.cpp:213: Invoke cmdId 17 at vendor/mediatek/proprietary/trustzone/trustkernel/source/services/keymaster/TrustKernelKeymasterImplementation.cpp:1557
01-09 10:58:35.899   480   480 D KeymasterHAL: TrustKernelKeymasterImplementation.cpp:1563: Update output 108B
01-09 10:58:35.901   480   480 D KeymasterHAL: TrustKernelKeymasterImplementation.cpp:213: Invoke cmdId 17 at vendor/mediatek/proprietary/trustzone/trustkernel/source/services/keymaster/TrustKernelKeymasterImplementation.cpp:1557
01-09 10:58:35.902   480   480 D KeymasterHAL: TrustKernelKeymasterImplementation.cpp:1563: Update output 0B
01-09 10:58:35.902   480   480 D KeymasterHAL: TrustKernelKeymasterImplementation.cpp:213: Invoke cmdId 18 at vendor/mediatek/proprietary/trustzone/trustkernel/source/services/keymaster/TrustKernelKeymasterImplementation.cpp:1663
01-09 10:58:35.981 11693 11744 I [myTarget]: Start autoinitialization
01-09 10:58:35.981 11693 11744 I [myTarget]: MyTarget initialization
01-09 10:58:36.102   437   437 I lowmemorykiller: Kill 'com.avito.android' (11491), uid 10310, oom_adj 250 to free 5208kB; reason: low watermark is breached and swap is low (459856kB < 477004kB)
01-09 10:58:36.117   437   437 I lowmemorykiller: Kill 'com.avito.android:Metrica' (11612), uid 10310, oom_adj 250 to free 74752kB; reason: low watermark is breached and swap is low (20524kB < 477004kB)
01-09 10:58:36.130  1494  1494 W Looper  : Slow dispatch took 103ms main h=com.android.server.notification.NotificationManagerService$WorkerHandler c=com.android.server.notification.NotificationManagerService$PostNotificationRunnable@366d06a m=0
01-09 10:58:36.140   637   637 I Zygote  : Process 11612 exited due to signal 9 (Killed)
01-09 10:58:36.154  1494  7454 V ActivityManager: Death received in com.android.server.am.ActivityManagerService$AppDeathRecipient@c06b8f0 for thread android.os.BinderProxy@4d60e69
01-09 10:58:36.160   637   637 I Zygote  : Process 11491 exited due to signal 9 (Killed)
01-09 10:58:36.165  1494  1592 I libprocessgroup: Successfully killed process cgroup uid 10310 pid 11612 in 0ms
01-09 10:58:36.169  1494  4956 V ActivityManager: Death received in com.android.server.am.ActivityManagerService$AppDeathRecipient@b82cc78 for thread android.os.BinderProxy@dcdcf51
01-09 10:58:36.169  1494  3234 D MtkConnectivityService: ConnectivityService NetworkRequestInfo binderDied(NetworkRequest [ LISTEN id=40979, [ Capabilities: NOT_RESTRICTED&TRUSTED&NOT_VPN&FOREGROUND Uid: 10310 AdministratorUids: [] RequestorUid: 10310 RequestorPackageName: com.avito.android] ], android.os.BinderProxy@243395b)
01-09 10:58:36.171  1494  7454 I ActivityManager: Process com.avito.android:Metrica (pid 11612) has died: prcl TRNB
01-09 10:58:36.192  1494  7454 W ActivityManager: Scheduling restart of crashed service com.avito.android/com.yandex.metrica.MetricaService in 9975ms for connection
01-09 10:58:36.226  1494  1589 W ProcessCpuTracker: Failed to stat(/proc/11612): android.system.ErrnoException: stat failed: ENOENT (No such file or directory)
01-09 10:58:36.226  1494  1589 W ProcessCpuTracker: Skipping unknown process pid 11612
01-09 10:58:36.236  1045  1045 I thermal_repeater: [recvMdThermalInfo] ret=31, strLen=127,  0, 32767, -127, 9196, 32767, 0
01-09 10:58:36.294   662   730 I libPowerHal: [perfNotifyAppState] pack:com.avito.android, pid:11612, STATE_DEAD
01-09 10:58:36.294   662   730 D RilUtility: notify_rild_crash_pid_set certPid:-1, crash:11612, scn:0x0
01-09 10:58:36.312  1494  1590 W ActivityManager: Slow operation: 64ms so far, now at startProcess: done creating new process record
01-09 10:58:36.313  1494  1590 W ActivityManager: Slow operation: 64ms so far, now at startProcess: stepping in to startProcess
01-09 10:58:36.314  1494  1590 D CompatibilityChangeReporter: Compat change id reported: 135634846; UID 10192; state: DISABLED
01-09 10:58:36.314  1494  1590 D CompatibilityChangeReporter: Compat change id reported: 135754954; UID 10192; state: ENABLED
01-09 10:58:36.317  1494  1590 W ActivityManager: Slow operation: 69ms so far, now at startProcess: done starting proc!
01-09 10:58:36.318  1494  1591 D CompatibilityChangeReporter: Compat change id reported: 143937733; UID 10192; state: ENABLED
01-09 10:58:36.318  1494  4956 I ActivityManager: Process com.avito.android (pid 11491) has died: prcl TRNB
01-09 10:58:36.318  1494  1592 I libprocessgroup: Successfully killed process cgroup uid 10310 pid 11491 in 0ms
01-09 10:58:36.320  1494  4956 W ActivityManager: Scheduling restart of crashed service com.avito.android/androidx.work.impl.background.systemjob.SystemJobService in 1000ms for connection
01-09 10:58:36.323   662   730 I libPowerHal: [perfNotifyAppState] pack:com.avito.android, pid:11491, STATE_DEAD
01-09 10:58:36.323   662   730 D RilUtility: notify_rild_crash_pid_set certPid:-1, crash:11491, scn:0x0
01-09 10:58:36.327  1494  1566 W Looper  : Slow dispatch took 100ms android.ui h=com.android.server.am.ActivityManagerService$UiHandler c=null m=31
01-09 10:58:36.358   637   637 D Zygote  : Forked child process 11747
01-09 10:58:36.361  7261  7261 I AppBase : AppBase.onTrimMemory():285 onTrimMemory(): 15
01-09 10:58:36.366  1494  1591 W ActivityManager: Slow operation: 53ms so far, now at startProcess: returned from zygote!
01-09 10:58:36.366  1494  1591 W ActivityManager: Slow operation: 53ms so far, now at startProcess: done updating battery stats
01-09 10:58:36.366  1494  1591 W ActivityManager: Slow operation: 54ms so far, now at startProcess: building log message
01-09 10:58:36.366  1494  1591 I ActivityManager: Start proc 11747:org.telegram.messenger/u0a192 for service {org.telegram.messenger/org.telegram.messenger.NotificationsService}
01-09 10:58:36.366  1494  1591 W ActivityManager: Slow operation: 54ms so far, now at startProcess: starting to update pids map
01-09 10:58:36.367  1494  1591 W ActivityManager: Slow operation: 54ms so far, now at startProcess: done updating pids map
01-09 10:58:36.393 24013 24013 D InterruptionStateProvider: No bubble up: not allowed to bubble: 0|app.hiddify.com|1|null|10195
01-09 10:58:36.394  7261  7261 I KeyboardDefCache: MemoryFileCache$1.onTrimMemory():124 clearMemory() for trim memory: 15
01-09 10:58:36.396  7261  7261 I KeyboardDefCache: MemoryFileCache.clearMemory():408 evictAll()
01-09 10:58:36.406  7261  7261 I GoogleInputMethodService: GoogleInputMethodService.onTrimMemory():2802 onTrimMemory(): 15
01-09 10:58:36.413 24013 24013 D InterruptionStateProvider: No heads up: unimportant notification: 0|app.hiddify.com|1|null|10195
01-09 10:58:36.428  1494  1494 W Looper  : Slow dispatch took 259ms main h=android.app.ActivityThread$H c=android.app.LoadedApk$ServiceDispatcher$RunConnection@f4d78d3 m=0
01-09 10:58:36.476 24013 24013 V StatusBarNetShowView: applySpeed 12.4
01-09 10:58:36.476 24013 24013 V StatusBarNetShowView: K/s
01-09 10:58:36.477 24013 24013 I chatty  : uid=10170(com.android.systemui) identical 3 lines
01-09 10:58:36.477 24013 24013 V StatusBarNetShowView: applySpeed 12.4
01-09 10:58:36.477 24013 24013 V StatusBarNetShowView: K/s
01-09 10:58:36.500 11553 11553 V NativeCrypto: Registering com/google/android/gms/org/conscrypt/NativeCrypto's 329 native methods...
01-09 10:58:36.563 24013 24013 D StatusBar: updateBlurView state: 0
01-09 10:58:36.563 24013 24013 D StatusBar: updateBlurView gone
01-09 10:58:36.649 24013 24013 D StatusBar: updateBlurView state: 0
01-09 10:58:36.649 24013 24013 D StatusBar: updateBlurView gone
01-09 10:58:36.708 24013 24013 D StatusBar: updateBlurView state: 0
01-09 10:58:36.708 24013 24013 D StatusBar: updateBlurView gone
01-09 10:58:36.721   674  2489 I BufferQueueProducer: [com.snapimals.app/crc64d4f0e04271951e45.MainActivity#0](this:0xb400007b4c1026f8,id:10754,api:1,p:11403,c:674) queueBuffer: fps=1.21 dur=3302.23 max=3225.33 min=21.68
01-09 10:58:36.721   674   742 I BufferQueueProducer: [StatusBar#0](this:0xb400007b4c0da478,id:7971,api:1,p:24013,c:674) queueBuffer: fps=0.28 dur=3630.43 max=3630.43 min=3630.43
01-09 10:58:36.746   653   738 I hwcomposer: [HWCDisplay] [Display_0 (type:1)] fps:1.843968,dur:1626.93,max:1516.73,min:17.69
01-09 10:58:36.858 11747 11747 E egram.messenge: Not starting debugger since process cannot load the jdwp agent.
01-09 10:58:36.891  1494  7454 V ActivityManager: New death recipient com.android.server.am.ActivityManagerService$AppDeathRecipient@d79309 for thread android.os.BinderProxy@c8c890e
01-09 10:58:36.907   480   480 D KeymasterHAL: TrustKernelKeymasterImplementation.cpp:213: Invoke cmdId 16 at vendor/mediatek/proprietary/trustzone/trustkernel/source/services/keymaster/TrustKernelKeymasterImplementation.cpp:1473
01-09 10:58:36.909   480   480 D KeymasterHAL: TrustKernelKeymasterImplementation.cpp:213: Invoke cmdId 17 at vendor/mediatek/proprietary/trustzone/trustkernel/source/services/keymaster/TrustKernelKeymasterImplementation.cpp:1557
01-09 10:58:36.910   480   480 D KeymasterHAL: TrustKernelKeymasterImplementation.cpp:1563: Update output 10B
01-09 10:58:36.911   480   480 D KeymasterHAL: TrustKernelKeymasterImplementation.cpp:213: Invoke cmdId 17 at vendor/mediatek/proprietary/trustzone/trustkernel/source/services/keymaster/TrustKernelKeymasterImplementation.cpp:1557
01-09 10:58:36.911   480   480 D KeymasterHAL: TrustKernelKeymasterImplementation.cpp:1563: Update output 0B
01-09 10:58:36.911   480   480 D KeymasterHAL: TrustKernelKeymasterImplementation.cpp:213: Invoke cmdId 18 at vendor/mediatek/proprietary/trustzone/trustkernel/source/services/keymaster/TrustKernelKeymasterImplementation.cpp:1663
01-09 10:58:36.907 10796 10796 W ThreadPoolForeg: type=1400 audit(0.0:4218666): avc: denied { write } for name="traced_producer" dev="tmpfs" ino=13604 scontext=u:r:gmscore_app:s0:c512,c768 tcontext=u:object_r:traced_producer_socket:s0 tclass=sock_file permissive=0 app=com.idamob.tinkoff.android
01-09 10:58:36.918   480   480 D KeymasterHAL: TrustKernelKeymasterImplementation.cpp:213: Invoke cmdId 16 at vendor/mediatek/proprietary/trustzone/trustkernel/source/services/keymaster/TrustKernelKeymasterImplementation.cpp:1473
01-09 10:58:36.920   480   480 D KeymasterHAL: TrustKernelKeymasterImplementation.cpp:213: Invoke cmdId 17 at vendor/mediatek/proprietary/trustzone/trustkernel/source/services/keymaster/TrustKernelKeymasterImplementation.cpp:1557
01-09 10:58:36.920   480   480 D KeymasterHAL: TrustKernelKeymasterImplementation.cpp:1563: Update output 10B
01-09 10:58:36.922   480   480 D KeymasterHAL: TrustKernelKeymasterImplementation.cpp:213: Invoke cmdId 17 at vendor/mediatek/proprietary/trustzone/trustkernel/source/services/keymaster/TrustKernelKeymasterImplementation.cpp:1557
01-09 10:58:36.922   480   480 D KeymasterHAL: TrustKernelKeymasterImplementation.cpp:1563: Update output 0B
01-09 10:58:36.922   480   480 D KeymasterHAL: TrustKernelKeymasterImplementation.cpp:213: Invoke cmdId 18 at vendor/mediatek/proprietary/trustzone/trustkernel/source/services/keymaster/TrustKernelKeymasterImplementation.cpp:1663
01-09 10:58:36.924   653   797 I hwcomposer: [DPY] receive refesh frquest from driver: type[4]
01-09 10:58:36.924   653   797 I hwcomposer: [HWC] fire a callback of refresh to SF
01-09 10:58:36.937   480   480 D KeymasterHAL: TrustKernelKeymasterImplementation.cpp:213: Invoke cmdId 16 at vendor/mediatek/proprietary/trustzone/trustkernel/source/services/keymaster/TrustKernelKeymasterImplementation.cpp:1473
01-09 10:58:36.938   674   674 I BufferQueueProducer: [FramebufferSurface](this:0xb400007b3bb4e710,id:-1,api:1,p:674,c:674) queueBuffer: fps=0.59 dur=1708.92 max=1708.92 min=1708.92
01-09 10:58:36.939   480   480 D KeymasterHAL: TrustKernelKeymasterImplementation.cpp:213: Invoke cmdId 17 at vendor/mediatek/proprietary/trustzone/trustkernel/source/services/keymaster/TrustKernelKeymasterImplementation.cpp:1557
01-09 10:58:36.940   480   480 D KeymasterHAL: TrustKernelKeymasterImplementation.cpp:1563: Update output 130B
01-09 10:58:36.941   480   480 D KeymasterHAL: TrustKernelKeymasterImplementation.cpp:213: Invoke cmdId 17 at vendor/mediatek/proprietary/trustzone/trustkernel/source/services/keymaster/TrustKernelKeymasterImplementation.cpp:1557
01-09 10:58:36.941   480   480 D KeymasterHAL: TrustKernelKeymasterImplementation.cpp:1563: Update output 0B
01-09 10:58:36.941   480   480 D KeymasterHAL: TrustKernelKeymasterImplementation.cpp:213: Invoke cmdId 18 at vendor/mediatek/proprietary/trustzone/trustkernel/source/services/keymaster/TrustKernelKeymasterImplementation.cpp:1663
01-09 10:58:36.990   480   480 D KeymasterHAL: TrustKernelKeymasterImplementation.cpp:213: Invoke cmdId 16 at vendor/mediatek/proprietary/trustzone/trustkernel/source/services/keymaster/TrustKernelKeymasterImplementation.cpp:1473
01-09 10:58:36.991   480   480 D KeymasterHAL: TrustKernelKeymasterImplementation.cpp:213: Invoke cmdId 17 at vendor/mediatek/proprietary/trustzone/trustkernel/source/services/keymaster/TrustKernelKeymasterImplementation.cpp:1557
01-09 10:58:36.992   480   480 D KeymasterHAL: TrustKernelKeymasterImplementation.cpp:1563: Update output 10B
01-09 10:58:36.994   480   480 D KeymasterHAL: TrustKernelKeymasterImplementation.cpp:213: Invoke cmdId 17 at vendor/mediatek/proprietary/trustzone/trustkernel/source/services/keymaster/TrustKernelKeymasterImplementation.cpp:1557
01-09 10:58:36.994   480   480 D KeymasterHAL: TrustKernelKeymasterImplementation.cpp:1563: Update output 0B
01-09 10:58:36.994   480   480 D KeymasterHAL: TrustKernelKeymasterImplementation.cpp:213: Invoke cmdId 18 at vendor/mediatek/proprietary/trustzone/trustkernel/source/services/keymaster/TrustKernelKeymasterImplementation.cpp:1663
01-09 10:58:37.011   480   480 D KeymasterHAL: TrustKernelKeymasterImplementation.cpp:213: Invoke cmdId 16 at vendor/mediatek/proprietary/trustzone/trustkernel/source/services/keymaster/TrustKernelKeymasterImplementation.cpp:1473
01-09 10:58:37.012   480   480 D KeymasterHAL: TrustKernelKeymasterImplementation.cpp:213: Invoke cmdId 17 at vendor/mediatek/proprietary/trustzone/trustkernel/source/services/keymaster/TrustKernelKeymasterImplementation.cpp:1557
01-09 10:58:37.012   480   480 D KeymasterHAL: TrustKernelKeymasterImplementation.cpp:1563: Update output 10B
01-09 10:58:37.015   480   480 D KeymasterHAL: TrustKernelKeymasterImplementation.cpp:213: Invoke cmdId 17 at vendor/mediatek/proprietary/trustzone/trustkernel/source/services/keymaster/TrustKernelKeymasterImplementation.cpp:1557
01-09 10:58:37.015   480   480 D KeymasterHAL: TrustKernelKeymasterImplementation.cpp:1563: Update output 0B
01-09 10:58:37.015   480   480 D KeymasterHAL: TrustKernelKeymasterImplementation.cpp:213: Invoke cmdId 18 at vendor/mediatek/proprietary/trustzone/trustkernel/source/services/keymaster/TrustKernelKeymasterImplementation.cpp:1663
01-09 10:58:37.018   480   480 D KeymasterHAL: TrustKernelKeymasterImplementation.cpp:213: Invoke cmdId 16 at vendor/mediatek/proprietary/trustzone/trustkernel/source/services/keymaster/TrustKernelKeymasterImplementation.cpp:1473
01-09 10:58:37.019   480   480 D KeymasterHAL: TrustKernelKeymasterImplementation.cpp:213: Invoke cmdId 17 at vendor/mediatek/proprietary/trustzone/trustkernel/source/services/keymaster/TrustKernelKeymasterImplementation.cpp:1557
01-09 10:58:37.020   480   480 D KeymasterHAL: TrustKernelKeymasterImplementation.cpp:1563: Update output 130B
01-09 10:58:37.020   480   480 D KeymasterHAL: TrustKernelKeymasterImplementation.cpp:213: Invoke cmdId 17 at vendor/mediatek/proprietary/trustzone/trustkernel/source/services/keymaster/TrustKernelKeymasterImplementation.cpp:1557
01-09 10:58:37.021   480   480 D KeymasterHAL: TrustKernelKeymasterImplementation.cpp:1563: Update output 0B
01-09 10:58:37.021   480   480 D KeymasterHAL: TrustKernelKeymasterImplementation.cpp:213: Invoke cmdId 18 at vendor/mediatek/proprietary/trustzone/trustkernel/source/services/keymaster/TrustKernelKeymasterImplementation.cpp:1663
01-09 10:58:37.045 11693 11693 I TetheringManager: registerTetheringEventCallback:ru.vk.store
01-09 10:58:37.052   653   797 I hwcomposer: [DPY] receive refesh frquest from driver: type[4]
01-09 10:58:37.052   653   797 I hwcomposer: [HWC] fire a callback of refresh to SF
01-09 10:58:37.062 11693 11693 D WM-PackageManagerHelper: Skipping component enablement for androidx.work.impl.background.systemjob.SystemJobService
01-09 10:58:37.062 11693 11693 D WM-Schedulers: Created SystemJobScheduler and enabled SystemJobService
01-09 10:58:37.064 11693 11773 D WM-ForceStopRunnable: Is default app process = true
01-09 10:58:37.066 11693 11773 D WM-ForceStopRunnable: Performing cleanup operations.
01-09 10:58:37.075  1494  7454 V SettingsProvider: packageValueForCallResult, name = sqlite_compatibility_wal_flags, value : Bundle[{_track_generation=android.util.MemoryIntArray@89, value=, _generation_index=0, _generation=475}]
01-09 10:58:37.101   480   480 D KeymasterHAL: TrustKernelKeymasterImplementation.cpp:213: Invoke cmdId 16 at vendor/mediatek/proprietary/trustzone/trustkernel/source/services/keymaster/TrustKernelKeymasterImplementation.cpp:1473
01-09 10:58:37.103   480   480 D KeymasterHAL: TrustKernelKeymasterImplementation.cpp:213: Invoke cmdId 17 at vendor/mediatek/proprietary/trustzone/trustkernel/source/services/keymaster/TrustKernelKeymasterImplementation.cpp:1557
01-09 10:58:37.105   480   480 D KeymasterHAL: TrustKernelKeymasterImplementation.cpp:1563: Update output 10B
01-09 10:58:37.106   480   480 D KeymasterHAL: TrustKernelKeymasterImplementation.cpp:213: Invoke cmdId 17 at vendor/mediatek/proprietary/trustzone/trustkernel/source/services/keymaster/TrustKernelKeymasterImplementation.cpp:1557
01-09 10:58:37.106   480   480 D KeymasterHAL: TrustKernelKeymasterImplementation.cpp:1563: Update output 0B
01-09 10:58:37.106   480   480 D KeymasterHAL: TrustKernelKeymasterImplementation.cpp:213: Invoke cmdId 18 at vendor/mediatek/proprietary/trustzone/trustkernel/source/services/keymaster/TrustKernelKeymasterImplementation.cpp:1663
01-09 10:58:37.106 11747 11747 I egram.messenge: The ClassLoaderContext is a special shared library.
01-09 10:58:37.108   480   480 D KeymasterHAL: TrustKernelKeymasterImplementation.cpp:213: Invoke cmdId 16 at vendor/mediatek/proprietary/trustzone/trustkernel/source/services/keymaster/TrustKernelKeymasterImplementation.cpp:1473
01-09 10:58:37.109   480   480 D KeymasterHAL: TrustKernelKeymasterImplementation.cpp:213: Invoke cmdId 17 at vendor/mediatek/proprietary/trustzone/trustkernel/source/services/keymaster/TrustKernelKeymasterImplementation.cpp:1557
01-09 10:58:37.110   480   480 D KeymasterHAL: TrustKernelKeymasterImplementation.cpp:1563: Update output 10B
01-09 10:58:37.111   480   480 D KeymasterHAL: TrustKernelKeymasterImplementation.cpp:213: Invoke cmdId 17 at vendor/mediatek/proprietary/trustzone/trustkernel/source/services/keymaster/TrustKernelKeymasterImplementation.cpp:1557
01-09 10:58:37.111   480   480 D KeymasterHAL: TrustKernelKeymasterImplementation.cpp:1563: Update output 0B
01-09 10:58:37.111   480   480 D KeymasterHAL: TrustKernelKeymasterImplementation.cpp:213: Invoke cmdId 18 at vendor/mediatek/proprietary/trustzone/trustkernel/source/services/keymaster/TrustKernelKeymasterImplementation.cpp:1663
01-09 10:58:37.117   480   480 D KeymasterHAL: TrustKernelKeymasterImplementation.cpp:213: Invoke cmdId 16 at vendor/mediatek/proprietary/trustzone/trustkernel/source/services/keymaster/TrustKernelKeymasterImplementation.cpp:1473
01-09 10:58:37.119   480   480 D KeymasterHAL: TrustKernelKeymasterImplementation.cpp:213: Invoke cmdId 17 at vendor/mediatek/proprietary/trustzone/trustkernel/source/services/keymaster/TrustKernelKeymasterImplementation.cpp:1557
01-09 10:58:37.119   480   480 D KeymasterHAL: TrustKernelKeymasterImplementation.cpp:1563: Update output 130B
01-09 10:58:37.120   480   480 D KeymasterHAL: TrustKernelKeymasterImplementation.cpp:213: Invoke cmdId 17 at vendor/mediatek/proprietary/trustzone/trustkernel/source/services/keymaster/TrustKernelKeymasterImplementation.cpp:1557
01-09 10:58:37.120   480   480 D KeymasterHAL: TrustKernelKeymasterImplementation.cpp:1563: Update output 0B
01-09 10:58:37.120   480   480 D KeymasterHAL: TrustKernelKeymasterImplementation.cpp:213: Invoke cmdId 18 at vendor/mediatek/proprietary/trustzone/trustkernel/source/services/keymaster/TrustKernelKeymasterImplementation.cpp:1663
01-09 10:58:37.145 11553 11553 I ProviderInstaller: Installed default security provider GmsCore_OpenSSL
01-09 10:58:37.159 11693 11773 D WM-SystemJobScheduler: Reconciling jobs
01-09 10:58:37.178  1494  1571 D AES     : AEEIOCTL_GET/SET_SF_STATE IOCTL,cmd= 1074294797, lParam=0.
01-09 10:58:37.179  1494  1571 D AES     : AEEIOCTL_RT_MON_Kick IOCTL,cmd= 2147774474, lParam=300.
01-09 10:58:37.184 11693 11773 D WM-ForceStopRunnable: Found unfinished work, scheduling it.
01-09 10:58:37.196   653   797 I hwcomposer: [DPY] receive refesh frquest from driver: type[4]
01-09 10:58:37.196   653   797 I hwcomposer: [HWC] fire a callback of refresh to SF
01-09 10:58:37.200 11693 11773 D WM-SystemJobScheduler: Scheduling work ID 737dc86d-8afe-45cf-a96b-4647971cf246Job ID 39785
01-09 10:58:37.228 11693 11773 D WM-SystemJobScheduler: Scheduling work ID e08bdd08-10e3-4f4e-86c9-658fa06ef6c3Job ID 39784
01-09 10:58:37.250 11693 11773 D WM-SystemJobScheduler: Scheduling work ID 1a696459-abe4-406d-9f2d-c4d8569211d6Job ID 39537
01-09 10:58:37.257 11553 11788 I Watchcat: Started
01-09 10:58:37.275 11693 11773 D WM-SystemJobScheduler: Scheduling work ID 551aca30-3d3e-4b3e-8af0-50e3353b0b94Job ID 39786
01-09 10:58:37.291 11693 11693 I [myTracker]: MyTracker created, version: 3.4.1
01-09 10:58:37.296 11553 11788 I GMS_MM_Logger: (REDACTED) Start time: %s
01-09 10:58:37.299 11553 11788 I GMS_MM_Logger: Started.
01-09 10:58:37.300 11747 11747 W egram.messenge: JIT profile information will not be recorded: profile file does not exist.
01-09 10:58:37.300 11747 11747 I chatty  : uid=10192(org.telegram.messenger) identical 2 lines
01-09 10:58:37.301 11747 11747 W egram.messenge: JIT profile information will not be recorded: profile file does not exist.
01-09 10:58:37.302 11693 11773 D WM-SystemJobScheduler: Scheduling work ID e88c2090-fef1-4d43-bc18-75cd02529415Job ID 39540
01-09 10:58:37.325 11693 11773 D WM-SystemJobScheduler: Scheduling work ID 4406f623-b90c-47b0-80f3-90f855ff8a3eJob ID 39771
01-09 10:58:37.346 11693 11693 I [myTracker]: MyTracker is initialized with id: 61897339427297334781
01-09 10:58:37.349 11747 11747 I LoadedApk: No resource references to update in package com.blackview
01-09 10:58:37.350 11747 11747 D NetworkSecurityConfig: No Network Security Config specified, using platform default
01-09 10:58:37.353  1494  4956 V SettingsProvider: packageValueForCallResult, name = null, value : Bundle[{_track_generation=android.util.MemoryIntArray@89, value=null, _generation_index=3, _generation=2908}]
01-09 10:58:37.350 11747 11747 D NetworkSecurityConfig: No Network Security Config specified, using platform default
01-09 10:58:37.359 11693 11798 I [myTracker]: TimeSpent: incremented count based TimeSpent, id = 0, count = 1
01-09 10:58:37.372 11747 11747 E libc    : Access denied finding property "ro.vendor.pref_scale_resolution"
01-09 10:58:37.374 11693 11799 D WM-PackageManagerHelper: Skipping component enablement for androidx.work.impl.background.systemalarm.RescheduleReceiver
01-09 10:58:37.381 11693 11806 I AppMetrica: AppMetrica [117337-IAA-CDE-1] Initializing of AppMetrica, Release type, Version 7.6.0, API Level 115, Dated 23.01.2025.
01-09 10:58:37.436 11693 11806 I AppMetrica: AppMetrica [117337-IAA-CDE-1] Activate AppMetrica with APIKey 8c3419a3-xxxx-xxxx-xxxx-xxxxxxxxc482
01-09 10:58:37.437 11693 11806 I AppMetrica: AppMetrica [117337-IAA-CDE-1] Activate reporter with APIKey 20799a27-xxxx-xxxx-xxxx-xxxxxxxx4180
01-09 10:58:37.446  1494  3234 D CompatibilityChangeReporter: Compat change id reported: 135634846; UID 10189; state: DISABLED
01-09 10:58:37.447  1494  3234 D CompatibilityChangeReporter: Compat change id reported: 135754954; UID 10189; state: ENABLED
01-09 10:58:37.447  1494  1591 D CompatibilityChangeReporter: Compat change id reported: 143937733; UID 10189; state: ENABLED
01-09 10:58:37.447 11747 11747 I FirebaseApp: Device unlocked: initializing all Firebase APIs for app [DEFAULT]
01-09 10:58:37.459   637   637 D Zygote  : Forked child process 11828
01-09 10:58:37.463  1494  1591 I ActivityManager: Start proc 11828:ru.vk.store:AppMetrica/u0a189 for service {ru.vk.store/io.appmetrica.analytics.internal.AppMetricaService}
01-09 10:58:37.478  1494  7454 V SettingsProvider: packageValueForCallResult, name = sqlite_compatibility_wal_flags, value : Bundle[{_track_generation=android.util.MemoryIntArray@89, value=, _generation_index=0, _generation=475}]
01-09 10:58:37.479 11828 11828 E tore:AppMetric: Not starting debugger since process cannot load the jdwp agent.
01-09 10:58:37.485 11747 11747 I FirebaseInitProvider: FirebaseApp initialization successful
01-09 10:58:37.491  1494  7454 V ActivityManager: New death recipient com.android.server.am.ActivityManagerService$AppDeathRecipient@2a0a3e2 for thread android.os.BinderProxy@320d373
01-09 10:58:37.496 11553 11553 D BoundBrokerSvc: onBind: Intent { act=com.google.android.gms.appset.service.START dat=chimera-action: cmp=com.google.android.gms/.chimera.GmsApiService }
01-09 10:58:37.496 11553 11553 D BoundBrokerSvc: Loading bound service for intent: Intent { act=com.google.android.gms.appset.service.START dat=chimera-action: cmp=com.google.android.gms/.chimera.GmsApiService }
01-09 10:58:37.497 11693 11693 I [myTracker]: MyTracker has already been initialized
01-09 10:58:37.519   480   480 D KeymasterHAL: TrustKernelKeymasterImplementation.cpp:213: Invoke cmdId 15 at vendor/mediatek/proprietary/trustzone/trustkernel/source/services/keymaster/TrustKernelKeymasterImplementation.cpp:734
01-09 10:58:37.519   480   480 D KeymasterHAL: TrustKernelKeymasterImplementation.cpp:213: Invoke cmdId 20 at vendor/mediatek/proprietary/trustzone/trustkernel/source/services/keymaster/TrustKernelKeymasterImplementation.cpp:1270
01-09 10:58:37.522  1494  1872 E WifiVendorHal: getWifiLinkLayerStats_1_3_Internal(l.973) failed {.code = ERROR_NOT_SUPPORTED, .description = }
01-09 10:58:37.555   480   480 D KeymasterHAL: TrustKernelKeymasterImplementation.cpp:213: Invoke cmdId 15 at vendor/mediatek/proprietary/trustzone/trustkernel/source/services/keymaster/TrustKernelKeymasterImplementation.cpp:734
01-09 10:58:37.555   480   480 D KeymasterHAL: TrustKernelKeymasterImplementation.cpp:213: Invoke cmdId 20 at vendor/mediatek/proprietary/trustzone/trustkernel/source/services/keymaster/TrustKernelKeymasterImplementation.cpp:1270
01-09 10:58:37.558 11693 11693 I StatLog:: initialize stat engine
01-09 10:58:37.558 11693 11693 I StatLog:: startSendDaemon
01-09 10:58:37.576   480   480 D KeymasterHAL: TrustKernelKeymasterImplementation.cpp:213: Invoke cmdId 16 at vendor/mediatek/proprietary/trustzone/trustkernel/source/services/keymaster/TrustKernelKeymasterImplementation.cpp:1473
01-09 10:58:37.578   480   480 D KeymasterHAL: TrustKernelKeymasterImplementation.cpp:213: Invoke cmdId 17 at vendor/mediatek/proprietary/trustzone/trustkernel/source/services/keymaster/TrustKernelKeymasterImplementation.cpp:1557
01-09 10:58:37.578   480   480 D KeymasterHAL: TrustKernelKeymasterImplementation.cpp:1563: Update output 10B
01-09 10:58:37.583   480   480 D KeymasterHAL: TrustKernelKeymasterImplementation.cpp:213: Invoke cmdId 17 at vendor/mediatek/proprietary/trustzone/trustkernel/source/services/keymaster/TrustKernelKeymasterImplementation.cpp:1557
01-09 10:58:37.583   480   480 D KeymasterHAL: TrustKernelKeymasterImplementation.cpp:1563: Update output 0B
01-09 10:58:37.583   480   480 D KeymasterHAL: TrustKernelKeymasterImplementation.cpp:213: Invoke cmdId 18 at vendor/mediatek/proprietary/trustzone/trustkernel/source/services/keymaster/TrustKernelKeymasterImplementation.cpp:1663
01-09 10:58:37.594   480   480 D KeymasterHAL: TrustKernelKeymasterImplementation.cpp:213: Invoke cmdId 16 at vendor/mediatek/proprietary/trustzone/trustkernel/source/services/keymaster/TrustKernelKeymasterImplementation.cpp:1473
01-09 10:58:37.611   662   730 I libPowerHal: [perfLockAcq] idx:0 hdl:59243 hint:25 pid:662 duration:10000 => ret_hdl:59243
01-09 10:58:37.611   662   730 I libPowerHal: [PE] scn:0 hdl:59243 hint:25 comm:mtkpower@1.0-se pid:662
01-09 10:58:37.612   674  2489 I BufferQueueProducer: [Sprite#3](this:0xb400007b4c039a78,id:80,api:2,p:1494,c:674) queueBuffer: fps=0.23 dur=4379.79 max=4379.79 min=4379.79
01-09 10:58:37.615   662   730 I libPowerHal: [PE] MTKPOWER_HINT_APP_TOUCH update cmd:3408600 param:1
01-09 10:58:37.619 11553 11553 D BoundBrokerSvc: onBind: Intent { act=com.google.android.gms.inappreach.service.START dat=chimera-action: cmp=com.google.android.gms/.chimera.GmsApiService }
01-09 10:58:37.619 11553 11553 D BoundBrokerSvc: Loading bound service for intent: Intent { act=com.google.android.gms.inappreach.service.START dat=chimera-action: cmp=com.google.android.gms/.chimera.GmsApiService }
01-09 10:58:37.620 11693 11801 W ApkUtil : getPackageInfo NameNotFoundException
01-09 10:58:37.620   480   480 D KeymasterHAL: TrustKernelKeymasterImplementation.cpp:213: Invoke cmdId 17 at vendor/mediatek/proprietary/trustzone/trustkernel/source/services/keymaster/TrustKernelKeymasterImplementation.cpp:1557
01-09 10:58:37.621   480   480 D KeymasterHAL: TrustKernelKeymasterImplementation.cpp:1563: Update output 10B
01-09 10:58:37.622 11693 11801 W ApkUtil : getPackageInfo NameNotFoundException
01-09 10:58:37.623 11693 11801 W ApkUtil : getPackageInfo NameNotFoundException
01-09 10:58:37.623   480   480 D KeymasterHAL: TrustKernelKeymasterImplementation.cpp:213: Invoke cmdId 17 at vendor/mediatek/proprietary/trustzone/trustkernel/source/services/keymaster/TrustKernelKeymasterImplementation.cpp:1557
01-09 10:58:37.623   480   480 D KeymasterHAL: TrustKernelKeymasterImplementation.cpp:1563: Update output 0B
01-09 10:58:37.623   480   480 D KeymasterHAL: TrustKernelKeymasterImplementation.cpp:213: Invoke cmdId 18 at vendor/mediatek/proprietary/trustzone/trustkernel/source/services/keymaster/TrustKernelKeymasterImplementation.cpp:1663
01-09 10:58:37.626 11693 11801 I StmUt   : getPpsKitVerCode ex: NameNotFoundException
01-09 10:58:37.626 11693 11801 I AdvertisingIdClient: requestAdvertisingIdInfo via aidl
01-09 10:58:37.626  1494  3234 I InputDispatcher: setInputWindows displayId=0 Window{72c3db9 u0 ScreenDecorOverlayBottom} Window{5503650 u0 ScreenDecorOverlay} Window{8f367ce u0 NavigationBar0} Window{62b5ec4 u0 StatusBar} Window{a373ce2 u0 com.android.systemui} Window{e48866c u0 com.snapimals.app/crc64d4f0e04271951e45.MainActivity} Window{fd3b71a u0 com.android.systemui.ImageWallpaper}
01-09 10:58:37.630 11693 11801 W ApkUtil : getPackageInfo NameNotFoundException
01-09 10:58:37.631 11693 11801 I chatty  : uid=10189(ru.vk.store) pool-11-thread- identical 1 line
01-09 10:58:37.631 11693 11801 W ApkUtil : getPackageInfo NameNotFoundException
01-09 10:58:37.633   480   480 D KeymasterHAL: TrustKernelKeymasterImplementation.cpp:213: Invoke cmdId 16 at vendor/mediatek/proprietary/trustzone/trustkernel/source/services/keymaster/TrustKernelKeymasterImplementation.cpp:1473
01-09 10:58:37.636  1494  3234 I InputDispatcher: setInputWindows displayId=0 Window{72c3db9 u0 ScreenDecorOverlayBottom} Window{5503650 u0 ScreenDecorOverlay} Window{8f367ce u0 NavigationBar0} Window{62b5ec4 u0 StatusBar} Window{a373ce2 u0 com.android.systemui} Window{e48866c u0 com.snapimals.app/crc64d4f0e04271951e45.MainActivity} Window{fd3b71a u0 com.android.systemui.ImageWallpaper}
01-09 10:58:37.643   480   480 D KeymasterHAL: TrustKernelKeymasterImplementation.cpp:213: Invoke cmdId 17 at vendor/mediatek/proprietary/trustzone/trustkernel/source/services/keymaster/TrustKernelKeymasterImplementation.cpp:1557
01-09 10:58:37.643   480   480 D KeymasterHAL: TrustKernelKeymasterImplementation.cpp:1563: Update output 141B
01-09 10:58:37.644   480   480 D KeymasterHAL: TrustKernelKeymasterImplementation.cpp:213: Invoke cmdId 17 at vendor/mediatek/proprietary/trustzone/trustkernel/source/services/keymaster/TrustKernelKeymasterImplementation.cpp:1557
01-09 10:58:37.645   480   480 D KeymasterHAL: TrustKernelKeymasterImplementation.cpp:1563: Update output 0B
01-09 10:58:37.645   480   480 D KeymasterHAL: TrustKernelKeymasterImplementation.cpp:213: Invoke cmdId 18 at vendor/mediatek/proprietary/trustzone/trustkernel/source/services/keymaster/TrustKernelKeymasterImplementation.cpp:1663
01-09 10:58:37.656  1494  1872 D WifiNetworkFactory: got request NetworkRequest [ TRACK_DEFAULT id=40980, [ Capabilities: INTERNET&NOT_RESTRICTED&TRUSTED Uid: 10189 AdministratorUids: [] RequestorUid: 10189 RequestorPackageName: ru.vk.store] ] with score 101 and providerId -2
01-09 10:58:37.657  1494  1872 D UntrustedWifiNetworkFactory: got request NetworkRequest [ TRACK_DEFAULT id=40980, [ Capabilities: INTERNET&NOT_RESTRICTED&TRUSTED Uid: 10189 AdministratorUids: [] RequestorUid: 10189 RequestorPackageName: ru.vk.store] ] with score 101 and providerId -2
01-09 10:58:37.657  2258  2258 D PhoneSwitcherNetworkRequstListener: got request NetworkRequest [ TRACK_DEFAULT id=40980, [ Capabilities: INTERNET&NOT_RESTRICTED&TRUSTED Uid: 10189 AdministratorUids: [] RequestorUid: 10189 RequestorPackageName: ru.vk.store] ] with score 101 and providerId -2
01-09 10:58:37.658  1494  1944 D Ethernet: got request NetworkRequest [ TRACK_DEFAULT id=40980, [ Capabilities: INTERNET&NOT_RESTRICTED&TRUSTED Uid: 10189 AdministratorUids: [] RequestorUid: 10189 RequestorPackageName: ru.vk.store] ] with score 101 and providerId -2
01-09 10:58:37.659  1494  2333 D CompatibilityChangeReporter: Compat change id reported: 135634846; UID 10135; state: DISABLED
01-09 10:58:37.659  1494  2333 D CompatibilityChangeReporter: Compat change id reported: 135754954; UID 10135; state: ENABLED
