01-09 10:58:26.191  1494  3245 I InputDispatcher: setInputWindows displayId=0 Window{72c3db9 u0 ScreenDecorOverlayBottom} Window{5503650 u0 ScreenDecorOverlay} Window{8f367ce u0 NavigationBar0} Window{62b5ec4 u0 StatusBar} Window{a373ce2 u0 com.android.systemui} Window{e48866c u0 com.snapimals.app/crc64d4f0e04271951e45.MainActivity} Window{fd3b71a u0 com.android.systemui.ImageWallpaper}
01-09 10:58:26.212  1494  3245 I chatty  : uid=1000(system) Binder:1494_C identical 2 lines
01-09 10:58:26.224  1494  3245 I InputDispatcher: setInputWindows displayId=0 Window{72c3db9 u0 ScreenDecorOverlayBottom} Window{5503650 u0 ScreenDecorOverlay} Window{8f367ce u0 NavigationBar0} Window{62b5ec4 u0 StatusBar} Window{a373ce2 u0 com.android.systemui} Window{e48866c u0 com.snapimals.app/crc64d4f0e04271951e45.MainActivity} Window{fd3b71a u0 com.android.systemui.ImageWallpaper}
01-09 10:58:26.234  1494  9915 I InputDispatcher: setInputWindows displayId=0 Window{72c3db9 u0 ScreenDecorOverlayBottom} Window{5503650 u0 ScreenDecorOverlay} Window{8f367ce u0 NavigationBar0} Window{62b5ec4 u0 StatusBar} Window{a373ce2 u0 com.android.systemui} Window{e48866c u0 com.snapimals.app/crc64d4f0e04271951e45.MainActivity} Window{fd3b71a u0 com.android.systemui.ImageWallpaper}
01-09 10:58:26.300  1494  9915 I chatty  : uid=1000(system) Binder:1494_1C identical 6 lines
01-09 10:58:26.311  1494  9915 I InputDispatcher: setInputWindows displayId=0 Window{72c3db9 u0 ScreenDecorOverlayBottom} Window{5503650 u0 ScreenDecorOverlay} Window{8f367ce u0 NavigationBar0} Window{62b5ec4 u0 StatusBar} Window{a373ce2 u0 com.android.systemui} Window{e48866c u0 com.snapimals.app/crc64d4f0e04271951e45.MainActivity} Window{fd3b71a u0 com.android.systemui.ImageWallpaper}
01-09 10:58:26.321  1494  3245 I InputDispatcher: setInputWindows displayId=0 Window{72c3db9 u0 ScreenDecorOverlayBottom} Window{5503650 u0 ScreenDecorOverlay} Window{8f367ce u0 NavigationBar0} Window{62b5ec4 u0 StatusBar} Window{a373ce2 u0 com.android.systemui} Window{e48866c u0 com.snapimals.app/crc64d4f0e04271951e45.MainActivity} Window{fd3b71a u0 com.android.systemui.ImageWallpaper}
01-09 10:58:26.332  1494  9915 I InputDispatcher: setInputWindows displayId=0 Window{72c3db9 u0 ScreenDecorOverlayBottom} Window{5503650 u0 ScreenDecorOverlay} Window{8f367ce u0 NavigationBar0} Window{62b5ec4 u0 StatusBar} Window{a373ce2 u0 com.android.systemui} Window{e48866c u0 com.snapimals.app/crc64d4f0e04271951e45.MainActivity} Window{fd3b71a u0 com.android.systemui.ImageWallpaper}
01-09 10:58:26.365  1494  9915 I chatty  : uid=1000(system) Binder:1494_1C identical 3 lines
01-09 10:58:26.377  1494  9915 I InputDispatcher: setInputWindows displayId=0 Window{72c3db9 u0 ScreenDecorOverlayBottom} Window{5503650 u0 ScreenDecorOverlay} Window{8f367ce u0 NavigationBar0} Window{62b5ec4 u0 StatusBar} Window{a373ce2 u0 com.android.systemui} Window{e48866c u0 com.snapimals.app/crc64d4f0e04271951e45.MainActivity} Window{fd3b71a u0 com.android.systemui.ImageWallpaper}
01-09 10:58:26.378   653   738 I hwcomposer: [HWCDisplay] [Display_0 (type:1)] fps:43.798180,dur:1004.61,max:102.58,min:8.13
01-09 10:58:26.387  1494  9915 I InputDispatcher: setInputWindows displayId=0 Window{72c3db9 u0 ScreenDecorOverlayBottom} Window{5503650 u0 ScreenDecorOverlay} Window{8f367ce u0 NavigationBar0} Window{62b5ec4 u0 StatusBar} Window{a373ce2 u0 com.android.systemui} Window{e48866c u0 com.snapimals.app/crc64d4f0e04271951e45.MainActivity} Window{fd3b71a u0 com.android.systemui.ImageWallpaper}
01-09 10:58:26.409  1494  9915 I chatty  : uid=1000(system) Binder:1494_1C identical 2 lines
01-09 10:58:26.420  1494  9915 I InputDispatcher: setInputWindows displayId=0 Window{72c3db9 u0 ScreenDecorOverlayBottom} Window{5503650 u0 ScreenDecorOverlay} Window{8f367ce u0 NavigationBar0} Window{62b5ec4 u0 StatusBar} Window{a373ce2 u0 com.android.systemui} Window{e48866c u0 com.snapimals.app/crc64d4f0e04271951e45.MainActivity} Window{fd3b71a u0 com.android.systemui.ImageWallpaper}
01-09 10:58:26.430  1494  3245 I InputDispatcher: setInputWindows displayId=0 Window{72c3db9 u0 ScreenDecorOverlayBottom} Window{5503650 u0 ScreenDecorOverlay} Window{8f367ce u0 NavigationBar0} Window{62b5ec4 u0 StatusBar} Window{a373ce2 u0 com.android.systemui} Window{e48866c u0 com.snapimals.app/crc64d4f0e04271951e45.MainActivity} Window{fd3b71a u0 com.android.systemui.ImageWallpaper}
01-09 10:58:26.441  1494  3245 I chatty  : uid=1000(system) Binder:1494_C identical 1 line
01-09 10:58:26.452  1494  3245 I InputDispatcher: setInputWindows displayId=0 Window{72c3db9 u0 ScreenDecorOverlayBottom} Window{5503650 u0 ScreenDecorOverlay} Window{8f367ce u0 NavigationBar0} Window{62b5ec4 u0 StatusBar} Window{a373ce2 u0 com.android.systemui} Window{e48866c u0 com.snapimals.app/crc64d4f0e04271951e45.MainActivity} Window{fd3b71a u0 com.android.systemui.ImageWallpaper}
01-09 10:58:26.455   662   730 I libPowerHal: [perfLockRel] hdl:59240, idx:0
01-09 10:58:26.455   662   730 I libPowerHal: [PD] scn:0 hdl:59240 hint:25 comm:mtkpower@1.0-se pid:662
01-09 10:58:26.455   662   730 I libPowerHal: [PD] MTKPOWER_HINT_APP_TOUCH update cmd:3408600 param:0
01-09 10:58:26.467  8588  8588 W ThreadPoolForeg: type=1400 audit(0.0:4218617): avc: denied { write } for name="traced_producer" dev="tmpfs" ino=13604 scontext=u:r:gmscore_app:s0:c512,c768 tcontext=u:object_r:traced_producer_socket:s0 tclass=sock_file permissive=0 app=com.google.android.gms
01-09 10:58:26.474  1494  3245 I InputDispatcher: setInputWindows displayId=0 Window{72c3db9 u0 ScreenDecorOverlayBottom} Window{5503650 u0 ScreenDecorOverlay} Window{8f367ce u0 NavigationBar0} Window{62b5ec4 u0 StatusBar} Window{a373ce2 u0 com.android.systemui} Window{e48866c u0 com.snapimals.app/crc64d4f0e04271951e45.MainActivity} Window{fd3b71a u0 com.android.systemui.ImageWallpaper}
01-09 10:58:26.573  1494  3245 I chatty  : uid=1000(system) Binder:1494_C identical 9 lines
01-09 10:58:26.584  1494  3245 I InputDispatcher: setInputWindows displayId=0 Window{72c3db9 u0 ScreenDecorOverlayBottom} Window{5503650 u0 ScreenDecorOverlay} Window{8f367ce u0 NavigationBar0} Window{62b5ec4 u0 StatusBar} Window{a373ce2 u0 com.android.systemui} Window{e48866c u0 com.snapimals.app/crc64d4f0e04271951e45.MainActivity} Window{fd3b71a u0 com.android.systemui.ImageWallpaper}
01-09 10:58:26.594  1494  9915 I InputDispatcher: setInputWindows displayId=0 Window{72c3db9 u0 ScreenDecorOverlayBottom} Window{5503650 u0 ScreenDecorOverlay} Window{8f367ce u0 NavigationBar0} Window{62b5ec4 u0 StatusBar} Window{a373ce2 u0 com.android.systemui} Window{e48866c u0 com.snapimals.app/crc64d4f0e04271951e45.MainActivity} Window{fd3b71a u0 com.android.systemui.ImageWallpaper}
01-09 10:58:26.671  1494  9915 I chatty  : uid=1000(system) Binder:1494_1C identical 7 lines
01-09 10:58:26.682  1494  9915 I InputDispatcher: setInputWindows displayId=0 Window{72c3db9 u0 ScreenDecorOverlayBottom} Window{5503650 u0 ScreenDecorOverlay} Window{8f367ce u0 NavigationBar0} Window{62b5ec4 u0 StatusBar} Window{a373ce2 u0 com.android.systemui} Window{e48866c u0 com.snapimals.app/crc64d4f0e04271951e45.MainActivity} Window{fd3b71a u0 com.android.systemui.ImageWallpaper}
01-09 10:58:26.736   653   797 I hwcomposer: [DPY] receive refesh frquest from driver: type[4]
01-09 10:58:26.736   653   797 I hwcomposer: [HWC] fire a callback of refresh to SF
01-09 10:58:26.755   674   674 I BufferQueueProducer: [FramebufferSurface](this:0xb400007b3bb4e710,id:-1,api:1,p:674,c:674) queueBuffer: fps=1.53 dur=1310.42 max=685.28 min=625.14
01-09 10:58:26.910 24013 24013 V StatusBarNetShowView: applySpeed 10.5
01-09 10:58:26.910 24013 24013 V StatusBarNetShowView: K/s
01-09 10:58:26.910 24013 24013 I chatty  : uid=10170(com.android.systemui) identical 3 lines
01-09 10:58:26.910 24013 24013 V StatusBarNetShowView: applySpeed 10.5
01-09 10:58:26.910 24013 24013 V StatusBarNetShowView: K/s
01-09 10:58:26.930 24013 24013 D StatusBar: updateBlurView state: 0
01-09 10:58:26.930 24013 24013 D StatusBar: updateBlurView gone
01-09 10:58:26.932   674   903 I BufferQueueProducer: [StatusBar#0](this:0xb400007b4c0da478,id:7971,api:1,p:24013,c:674) queueBuffer: fps=1.27 dur=1568.91 max=1157.13 min=411.78
01-09 10:58:27.004   653   797 I hwcomposer: [DPY] receive refesh frquest from driver: type[4]
01-09 10:58:27.005   653   797 I hwcomposer: [HWC] fire a callback of refresh to SF
01-09 10:58:27.017   653   802 E hwcomposer: [DRMDEV] failed to drmWaitVBlank with dpy_0: -1
01-09 10:58:27.017   653   802 W hwcomposer: (0) failed to waitNextVsync: -1
01-09 10:58:27.883 24013 24013 D InterruptionStateProvider: No bubble up: not allowed to bubble: 0|app.hiddify.com|1|null|10195
01-09 10:58:27.885 24013 24013 D InterruptionStateProvider: No heads up: unimportant notification: 0|app.hiddify.com|1|null|10195
01-09 10:58:27.899 24013 24013 D StatusBar: updateBlurView state: 0
01-09 10:58:27.899 24013 24013 D StatusBar: updateBlurView gone
01-09 10:58:27.926 24013 24013 D StatusBar: updateBlurView state: 0
01-09 10:58:27.926 24013 24013 D StatusBar: updateBlurView gone
01-09 10:58:27.969 24013 24013 D StatusBar: updateBlurView state: 0
01-09 10:58:27.969 24013 24013 D StatusBar: updateBlurView gone
01-09 10:58:28.104   662   730 I mtkpower@impl: [powerd_req] TIMER_MSG_PERF_LOCK_TIMEOUT hdl:59232
01-09 10:58:28.104   662   730 I libPowerHal: [perfLockRel] hdl:59232, idx:5
01-09 10:58:28.104   662   730 I libPowerHal: [PD] scn:5 hdl:59232 hint:30 comm:mtkpower@1.0-se pid:662
01-09 10:58:28.108   662   730 I libPowerHal: [PD] MTKPOWER_HINT_EXT_LAUNCH update cmd:1000000, param:-1
01-09 10:58:28.108   662   730 I libPowerHal: [PD] MTKPOWER_HINT_EXT_LAUNCH update cmd:2020000 param:0
01-09 10:58:28.109   662   730 I libPowerHal: [PD] MTKPOWER_HINT_EXT_LAUNCH update cmd:1408300 param:0
01-09 10:58:28.110   662   730 I libPowerHal: [PD] MTKPOWER_HINT_EXT_LAUNCH update cmd:1000000 param:-1
01-09 10:58:28.347  1494  1872 E WifiVendorHal: getWifiLinkLayerStats_1_3_Internal(l.973) failed {.code = ERROR_NOT_SUPPORTED, .description = }
01-09 10:58:28.376 24013 24013 D StatusBar: updateBlurView state: 0
01-09 10:58:28.376 24013 24013 D StatusBar: updateBlurView gone
01-09 10:58:28.380   674   903 I BufferQueueProducer: [StatusBar#0](this:0xb400007b4c0da478,id:7971,api:1,p:24013,c:674) queueBuffer: fps=0.69 dur=1448.16 max=1448.16 min=1448.16
01-09 10:58:28.388   653   738 I hwcomposer: [HWCDisplay] [Display_0 (type:1)] fps:15.429369,dur:2009.16,max:1372.04,min:9.71
01-09 10:58:28.448   653   797 I hwcomposer: [DPY] receive refesh frquest from driver: type[4]
01-09 10:58:28.449   653   797 I hwcomposer: [HWC] fire a callback of refresh to SF
01-09 10:58:28.462   674   674 I BufferQueueProducer: [FramebufferSurface](this:0xb400007b3bb4e710,id:-1,api:1,p:674,c:674) queueBuffer: fps=1.17 dur=1706.46 max=1446.53 min=259.93
01-09 10:58:28.464   653   802 E hwcomposer: [DRMDEV] failed to drmWaitVBlank with dpy_0: -1
01-09 10:58:28.464   653   802 W hwcomposer: (0) failed to waitNextVsync: -1
01-09 10:58:28.499   674   903 I BufferQueueProducer: [com.snapimals.app/crc64d4f0e04271951e45.MainActivity#0](this:0xb400007b4c1026f8,id:10754,api:1,p:11403,c:674) queueBuffer: fps=10.10 dur=2970.39 max=2098.22 min=8.66
01-09 10:58:28.943  1037  1149 D ULogGuard: Monitoring: 16 threads, 0 requests, 0 time-bombs; 34 guards. ResetFlags = 0x7
01-09 10:58:29.032   653   797 I hwcomposer: [DPY] receive refesh frquest from driver: type[4]
01-09 10:58:29.033   653   797 I hwcomposer: [HWC] fire a callback of refresh to SF
01-09 10:58:29.155   662   730 I libPowerHal: [perfLockAcq] idx:0 hdl:59241 hint:25 pid:662 duration:10000 => ret_hdl:59241
01-09 10:58:29.155   662   730 I libPowerHal: [PE] scn:0 hdl:59241 hint:25 comm:mtkpower@1.0-se pid:662
01-09 10:58:29.155   662   730 I libPowerHal: [PE] MTKPOWER_HINT_APP_TOUCH update cmd:3408600 param:1
01-09 10:58:29.156   674  2489 I BufferQueueProducer: [Sprite#3](this:0xb400007b4c039a78,id:80,api:2,p:1494,c:674) queueBuffer: fps=0.33 dur=3032.51 max=3032.51 min=3032.51
01-09 10:58:29.158  1494  9915 I InputDispatcher: setInputWindows displayId=0 Window{72c3db9 u0 ScreenDecorOverlayBottom} Window{5503650 u0 ScreenDecorOverlay} Window{8f367ce u0 NavigationBar0} Window{62b5ec4 u0 StatusBar} Window{a373ce2 u0 com.android.systemui} Window{e48866c u0 com.snapimals.app/crc64d4f0e04271951e45.MainActivity} Window{fd3b71a u0 com.android.systemui.ImageWallpaper}
01-09 10:58:29.181  1494  9915 I chatty  : uid=1000(system) Binder:1494_1C identical 2 lines
01-09 10:58:29.192  1494  9915 I InputDispatcher: setInputWindows displayId=0 Window{72c3db9 u0 ScreenDecorOverlayBottom} Window{5503650 u0 ScreenDecorOverlay} Window{8f367ce u0 NavigationBar0} Window{62b5ec4 u0 StatusBar} Window{a373ce2 u0 com.android.systemui} Window{e48866c u0 com.snapimals.app/crc64d4f0e04271951e45.MainActivity} Window{fd3b71a u0 com.android.systemui.ImageWallpaper}
01-09 10:58:29.203  1494  3245 I InputDispatcher: setInputWindows displayId=0 Window{72c3db9 u0 ScreenDecorOverlayBottom} Window{5503650 u0 ScreenDecorOverlay} Window{8f367ce u0 NavigationBar0} Window{62b5ec4 u0 StatusBar} Window{a373ce2 u0 com.android.systemui} Window{e48866c u0 com.snapimals.app/crc64d4f0e04271951e45.MainActivity} Window{fd3b71a u0 com.android.systemui.ImageWallpaper}
01-09 10:58:29.214  1494  9915 I InputDispatcher: setInputWindows displayId=0 Window{72c3db9 u0 ScreenDecorOverlayBottom} Window{5503650 u0 ScreenDecorOverlay} Window{8f367ce u0 NavigationBar0} Window{62b5ec4 u0 StatusBar} Window{a373ce2 u0 com.android.systemui} Window{e48866c u0 com.snapimals.app/crc64d4f0e04271951e45.MainActivity} Window{fd3b71a u0 com.android.systemui.ImageWallpaper}
01-09 10:58:29.225  1494  9915 I InputDispatcher: setInputWindows displayId=0 Window{72c3db9 u0 ScreenDecorOverlayBottom} Window{5503650 u0 ScreenDecorOverlay} Window{8f367ce u0 NavigationBar0} Window{62b5ec4 u0 StatusBar} Window{a373ce2 u0 com.android.systemui} Window{e48866c u0 com.snapimals.app/crc64d4f0e04271951e45.MainActivity} Window{fd3b71a u0 com.android.systemui.ImageWallpaper}
01-09 10:58:29.236  1494  3245 I InputDispatcher: setInputWindows displayId=0 Window{72c3db9 u0 ScreenDecorOverlayBottom} Window{5503650 u0 ScreenDecorOverlay} Window{8f367ce u0 NavigationBar0} Window{62b5ec4 u0 StatusBar} Window{a373ce2 u0 com.android.systemui} Window{e48866c u0 com.snapimals.app/crc64d4f0e04271951e45.MainActivity} Window{fd3b71a u0 com.android.systemui.ImageWallpaper}
01-09 10:58:29.247  1494  9915 I InputDispatcher: setInputWindows displayId=0 Window{72c3db9 u0 ScreenDecorOverlayBottom} Window{5503650 u0 ScreenDecorOverlay} Window{8f367ce u0 NavigationBar0} Window{62b5ec4 u0 StatusBar} Window{a373ce2 u0 com.android.systemui} Window{e48866c u0 com.snapimals.app/crc64d4f0e04271951e45.MainActivity} Window{fd3b71a u0 com.android.systemui.ImageWallpaper}
01-09 10:58:29.258  1494  9915 I chatty  : uid=1000(system) Binder:1494_1C identical 1 line
01-09 10:58:29.269  1494  9915 I InputDispatcher: setInputWindows displayId=0 Window{72c3db9 u0 ScreenDecorOverlayBottom} Window{5503650 u0 ScreenDecorOverlay} Window{8f367ce u0 NavigationBar0} Window{62b5ec4 u0 StatusBar} Window{a373ce2 u0 com.android.systemui} Window{e48866c u0 com.snapimals.app/crc64d4f0e04271951e45.MainActivity} Window{fd3b71a u0 com.android.systemui.ImageWallpaper}
01-09 10:58:29.280  1494  3245 I InputDispatcher: setInputWindows displayId=0 Window{72c3db9 u0 ScreenDecorOverlayBottom} Window{5503650 u0 ScreenDecorOverlay} Window{8f367ce u0 NavigationBar0} Window{62b5ec4 u0 StatusBar} Window{a373ce2 u0 com.android.systemui} Window{e48866c u0 com.snapimals.app/crc64d4f0e04271951e45.MainActivity} Window{fd3b71a u0 com.android.systemui.ImageWallpaper}
01-09 10:58:29.290  1494  9915 I InputDispatcher: setInputWindows displayId=0 Window{72c3db9 u0 ScreenDecorOverlayBottom} Window{5503650 u0 ScreenDecorOverlay} Window{8f367ce u0 NavigationBar0} Window{62b5ec4 u0 StatusBar} Window{a373ce2 u0 com.android.systemui} Window{e48866c u0 com.snapimals.app/crc64d4f0e04271951e45.MainActivity} Window{fd3b71a u0 com.android.systemui.ImageWallpaper}
01-09 10:58:29.300  1494  3245 I InputDispatcher: setInputWindows displayId=0 Window{72c3db9 u0 ScreenDecorOverlayBottom} Window{5503650 u0 ScreenDecorOverlay} Window{8f367ce u0 NavigationBar0} Window{62b5ec4 u0 StatusBar} Window{a373ce2 u0 com.android.systemui} Window{e48866c u0 com.snapimals.app/crc64d4f0e04271951e45.MainActivity} Window{fd3b71a u0 com.android.systemui.ImageWallpaper}
01-09 10:58:29.313  1494  3245 I InputDispatcher: setInputWindows displayId=0 Window{72c3db9 u0 ScreenDecorOverlayBottom} Window{5503650 u0 ScreenDecorOverlay} Window{8f367ce u0 NavigationBar0} Window{62b5ec4 u0 StatusBar} Window{a373ce2 u0 com.android.systemui} Window{e48866c u0 com.snapimals.app/crc64d4f0e04271951e45.MainActivity} Window{fd3b71a u0 com.android.systemui.ImageWallpaper}
01-09 10:58:29.323  1494  9915 I InputDispatcher: setInputWindows displayId=0 Window{72c3db9 u0 ScreenDecorOverlayBottom} Window{5503650 u0 ScreenDecorOverlay} Window{8f367ce u0 NavigationBar0} Window{62b5ec4 u0 StatusBar} Window{a373ce2 u0 com.android.systemui} Window{e48866c u0 com.snapimals.app/crc64d4f0e04271951e45.MainActivity} Window{fd3b71a u0 com.android.systemui.ImageWallpaper}
01-09 10:58:29.334  1494  9915 I InputDispatcher: setInputWindows displayId=0 Window{72c3db9 u0 ScreenDecorOverlayBottom} Window{5503650 u0 ScreenDecorOverlay} Window{8f367ce u0 NavigationBar0} Window{62b5ec4 u0 StatusBar} Window{a373ce2 u0 com.android.systemui} Window{e48866c u0 com.snapimals.app/crc64d4f0e04271951e45.MainActivity} Window{fd3b71a u0 com.android.systemui.ImageWallpaper}
01-09 10:58:29.345  1494  4337 I InputDispatcher: setInputWindows displayId=0 Window{72c3db9 u0 ScreenDecorOverlayBottom} Window{5503650 u0 ScreenDecorOverlay} Window{8f367ce u0 NavigationBar0} Window{62b5ec4 u0 StatusBar} Window{a373ce2 u0 com.android.systemui} Window{e48866c u0 com.snapimals.app/crc64d4f0e04271951e45.MainActivity} Window{fd3b71a u0 com.android.systemui.ImageWallpaper}
01-09 10:58:29.356  1494  4337 I InputDispatcher: setInputWindows displayId=0 Window{72c3db9 u0 ScreenDecorOverlayBottom} Window{5503650 u0 ScreenDecorOverlay} Window{8f367ce u0 NavigationBar0} Window{62b5ec4 u0 StatusBar} Window{a373ce2 u0 com.android.systemui} Window{e48866c u0 com.snapimals.app/crc64d4f0e04271951e45.MainActivity} Window{fd3b71a u0 com.android.systemui.ImageWallpaper}
01-09 10:58:29.366  1494  9915 I InputDispatcher: setInputWindows displayId=0 Window{72c3db9 u0 ScreenDecorOverlayBottom} Window{5503650 u0 ScreenDecorOverlay} Window{8f367ce u0 NavigationBar0} Window{62b5ec4 u0 StatusBar} Window{a373ce2 u0 com.android.systemui} Window{e48866c u0 com.snapimals.app/crc64d4f0e04271951e45.MainActivity} Window{fd3b71a u0 com.android.systemui.ImageWallpaper}
01-09 10:58:29.378  1494  9915 I InputDispatcher: setInputWindows displayId=0 Window{72c3db9 u0 ScreenDecorOverlayBottom} Window{5503650 u0 ScreenDecorOverlay} Window{8f367ce u0 NavigationBar0} Window{62b5ec4 u0 StatusBar} Window{a373ce2 u0 com.android.systemui} Window{e48866c u0 com.snapimals.app/crc64d4f0e04271951e45.MainActivity} Window{fd3b71a u0 com.android.systemui.ImageWallpaper}
01-09 10:58:29.388  1494  4337 I InputDispatcher: setInputWindows displayId=0 Window{72c3db9 u0 ScreenDecorOverlayBottom} Window{5503650 u0 ScreenDecorOverlay} Window{8f367ce u0 NavigationBar0} Window{62b5ec4 u0 StatusBar} Window{a373ce2 u0 com.android.systemui} Window{e48866c u0 com.snapimals.app/crc64d4f0e04271951e45.MainActivity} Window{fd3b71a u0 com.android.systemui.ImageWallpaper}
01-09 10:58:29.391   653   738 I hwcomposer: [HWCDisplay] [Display_0 (type:1)] fps:43.847557,dur:1003.48,max:112.13,min:9.19
01-09 10:58:29.399  1494  4337 I InputDispatcher: setInputWindows displayId=0 Window{72c3db9 u0 ScreenDecorOverlayBottom} Window{5503650 u0 ScreenDecorOverlay} Window{8f367ce u0 NavigationBar0} Window{62b5ec4 u0 StatusBar} Window{a373ce2 u0 com.android.systemui} Window{e48866c u0 com.snapimals.app/crc64d4f0e04271951e45.MainActivity} Window{fd3b71a u0 com.android.systemui.ImageWallpaper}
01-09 10:58:29.432  1494  4337 I chatty  : uid=1000(system) Binder:1494_14 identical 3 lines
01-09 10:58:29.443  1494  4337 I InputDispatcher: setInputWindows displayId=0 Window{72c3db9 u0 ScreenDecorOverlayBottom} Window{5503650 u0 ScreenDecorOverlay} Window{8f367ce u0 NavigationBar0} Window{62b5ec4 u0 StatusBar} Window{a373ce2 u0 com.android.systemui} Window{e48866c u0 com.snapimals.app/crc64d4f0e04271951e45.MainActivity} Window{fd3b71a u0 com.android.systemui.ImageWallpaper}
01-09 10:58:29.454  1494  9915 I InputDispatcher: setInputWindows displayId=0 Window{72c3db9 u0 ScreenDecorOverlayBottom} Window{5503650 u0 ScreenDecorOverlay} Window{8f367ce u0 NavigationBar0} Window{62b5ec4 u0 StatusBar} Window{a373ce2 u0 com.android.systemui} Window{e48866c u0 com.snapimals.app/crc64d4f0e04271951e45.MainActivity} Window{fd3b71a u0 com.android.systemui.ImageWallpaper}
01-09 10:58:29.464  1494  4337 I InputDispatcher: setInputWindows displayId=0 Window{72c3db9 u0 ScreenDecorOverlayBottom} Window{5503650 u0 ScreenDecorOverlay} Window{8f367ce u0 NavigationBar0} Window{62b5ec4 u0 StatusBar} Window{a373ce2 u0 com.android.systemui} Window{e48866c u0 com.snapimals.app/crc64d4f0e04271951e45.MainActivity} Window{fd3b71a u0 com.android.systemui.ImageWallpaper}
01-09 10:58:29.476  1494  4337 I InputDispatcher: setInputWindows displayId=0 Window{72c3db9 u0 ScreenDecorOverlayBottom} Window{5503650 u0 ScreenDecorOverlay} Window{8f367ce u0 NavigationBar0} Window{62b5ec4 u0 StatusBar} Window{a373ce2 u0 com.android.systemui} Window{e48866c u0 com.snapimals.app/crc64d4f0e04271951e45.MainActivity} Window{fd3b71a u0 com.android.systemui.ImageWallpaper}
01-09 10:58:29.486  1494  9915 I InputDispatcher: setInputWindows displayId=0 Window{72c3db9 u0 ScreenDecorOverlayBottom} Window{5503650 u0 ScreenDecorOverlay} Window{8f367ce u0 NavigationBar0} Window{62b5ec4 u0 StatusBar} Window{a373ce2 u0 com.android.systemui} Window{e48866c u0 com.snapimals.app/crc64d4f0e04271951e45.MainActivity} Window{fd3b71a u0 com.android.systemui.ImageWallpaper}
01-09 10:58:29.494   662   730 I libPowerHal: [perfLockRel] hdl:59241, idx:0
01-09 10:58:29.494   662   730 I libPowerHal: [PD] scn:0 hdl:59241 hint:25 comm:mtkpower@1.0-se pid:662
01-09 10:58:29.495   662   730 I libPowerHal: [PD] MTKPOWER_HINT_APP_TOUCH update cmd:3408600 param:0
01-09 10:58:29.497  1494  9915 I InputDispatcher: setInputWindows displayId=0 Window{72c3db9 u0 ScreenDecorOverlayBottom} Window{5503650 u0 ScreenDecorOverlay} Window{8f367ce u0 NavigationBar0} Window{62b5ec4 u0 StatusBar} Window{a373ce2 u0 com.android.systemui} Window{e48866c u0 com.snapimals.app/crc64d4f0e04271951e45.MainActivity} Window{fd3b71a u0 com.android.systemui.ImageWallpaper}
01-09 10:58:29.508  1494  4337 I InputDispatcher: setInputWindows displayId=0 Window{72c3db9 u0 ScreenDecorOverlayBottom} Window{5503650 u0 ScreenDecorOverlay} Window{8f367ce u0 NavigationBar0} Window{62b5ec4 u0 StatusBar} Window{a373ce2 u0 com.android.systemui} Window{e48866c u0 com.snapimals.app/crc64d4f0e04271951e45.MainActivity} Window{fd3b71a u0 com.android.systemui.ImageWallpaper}
01-09 10:58:29.519  1494  9915 I InputDispatcher: setInputWindows displayId=0 Window{72c3db9 u0 ScreenDecorOverlayBottom} Window{5503650 u0 ScreenDecorOverlay} Window{8f367ce u0 NavigationBar0} Window{62b5ec4 u0 StatusBar} Window{a373ce2 u0 com.android.systemui} Window{e48866c u0 com.snapimals.app/crc64d4f0e04271951e45.MainActivity} Window{fd3b71a u0 com.android.systemui.ImageWallpaper}
01-09 10:58:29.529  1494  3245 I InputDispatcher: setInputWindows displayId=0 Window{72c3db9 u0 ScreenDecorOverlayBottom} Window{5503650 u0 ScreenDecorOverlay} Window{8f367ce u0 NavigationBar0} Window{62b5ec4 u0 StatusBar} Window{a373ce2 u0 com.android.systemui} Window{e48866c u0 com.snapimals.app/crc64d4f0e04271951e45.MainActivity} Window{fd3b71a u0 com.android.systemui.ImageWallpaper}
01-09 10:58:29.704  1494  3245 I chatty  : uid=1000(system) Binder:1494_C identical 16 lines
01-09 10:58:29.715  1494  3245 I InputDispatcher: setInputWindows displayId=0 Window{72c3db9 u0 ScreenDecorOverlayBottom} Window{5503650 u0 ScreenDecorOverlay} Window{8f367ce u0 NavigationBar0} Window{62b5ec4 u0 StatusBar} Window{a373ce2 u0 com.android.systemui} Window{e48866c u0 com.snapimals.app/crc64d4f0e04271951e45.MainActivity} Window{fd3b71a u0 com.android.systemui.ImageWallpaper}
01-09 10:58:29.776   653   797 I hwcomposer: [DPY] receive refesh frquest from driver: type[4]
01-09 10:58:29.776   653   797 I hwcomposer: [HWC] fire a callback of refresh to SF
01-09 10:58:29.787   674   674 I BufferQueueProducer: [FramebufferSurface](this:0xb400007b3bb4e710,id:-1,api:1,p:674,c:674) queueBuffer: fps=1.51 dur=1324.97 max=739.54 min=585.43
01-09 10:58:29.897 24013 24013 D InterruptionStateProvider: No bubble up: not allowed to bubble: 0|app.hiddify.com|1|null|10195
01-09 10:58:29.898 24013 24013 D InterruptionStateProvider: No heads up: unimportant notification: 0|app.hiddify.com|1|null|10195
01-09 10:58:29.923 24013 24013 D StatusBar: updateBlurView state: 0
01-09 10:58:29.923 24013 24013 D StatusBar: updateBlurView gone
01-09 10:58:29.926 24013 24013 V StatusBarNetShowView: applySpeed 0.91
01-09 10:58:29.926 24013 24013 V StatusBarNetShowView: K/s
01-09 10:58:29.927 24013 24013 I chatty  : uid=10170(com.android.systemui) identical 3 lines
01-09 10:58:29.927 24013 24013 V StatusBarNetShowView: applySpeed 0.91
01-09 10:58:29.927 24013 24013 V StatusBarNetShowView: K/s
01-09 10:58:29.959   674  2489 I BufferQueueProducer: [StatusBar#0](this:0xb400007b4c0da478,id:7971,api:1,p:24013,c:674) queueBuffer: fps=0.63 dur=1578.10 max=1578.10 min=1578.10
01-09 10:58:29.960 24013 24013 D StatusBar: updateBlurView state: 0
01-09 10:58:29.960 24013 24013 D StatusBar: updateBlurView gone
01-09 10:58:30.028   653   797 I hwcomposer: [DPY] receive refesh frquest from driver: type[4]
01-09 10:58:30.028   653   797 I hwcomposer: [HWC] fire a callback of refresh to SF
01-09 10:58:30.147 24013 24013 D StatusBar: updateBlurView state: 0
01-09 10:58:30.147 24013 24013 D StatusBar: updateBlurView gone
01-09 10:58:30.254 24013 24013 D StatusBar: updateBlurView state: 0
01-09 10:58:30.254 24013 24013 D StatusBar: updateBlurView gone
01-09 10:58:30.735   689   716 D ccci_mdinit: (1):monitor_time_update_thread round:242748 ########
01-09 10:58:30.839   437   437 I lowmemorykiller: Kill 'com.google.android.webview:sandboxed_process0:org.chromium.content.app.SandboxedProcessService0:1' (11111), uid 99743, oom_adj 965 to free 14684kB; reason: low watermark is breached and swap is low (464052kB < 477004kB)
01-09 10:58:30.858   437   437 I lowmemorykiller: Kill 'com.google.process.gapps' (11311), uid 10136, oom_adj 945 to free 10556kB; reason: low watermark is breached and swap is low (462660kB < 477004kB)
01-09 10:58:30.878   437   437 E libprocessgroup: set_timerslack_ns write failed: No such process
01-09 10:58:30.879   437   437 I lowmemorykiller: Kill 'com.google.android.projection.gearhead:car' (11265), uid 10130, oom_adj 945 to free 21556kB; reason: low watermark is breached and swap is low (454936kB < 477004kB)
01-09 10:58:30.908   437   437 I lowmemorykiller: Kill 'com.google.android.apps.maps' (11208), uid 10160, oom_adj 935 to free 40788kB; reason: low watermark is breached and swap is low (457120kB < 477004kB)
01-09 10:58:30.916   637   637 I Zygote  : Process 11265 exited due to signal 9 (Killed)
01-09 10:58:30.917   637 11404 I Zygote  : Process 11311 exited due to signal 9 (Killed)
01-09 10:58:30.917 31775 31775 I Zygote  : Process 11111 exited due to signal 9 (Killed)
01-09 10:58:30.935  1494  4337 V ActivityManager: Death received in com.android.server.am.ActivityManagerService$AppDeathRecipient@e554b9 for thread android.os.BinderProxy@18ba0fe
01-09 10:58:30.935  1494  9112 V ActivityManager: Death received in com.android.server.am.ActivityManagerService$AppDeathRecipient@1040819 for thread android.os.BinderProxy@58540de
01-09 10:58:30.935  1494  3245 V ActivityManager: Death received in com.android.server.am.ActivityManagerService$AppDeathRecipient@5e3f803 for thread android.os.BinderProxy@cf3b380
01-09 10:58:30.943   637   637 I Zygote  : Process 11208 exited due to signal 9 (Killed)
01-09 10:58:30.943   437   437 I lowmemorykiller: Kill 'com.google.process.gservices' (8923), uid 10136, oom_adj 925 to free 7664kB; reason: low watermark is breached and swap is low (464656kB < 477004kB)
01-09 10:58:30.945  1494  7454 V ActivityManager: Death received in com.android.server.am.ActivityManagerService$AppDeathRecipient@a7f0bc9 for thread android.os.BinderProxy@42572ce
01-09 10:58:30.948  1494  3270 D MtkConnectivityService: ConnectivityService NetworkRequestInfo binderDied(NetworkRequest [ TRACK_DEFAULT id=40973, [ Capabilities: INTERNET&NOT_RESTRICTED&TRUSTED Uid: 10160 AdministratorUids: [] RequestorUid: 10160 RequestorPackageName: com.google.android.apps.maps] ], android.os.BinderProxy@bcb10a9)
01-09 10:58:30.948  1494  9025 D MtkConnectivityService: ConnectivityService NetworkRequestInfo binderDied(NetworkRequest [ TRACK_DEFAULT id=40974, [ Capabilities: INTERNET&NOT_RESTRICTED&TRUSTED Uid: 10160 AdministratorUids: [] RequestorUid: 10160 RequestorPackageName: com.google.android.apps.maps] ], android.os.BinderProxy@3fc62e)
01-09 10:58:30.950  1494 11604 D MtkConnectivityService: ConnectivityService NetworkRequestInfo binderDied(NetworkRequest [ LISTEN id=40975, [ Capabilities: INTERNET&NOT_RESTRICTED&TRUSTED Uid: 10160 AdministratorUids: [] RequestorUid: 10160 RequestorPackageName: com.google.android.apps.maps] ], android.os.BinderProxy@f1d95cf)
01-09 10:58:30.956   637   637 I Zygote  : Process 8923 exited due to signal 9 (Killed)
01-09 10:58:30.958   437   437 E libprocessgroup: set_timerslack_ns write failed: No such process
01-09 10:58:30.959   437   437 I lowmemorykiller: Kill 'com.google.android.gms' (8588), uid 10136, oom_adj 925 to free 17488kB; reason: low watermark is breached and swap is low (465016kB < 477004kB)
01-09 10:58:30.965  1494 11604 V ActivityManager: Death received in com.android.server.am.ActivityManagerService$AppDeathRecipient@79ccc16 for thread android.os.BinderProxy@2f5c997
01-09 10:58:30.966  1494  4337 I ActivityManager: Process com.google.process.gapps (pid 11311) has died: cch+45 CEM
01-09 10:58:30.973  1494  1592 I libprocessgroup: Successfully killed process cgroup uid 10136 pid 11311 in 6ms
01-09 10:58:30.980   637   637 I Zygote  : Process 8588 exited due to signal 9 (Killed)
01-09 10:58:30.986   437   437 I lowmemorykiller: Kill 'com.google.android.googlequicksearchbox:search' (10952), uid 10140, oom_adj 915 to free 864kB; reason: low watermark is breached and swap is low (470560kB < 477004kB)
01-09 10:58:30.986  1494  8140 V ActivityManager: Death received in com.android.server.am.ActivityManagerService$AppDeathRecipient@6fa6850 for thread android.os.BinderProxy@246fa49
01-09 10:58:30.987  1494  2179 D MtkConnectivityService: ConnectivityService NetworkRequestInfo binderDied(NetworkRequest [ TRACK_DEFAULT id=40959, [ Capabilities: INTERNET&NOT_RESTRICTED&TRUSTED Uid: 10136 AdministratorUids: [] RequestorUid: 10136 RequestorPackageName: com.google.android.gms] ], android.os.BinderProxy@e1b0e65)
01-09 10:58:30.987  1494  9025 D MtkConnectivityService: ConnectivityService NetworkRequestInfo binderDied(NetworkRequest [ LISTEN id=40960, [ Capabilities: INTERNET&NOT_RESTRICTED&TRUSTED Uid: 10136 AdministratorUids: [] RequestorUid: 10136 RequestorPackageName: com.google.android.gms] ], android.os.BinderProxy@580b5c)
01-09 10:58:31.026   637   637 I Zygote  : Process 10952 exited due to signal 9 (Killed)
01-09 10:58:31.027  1494  3888 D MtkConnectivityService: ConnectivityService NetworkRequestInfo binderDied(NetworkRequest [ TRACK_DEFAULT id=40971, [ Capabilities: INTERNET&NOT_RESTRICTED&TRUSTED Uid: 10140 AdministratorUids: [] RequestorUid: 10140 RequestorPackageName: com.google.android.googlequicksearchbox] ], android.os.BinderProxy@987bfeb)
01-09 10:58:31.027  1494  3268 D MtkConnectivityService: ConnectivityService NetworkRequestInfo binderDied(NetworkRequest [ LISTEN id=40972, [ Capabilities: INTERNET&NOT_RESTRICTED&TRUSTED Uid: 10140 AdministratorUids: [] RequestorUid: 10140 RequestorPackageName: com.google.android.googlequicksearchbox] ], android.os.BinderProxy@6088148)
01-09 10:58:31.027  1494  9915 V ActivityManager: Death received in com.android.server.am.ActivityManagerService$AppDeathRecipient@61d06f0 for thread android.os.BinderProxy@194469
01-09 10:58:31.027  1494  4956 D MtkConnectivityService: ConnectivityService NetworkRequestInfo binderDied(NetworkRequest [ TRACK_DEFAULT id=40970, [ Capabilities: INTERNET&NOT_RESTRICTED&TRUSTED Uid: 10140 AdministratorUids: [] RequestorUid: 10140 RequestorPackageName: com.google.android.googlequicksearchbox] ], android.os.BinderProxy@706173a)
01-09 10:58:31.098   437   437 W lowmemorykiller: Failed to open /proc/8923/oom_score_adj; errno=2: process 8923 might have been killed
01-09 10:58:31.098   437   437 W lowmemorykiller: Failed to open /proc/11208/oom_score_adj; errno=2: process 11208 might have been killed
01-09 10:58:31.098   437   437 W lowmemorykiller: Failed to open /proc/11265/oom_score_adj; errno=2: process 11265 might have been killed
01-09 10:58:31.107   662   730 I libPowerHal: [perfNotifyAppState] pack:com.google.android.gsf, pid:11311, STATE_DEAD
01-09 10:58:31.107   662   730 D RilUtility: notify_rild_crash_pid_set certPid:-1, crash:11311, scn:0x0
01-09 10:58:31.140  1494  9112 I ActivityManager: Process com.google.android.projection.gearhead:car (pid 11265) has died: cch+55 CEM
01-09 10:58:31.140  1494  1592 I libprocessgroup: Successfully killed process cgroup uid 10130 pid 11265 in 0ms
01-09 10:58:31.147  1494  9112 W ActivityManager: Scheduling restart of crashed service com.google.android.projection.gearhead/com.google.android.apps.auto.carservice.service.impl.GearheadCarStartupService in 1000ms for connection
01-09 10:58:31.153   662   730 I libPowerHal: [perfNotifyAppState] pack:com.google.android.projection.gearhead, pid:11265, STATE_DEAD
01-09 10:58:31.153   662   730 D RilUtility: notify_rild_crash_pid_set certPid:-1, crash:11265, scn:0x0
01-09 10:58:31.154   437   437 W lowmemorykiller: Failed to open /proc/11111/oom_score_adj; errno=2: process 11111 might have been killed
01-09 10:58:31.155  1494  3245 I ActivityManager: Process com.google.android.webview:sandboxed_process0:org.chromium.content.app.SandboxedProcessService0:1 (pid 11111) has died: cch+55 CEM
01-09 10:58:31.155  1494  1592 I libprocessgroup: Successfully killed process cgroup uid 99743 pid 11111 in 0ms
01-09 10:58:31.156  1494  3245 W ActivityManager: Scheduling restart of crashed service com.google.android.googlequicksearchbox/org.chromium.content.app.SandboxedProcessService0:1 in 10992ms for connection
01-09 10:58:31.157   662   730 I libPowerHal: [perfNotifyAppState] pack:com.google.android.googlequicksearchbox, pid:11111, STATE_DEAD
01-09 10:58:31.157   662   730 D RilUtility: notify_rild_crash_pid_set certPid:-1, crash:11111, scn:0x0
01-09 10:58:31.184  8856  8856 I Finsky  : [2] Memory trim requested to level 10
01-09 10:58:31.215   479   489 E android.system.suspend@1.0-service: Error opening kernel wakelock stats for: wakeup4: Permission denied
01-09 10:58:31.211   479   479 W Binder:479_1: type=1400 audit(0.0:4218618): avc: denied { open } for path="/sys/devices/platform/1000d000.pwrap/1000d000.pwrap:mt6358-pmic/mt635x-auxadc/wakeup/wakeup4" dev="sysfs" ino=21281 scontext=u:r:system_suspend:s0 tcontext=u:object_r:sysfs:s0 tclass=dir permissive=0
01-09 10:58:31.215   479   479 W Binder:479_1: type=1400 audit(0.0:4218619): avc: denied { read } for name="event_count" dev="sysfs" ino=20659 scontext=u:r:system_suspend:s0 tcontext=u:object_r:sysfs_batteryinfo:s0 tclass=file permissive=0
01-09 10:58:31.217   479   489 E android.system.suspend@1.0-service: Error opening event_count for wakeup2: Permission denied
01-09 10:58:31.218   479   489 E android.system.suspend@1.0-service: Error reading event_count for wakeup2: Bad file descriptor
01-09 10:58:31.219   479   489 E android.system.suspend@1.0-service: Error opening max_time_ms for wakeup2: Permission denied
01-09 10:58:31.219   479   489 E android.system.suspend@1.0-service: Error reading max_time_ms for wakeup2: Bad file descriptor
01-09 10:58:31.215   479   479 W Binder:479_1: type=1400 audit(0.0:4218620): avc: denied { read } for name="max_time_ms" dev="sysfs" ino=20664 scontext=u:r:system_suspend:s0 tcontext=u:object_r:sysfs_batteryinfo:s0 tclass=file permissive=0
01-09 10:58:31.219   479   489 E android.system.suspend@1.0-service: Error opening wakeup_count for wakeup2: Permission denied
01-09 10:58:31.220   479   489 E android.system.suspend@1.0-service: Error reading wakeup_count for wakeup2: Bad file descriptor
01-09 10:58:31.215   479   479 W Binder:479_1: type=1400 audit(0.0:4218621): avc: denied { read } for name="wakeup_count" dev="sysfs" ino=20660 scontext=u:r:system_suspend:s0 tcontext=u:object_r:sysfs_batteryinfo:s0 tclass=file permissive=0
01-09 10:58:31.220   479   489 E android.system.suspend@1.0-service: Error opening total_time_ms for wakeup2: Permission denied
01-09 10:58:31.220   479   489 E android.system.suspend@1.0-service: Error reading total_time_ms for wakeup2: Bad file descriptor
01-09 10:58:31.220   479   489 E android.system.suspend@1.0-service: Error opening expire_count for wakeup2: Permission denied
01-09 10:58:31.215   479   479 W Binder:479_1: type=1400 audit(0.0:4218622): avc: denied { read } for name="total_time_ms" dev="sysfs" ino=20663 scontext=u:r:system_suspend:s0 tcontext=u:object_r:sysfs_batteryinfo:s0 tclass=file permissive=0
01-09 10:58:31.219   479   479 W Binder:479_1: type=1400 audit(0.0:4218623): avc: denied { read } for name="expire_count" dev="sysfs" ino=20661 scontext=u:r:system_suspend:s0 tcontext=u:object_r:sysfs_batteryinfo:s0 tclass=file permissive=0
01-09 10:58:31.221   479   489 E android.system.suspend@1.0-service: Error reading active_count for wakeup2: Bad file descriptor
01-09 10:58:31.221   479   489 E android.system.suspend@1.0-service: Error opening last_change_ms for wakeup2: Permission denied
01-09 10:58:31.221   479   489 E android.system.suspend@1.0-service: Error reading last_change_ms for wakeup2: Bad file descriptor
01-09 10:58:31.221   479   489 E android.system.suspend@1.0-service: Error opening prevent_suspend_time_ms for wakeup2: Permission denied
01-09 10:58:31.221   479   489 E android.system.suspend@1.0-service: Error reading prevent_suspend_time_ms for wakeup2: Bad file descriptor
01-09 10:58:31.221   479   489 E android.system.suspend@1.0-service: Error opening name for wakeup2: Permission denied
01-09 10:58:31.221   479   489 E android.system.suspend@1.0-service: Error reading name for wakeup2: Bad file descriptor
01-09 10:58:31.221   479   489 E android.system.suspend@1.0-service: Error opening active_time_ms for wakeup2: Permission denied
01-09 10:58:31.221   479   489 E android.system.suspend@1.0-service: Error reading active_time_ms for wakeup2: Bad file descriptor
01-09 10:58:31.227   479   489 E android.system.suspend@1.0-service: Error opening event_count for wakeup16: Permission denied
01-09 10:58:31.227   479   489 E android.system.suspend@1.0-service: Error reading event_count for wakeup16: Bad file descriptor
01-09 10:58:31.227   479   489 E android.system.suspend@1.0-service: Error opening max_time_ms for wakeup16: Permission denied
01-09 10:58:31.227   479   489 E android.system.suspend@1.0-service: Error reading max_time_ms for wakeup16: Bad file descriptor
01-09 10:58:31.227   479   489 E android.system.suspend@1.0-service: Error opening wakeup_count for wakeup16: Permission denied
01-09 10:58:31.227   479   489 E android.system.suspend@1.0-service: Error reading wakeup_count for wakeup16: Bad file descriptor
01-09 10:58:31.228   479   489 E android.system.suspend@1.0-service: Error opening total_time_ms for wakeup16: Permission denied
01-09 10:58:31.228   479   489 E android.system.suspend@1.0-service: Error reading total_time_ms for wakeup16: Bad file descriptor
01-09 10:58:31.229   479   489 E android.system.suspend@1.0-service: Error opening expire_count for wakeup16: Permission denied
01-09 10:58:31.229   479   489 E android.system.suspend@1.0-service: Error reading expire_count for wakeup16: Bad file descriptor
01-09 10:58:31.229   479   489 E android.system.suspend@1.0-service: Error opening active_count for wakeup16: Permission denied
01-09 10:58:31.229   479   489 E android.system.suspend@1.0-service: Error reading active_count for wakeup16: Bad file descriptor
01-09 10:58:31.229   479   489 E android.system.suspend@1.0-service: Error opening last_change_ms for wakeup16: Permission denied
01-09 10:58:31.229   479   489 E android.system.suspend@1.0-service: Error reading last_change_ms for wakeup16: Bad file descriptor
01-09 10:58:31.230   479   489 E android.system.suspend@1.0-service: Error opening prevent_suspend_time_ms for wakeup16: Permission denied
01-09 10:58:31.230   479   489 E android.system.suspend@1.0-service: Error reading prevent_suspend_time_ms for wakeup16: Bad file descriptor
01-09 10:58:31.230   479   489 E android.system.suspend@1.0-service: Error opening name for wakeup16: Permission denied
01-09 10:58:31.230   479   489 E android.system.suspend@1.0-service: Error reading name for wakeup16: Bad file descriptor
01-09 10:58:31.230   479   489 E android.system.suspend@1.0-service: Error opening active_time_ms for wakeup16: Permission denied
01-09 10:58:31.230   479   489 E android.system.suspend@1.0-service: Error reading active_time_ms for wakeup16: Bad file descriptor
01-09 10:58:31.231   479   489 E android.system.suspend@1.0-service: Error opening event_count for wakeup0: Permission denied
01-09 10:58:31.231   479   489 E android.system.suspend@1.0-service: Error reading event_count for wakeup0: Bad file descriptor
01-09 10:58:31.231   479   489 E android.system.suspend@1.0-service: Error opening max_time_ms for wakeup0: Permission denied
01-09 10:58:31.231   479   489 E android.system.suspend@1.0-service: Error reading max_time_ms for wakeup0: Bad file descriptor
01-09 10:58:31.231   479   489 E android.system.suspend@1.0-service: Error opening wakeup_count for wakeup0: Permission denied
01-09 10:58:31.231   479   489 E android.system.suspend@1.0-service: Error reading wakeup_count for wakeup0: Bad file descriptor
01-09 10:58:31.231   479   489 E android.system.suspend@1.0-service: Error opening total_time_ms for wakeup0: Permission denied
01-09 10:58:31.231   479   489 E android.system.suspend@1.0-service: Error reading total_time_ms for wakeup0: Bad file descriptor
01-09 10:58:31.231   479   489 E android.system.suspend@1.0-service: Error opening expire_count for wakeup0: Permission denied
01-09 10:58:31.231   479   489 E android.system.suspend@1.0-service: Error reading expire_count for wakeup0: Bad file descriptor
01-09 10:58:31.231   479   489 E android.system.suspend@1.0-service: Error opening active_count for wakeup0: Permission denied
01-09 10:58:31.231   479   489 E android.system.suspend@1.0-service: Error reading active_count for wakeup0: Bad file descriptor
01-09 10:58:31.231   479   489 E android.system.suspend@1.0-service: Error opening last_change_ms for wakeup0: Permission denied
01-09 10:58:31.231   479   489 E android.system.suspend@1.0-service: Error reading last_change_ms for wakeup0: Bad file descriptor
01-09 10:58:31.231   479   489 E android.system.suspend@1.0-service: Error opening prevent_suspend_time_ms for wakeup0: Permission denied
01-09 10:58:31.231   479   489 E android.system.suspend@1.0-service: Error reading prevent_suspend_time_ms for wakeup0: Bad file descriptor
01-09 10:58:31.231   479   489 E android.system.suspend@1.0-service: Error opening name for wakeup0: Permission denied
01-09 10:58:31.231   479   489 E android.system.suspend@1.0-service: Error reading name for wakeup0: Bad file descriptor
01-09 10:58:31.232   479   489 E android.system.suspend@1.0-service: Error opening active_time_ms for wakeup0: Permission denied
01-09 10:58:31.232   479   489 E android.system.suspend@1.0-service: Error reading active_time_ms for wakeup0: Bad file descriptor
01-09 10:58:31.235   479   489 E android.system.suspend@1.0-service: Error opening kernel wakelock stats for: wakeup14: Permission denied
01-09 10:58:31.238   479   489 E android.system.suspend@1.0-service: Error opening kernel wakelock stats for: wakeup12: Permission denied
01-09 10:58:31.240   479   489 E android.system.suspend@1.0-service: Error opening kernel wakelock stats for: wakeup5: Permission denied
01-09 10:58:31.240   479   489 E android.system.suspend@1.0-service: Error opening kernel wakelock stats for: wakeup10: Permission denied
01-09 10:58:31.241  7261  7261 I AppBase : AppBase.onTrimMemory():285 onTrimMemory(): 10
01-09 10:58:31.243   479   489 E android.system.suspend@1.0-service: Error opening kernel wakelock stats for: wakeup3: Permission denied
01-09 10:58:31.245   479   489 E android.system.suspend@1.0-service: Error opening event_count for wakeup1: Permission denied
01-09 10:58:31.245   479   489 E android.system.suspend@1.0-service: Error reading event_count for wakeup1: Bad file descriptor
01-09 10:58:31.245   479   489 E android.system.suspend@1.0-service: Error opening max_time_ms for wakeup1: Permission denied
01-09 10:58:31.245   479   489 E android.system.suspend@1.0-service: Error reading max_time_ms for wakeup1: Bad file descriptor
01-09 10:58:31.245   479   489 E android.system.suspend@1.0-service: Error opening wakeup_count for wakeup1: Permission denied
01-09 10:58:31.245   479   489 E android.system.suspend@1.0-service: Error reading wakeup_count for wakeup1: Bad file descriptor
01-09 10:58:31.245   479   489 E android.system.suspend@1.0-service: Error opening total_time_ms for wakeup1: Permission denied
01-09 10:58:31.245   479   489 E android.system.suspend@1.0-service: Error reading total_time_ms for wakeup1: Bad file descriptor
01-09 10:58:31.245   479   489 E android.system.suspend@1.0-service: Error opening expire_count for wakeup1: Permission denied
01-09 10:58:31.245   479   489 E android.system.suspend@1.0-service: Error reading expire_count for wakeup1: Bad file descriptor
01-09 10:58:31.245   479   489 E android.system.suspend@1.0-service: Error opening active_count for wakeup1: Permission denied
01-09 10:58:31.245   479   489 E android.system.suspend@1.0-service: Error reading active_count for wakeup1: Bad file descriptor
01-09 10:58:31.245   479   489 E android.system.suspend@1.0-service: Error opening last_change_ms for wakeup1: Permission denied
01-09 10:58:31.245   479   489 E android.system.suspend@1.0-service: Error reading last_change_ms for wakeup1: Bad file descriptor
01-09 10:58:31.246   479   489 E android.system.suspend@1.0-service: Error opening prevent_suspend_time_ms for wakeup1: Permission denied
01-09 10:58:31.246   479   489 E android.system.suspend@1.0-service: Error reading prevent_suspend_time_ms for wakeup1: Bad file descriptor
01-09 10:58:31.246   479   489 E android.system.suspend@1.0-service: Error opening name for wakeup1: Permission denied
01-09 10:58:31.246   479   489 E android.system.suspend@1.0-service: Error reading name for wakeup1: Bad file descriptor
01-09 10:58:31.246   479   489 E android.system.suspend@1.0-service: Error opening active_time_ms for wakeup1: Permission denied
01-09 10:58:31.246   479   489 E android.system.suspend@1.0-service: Error reading active_time_ms for wakeup1: Bad file descriptor
01-09 10:58:31.247   479   489 E android.system.suspend@1.0-service: Error opening kernel wakelock stats for: wakeup15: Permission denied
01-09 10:58:31.250   479   489 E android.system.suspend@1.0-service: Error opening kernel wakelock stats for: wakeup13: Permission denied
01-09 10:58:31.255  1494  7454 I ActivityManager: Process com.google.android.apps.maps (pid 11208) has died: cch+45 CEM
01-09 10:58:31.256  1494  1592 I libprocessgroup: Successfully killed process cgroup uid 10160 pid 11208 in 0ms
01-09 10:58:31.257   662   730 I libPowerHal: [perfNotifyAppState] pack:com.google.android.apps.maps, pid:11208, STATE_DEAD
01-09 10:58:31.257   662   730 D RilUtility: notify_rild_crash_pid_set certPid:-1, crash:11208, scn:0x0
01-09 10:58:31.257  1494 11604 I ActivityManager: Process com.google.process.gservices (pid 8923) has died: cch+35 CEM
01-09 10:58:31.257  1494  1592 I libprocessgroup: Successfully killed process cgroup uid 10136 pid 8923 in 0ms
01-09 10:58:31.258   662   730 I libPowerHal: [perfNotifyAppState] pack:com.google.android.gsf, pid:8923, STATE_DEAD
01-09 10:58:31.258   662   730 D RilUtility: notify_rild_crash_pid_set certPid:-1, crash:8923, scn:0x0
01-09 10:58:31.259  1494  8140 I ActivityManager: Process com.google.android.gms (pid 8588) has died: cch+25 CEM
01-09 10:58:31.260  1494  1592 I libprocessgroup: Successfully killed process cgroup uid 10136 pid 8588 in 0ms
01-09 10:58:31.260  1494  8140 W ActivityManager: Scheduling restart of crashed service com.google.android.gms/.chimera.GmsApiService in 20888ms for connection
01-09 10:58:31.262   662   730 I libPowerHal: [perfNotifyAppState] pack:com.google.android.gms, pid:8588, STATE_DEAD
01-09 10:58:31.262   662   730 D RilUtility: notify_rild_crash_pid_set certPid:-1, crash:8588, scn:0x0
01-09 10:58:31.263  1494  9915 I ActivityManager: Process com.google.android.googlequicksearchbox:search (pid 10952) has died: cch+15 CEM
01-09 10:58:31.264  1494  1592 I libprocessgroup: Successfully killed process cgroup uid 10140 pid 10952 in 0ms
01-09 10:58:31.266   662   730 I libPowerHal: [perfNotifyAppState] pack:com.google.android.googlequicksearchbox, pid:10952, STATE_DEAD
