01-09 10:57:58.112  1494  1592 I libprocessgroup: Successfully killed process cgroup uid 99741 pid 10421 in 0ms
01-09 10:57:58.115 22706 22706 D OverlayCallbackImpl: onActivitySaveInstanceState
01-09 10:57:58.115 22706 22706 D HctClearAllView: onVisibilityChanged - visibility = 4
01-09 10:57:58.115 22706 22706 V PhoneWindow: DecorView setVisiblity: visibility = 4, Parent = android.view.ViewRootImpl@1950252, this = DecorView@932923[SearchLauncher]
01-09 10:57:58.116  1494  4337 I InputDispatcher: setInputWindows displayId=0 Window{72c3db9 u0 ScreenDecorOverlayBottom} Window{5503650 u0 ScreenDecorOverlay} Window{8f367ce u0 NavigationBar0} Window{62b5ec4 u0 StatusBar} Window{a373ce2 u0 com.android.systemui} Window{e48866c u0 com.snapimals.app/crc64d4f0e04271951e45.MainActivity} com.blackview.launcher/com.android.searchlauncher.SearchLauncher#1 com.blackview.launcher/com.android.searchlauncher.SearchLauncher#0 Window{fd3b71a u0 com.android.systemui.ImageWallpaper}
01-09 10:57:58.116  7261  7261 V PhoneWindow: DecorView setVisiblity: visibility = 8, Parent = android.view.ViewRootImpl@84597f9, this = DecorView@d85c33e[InputMethod]
01-09 10:57:58.116 10796 15448 I FontLog : (REDACTED) Pulling font file for id = %d, cache size = %d
01-09 10:57:58.120 10796 15448 I FontLog : (REDACTED) Pulling font file for id = %d, cache size = %d
01-09 10:57:58.124  1494 12607 I InputDispatcher: setInputWindows displayId=0 Window{72c3db9 u0 ScreenDecorOverlayBottom} Window{5503650 u0 ScreenDecorOverlay} Window{8f367ce u0 NavigationBar0} Window{62b5ec4 u0 StatusBar} Window{a373ce2 u0 com.android.systemui} Window{e48866c u0 com.snapimals.app/crc64d4f0e04271951e45.MainActivity} com.blackview.launcher/com.android.searchlauncher.SearchLauncher#1 com.blackview.launcher/com.android.searchlauncher.SearchLauncher#0 Window{fd3b71a u0 com.android.systemui.ImageWallpaper}
01-09 10:57:58.126  1494  3245 V ActivityManager: Death received in com.android.server.am.ActivityManagerService$AppDeathRecipient@a3b4127 for thread android.os.BinderProxy@43ecfd4
01-09 10:57:58.126  8596 10414 W cr_ChildProcessConn: onServiceDisconnected (crash or killed by oom): pid=0 bindings:WV
01-09 10:57:58.126 31775 31775 I Zygote  : Process 10421 exited due to signal 9 (Killed)
01-09 10:57:58.127  1494  3245 W ActivityManager: Scheduling restart of crashed service com.google.android.googlequicksearchbox/org.chromium.content.app.SandboxedProcessService0:0 in 1000ms for connection
01-09 10:57:58.128  1494  1872 E WifiVendorHal: getWifiLinkLayerStats_1_3_Internal(l.973) failed {.code = ERROR_NOT_SUPPORTED, .description = }
01-09 10:57:58.129   662   730 I libPowerHal: [perfNotifyAppState] pack:com.google.android.googlequicksearchbox, pid:10421, STATE_DEAD
01-09 10:57:58.129   662   730 D RilUtility: notify_rild_crash_pid_set certPid:-1, crash:10421, scn:0x0
01-09 10:57:58.133   674   674 I BufferQueueConsumer: [com.blackview.launcher/com.android.searchlauncher.SearchLauncher#1](id:2a200002a00,api:0,p:-1,c:674) disconnect()
01-09 10:57:58.133   674   674 I BufferQueue: [com.blackview.launcher/com.android.searchlauncher.SearchLauncher#1](this:0xb400007b4c157c48,id:10752,api:1,p:-1,c:-1) onDestructor()
01-09 10:57:58.135  1494  9915 I InputDispatcher: setInputWindows displayId=0 Window{72c3db9 u0 ScreenDecorOverlayBottom} Window{5503650 u0 ScreenDecorOverlay} Window{8f367ce u0 NavigationBar0} Window{62b5ec4 u0 StatusBar} Window{a373ce2 u0 com.android.systemui} Window{e48866c u0 com.snapimals.app/crc64d4f0e04271951e45.MainActivity} Window{fd3b71a u0 com.android.systemui.ImageWallpaper}
01-09 10:57:58.135  1494  9915 I InputDispatcher: Window went away: com.blackview.launcher/com.android.searchlauncher.SearchLauncher#1
01-09 10:57:58.135  1494  9915 I InputDispatcher: Window went away: com.blackview.launcher/com.android.searchlauncher.SearchLauncher#0
01-09 10:57:58.141   674   903 I BufferQueueProducer: [StatusBar#0](this:0xb400007b4c0da478,id:7971,api:1,p:24013,c:674) queueBuffer: fps=0.78 dur=1278.46 max=1278.46 min=1278.46
01-09 10:57:58.142 24013 24013 D StatusBar: updateBlurView state: 0
01-09 10:57:58.142 24013 24013 D StatusBar: updateBlurView gone
01-09 10:57:58.144   674   674 I BufferQueueConsumer: [com.blackview.launcher/com.android.searchlauncher.SearchLauncher#0](id:2a2000029ff,api:0,p:-1,c:674) disconnect()
01-09 10:57:58.144   674   674 I BufferQueue: [com.blackview.launcher/com.android.searchlauncher.SearchLauncher#0](this:0xb400007b4c147b48,id:10751,api:1,p:-1,c:-1) onDestructor()
01-09 10:57:58.146  1494 12607 I InputDispatcher: setInputWindows displayId=0 Window{72c3db9 u0 ScreenDecorOverlayBottom} Window{5503650 u0 ScreenDecorOverlay} Window{8f367ce u0 NavigationBar0} Window{62b5ec4 u0 StatusBar} Window{a373ce2 u0 com.android.systemui} Window{e48866c u0 com.snapimals.app/crc64d4f0e04271951e45.MainActivity} Window{fd3b71a u0 com.android.systemui.ImageWallpaper}
01-09 10:57:58.148  1494 12607 V ActivityManager: Death received in com.android.server.am.ActivityManagerService$AppDeathRecipient@562a2b3 for thread android.os.BinderProxy@2040070
01-09 10:57:58.148   637   637 I Zygote  : Process 11019 exited due to signal 9 (Killed)
01-09 10:57:58.150   479   489 E android.system.suspend@1.0-service: Error opening kernel wakelock stats for: wakeup4: Permission denied
01-09 10:57:58.151   479   489 E android.system.suspend@1.0-service: Error opening event_count for wakeup2: Permission denied
01-09 10:57:58.151   479   489 E android.system.suspend@1.0-service: Error reading event_count for wakeup2: Bad file descriptor
01-09 10:57:58.151   479   489 E android.system.suspend@1.0-service: Error opening max_time_ms for wakeup2: Permission denied
01-09 10:57:58.151   479   489 E android.system.suspend@1.0-service: Error reading max_time_ms for wakeup2: Bad file descriptor
01-09 10:57:58.151   479   489 E android.system.suspend@1.0-service: Error opening wakeup_count for wakeup2: Permission denied
01-09 10:57:58.151   479   489 E android.system.suspend@1.0-service: Error reading wakeup_count for wakeup2: Bad file descriptor
01-09 10:57:58.151   479   489 E android.system.suspend@1.0-service: Error opening total_time_ms for wakeup2: Permission denied
01-09 10:57:58.151   479   489 E android.system.suspend@1.0-service: Error reading total_time_ms for wakeup2: Bad file descriptor
01-09 10:57:58.151   479   489 E android.system.suspend@1.0-service: Error opening expire_count for wakeup2: Permission denied
01-09 10:57:58.151   479   489 E android.system.suspend@1.0-service: Error reading expire_count for wakeup2: Bad file descriptor
01-09 10:57:58.151   479   489 E android.system.suspend@1.0-service: Error opening active_count for wakeup2: Permission denied
01-09 10:57:58.151   479   489 E android.system.suspend@1.0-service: Error reading active_count for wakeup2: Bad file descriptor
01-09 10:57:58.151   479   489 E android.system.suspend@1.0-service: Error opening last_change_ms for wakeup2: Permission denied
01-09 10:57:58.152   479   489 E android.system.suspend@1.0-service: Error reading last_change_ms for wakeup2: Bad file descriptor
01-09 10:57:58.152   479   489 E android.system.suspend@1.0-service: Error opening prevent_suspend_time_ms for wakeup2: Permission denied
01-09 10:57:58.152   479   489 E android.system.suspend@1.0-service: Error reading prevent_suspend_time_ms for wakeup2: Bad file descriptor
01-09 10:57:58.152   479   489 E android.system.suspend@1.0-service: Error opening name for wakeup2: Permission denied
01-09 10:57:58.152   479   489 E android.system.suspend@1.0-service: Error reading name for wakeup2: Bad file descriptor
01-09 10:57:58.152   479   489 E android.system.suspend@1.0-service: Error opening active_time_ms for wakeup2: Permission denied
01-09 10:57:58.152   479   489 E android.system.suspend@1.0-service: Error reading active_time_ms for wakeup2: Bad file descriptor
01-09 10:57:58.147   479   479 W Binder:479_1: type=1400 audit(0.0:4218568): avc: denied { open } for path="/sys/devices/platform/1000d000.pwrap/1000d000.pwrap:mt6358-pmic/mt635x-auxadc/wakeup/wakeup4" dev="sysfs" ino=21281 scontext=u:r:system_suspend:s0 tcontext=u:object_r:sysfs:s0 tclass=dir permissive=0
01-09 10:57:58.152   479   489 E android.system.suspend@1.0-service: Error reading event_count for wakeup16: Bad file descriptor
01-09 10:57:58.152   479   489 E android.system.suspend@1.0-service: Error opening max_time_ms for wakeup16: Permission denied
01-09 10:57:58.153   479   489 E android.system.suspend@1.0-service: Error reading max_time_ms for wakeup16: Bad file descriptor
01-09 10:57:58.153   479   489 E android.system.suspend@1.0-service: Error opening wakeup_count for wakeup16: Permission denied
01-09 10:57:58.153   479   489 E android.system.suspend@1.0-service: Error reading wakeup_count for wakeup16: Bad file descriptor
01-09 10:57:58.153   479   489 E android.system.suspend@1.0-service: Error opening total_time_ms for wakeup16: Permission denied
01-09 10:57:58.153   479   489 E android.system.suspend@1.0-service: Error reading total_time_ms for wakeup16: Bad file descriptor
01-09 10:57:58.153   479   489 E android.system.suspend@1.0-service: Error opening expire_count for wakeup16: Permission denied
01-09 10:57:58.153   479   489 E android.system.suspend@1.0-service: Error reading expire_count for wakeup16: Bad file descriptor
01-09 10:57:58.153   479   489 E android.system.suspend@1.0-service: Error opening active_count for wakeup16: Permission denied
01-09 10:57:58.153   479   489 E android.system.suspend@1.0-service: Error reading active_count for wakeup16: Bad file descriptor
01-09 10:57:58.154   479   489 E android.system.suspend@1.0-service: Error opening last_change_ms for wakeup16: Permission denied
01-09 10:57:58.154   479   489 E android.system.suspend@1.0-service: Error reading last_change_ms for wakeup16: Bad file descriptor
01-09 10:57:58.154   479   489 E android.system.suspend@1.0-service: Error opening prevent_suspend_time_ms for wakeup16: Permission denied
01-09 10:57:58.154   479   489 E android.system.suspend@1.0-service: Error reading prevent_suspend_time_ms for wakeup16: Bad file descriptor
01-09 10:57:58.154   479   489 E android.system.suspend@1.0-service: Error opening name for wakeup16: Permission denied
01-09 10:57:58.154   479   489 E android.system.suspend@1.0-service: Error reading name for wakeup16: Bad file descriptor
01-09 10:57:58.154   479   489 E android.system.suspend@1.0-service: Error opening active_time_ms for wakeup16: Permission denied
01-09 10:57:58.154   479   489 E android.system.suspend@1.0-service: Error reading active_time_ms for wakeup16: Bad file descriptor
01-09 10:57:58.154   479   489 E android.system.suspend@1.0-service: Error opening event_count for wakeup0: Permission denied
01-09 10:57:58.154   479   489 E android.system.suspend@1.0-service: Error reading event_count for wakeup0: Bad file descriptor
01-09 10:57:58.154   479   489 E android.system.suspend@1.0-service: Error opening max_time_ms for wakeup0: Permission denied
01-09 10:57:58.154   479   489 E android.system.suspend@1.0-service: Error reading max_time_ms for wakeup0: Bad file descriptor
01-09 10:57:58.154   479   489 E android.system.suspend@1.0-service: Error opening wakeup_count for wakeup0: Permission denied
01-09 10:57:58.154   479   489 E android.system.suspend@1.0-service: Error reading wakeup_count for wakeup0: Bad file descriptor
01-09 10:57:58.154   479   489 E android.system.suspend@1.0-service: Error opening total_time_ms for wakeup0: Permission denied
01-09 10:57:58.154   479   489 E android.system.suspend@1.0-service: Error reading total_time_ms for wakeup0: Bad file descriptor
01-09 10:57:58.154   479   489 E android.system.suspend@1.0-service: Error opening expire_count for wakeup0: Permission denied
01-09 10:57:58.154   479   489 E android.system.suspend@1.0-service: Error reading expire_count for wakeup0: Bad file descriptor
01-09 10:57:58.154   479   489 E android.system.suspend@1.0-service: Error opening active_count for wakeup0: Permission denied
01-09 10:57:58.154   479   489 E android.system.suspend@1.0-service: Error reading active_count for wakeup0: Bad file descriptor
01-09 10:57:58.154   479   489 E android.system.suspend@1.0-service: Error opening last_change_ms for wakeup0: Permission denied
01-09 10:57:58.154   479   489 E android.system.suspend@1.0-service: Error reading last_change_ms for wakeup0: Bad file descriptor
01-09 10:57:58.154   479   489 E android.system.suspend@1.0-service: Error opening prevent_suspend_time_ms for wakeup0: Permission denied
01-09 10:57:58.154   479   489 E android.system.suspend@1.0-service: Error reading prevent_suspend_time_ms for wakeup0: Bad file descriptor
01-09 10:57:58.154   479   489 E android.system.suspend@1.0-service: Error opening name for wakeup0: Permission denied
01-09 10:57:58.154   479   489 E android.system.suspend@1.0-service: Error reading name for wakeup0: Bad file descriptor
01-09 10:57:58.154   479   489 E android.system.suspend@1.0-service: Error opening active_time_ms for wakeup0: Permission denied
01-09 10:57:58.154   479   489 E android.system.suspend@1.0-service: Error reading active_time_ms for wakeup0: Bad file descriptor
01-09 10:57:58.155   479   489 E android.system.suspend@1.0-service: Error opening kernel wakelock stats for: wakeup14: Permission denied
01-09 10:57:58.156   479   489 E android.system.suspend@1.0-service: Error opening kernel wakelock stats for: wakeup12: Permission denied
01-09 10:57:58.157   479   489 E android.system.suspend@1.0-service: Error opening kernel wakelock stats for: wakeup5: Permission denied
01-09 10:57:58.157   479   489 E android.system.suspend@1.0-service: Error opening kernel wakelock stats for: wakeup10: Permission denied
01-09 10:57:58.158   479   489 E android.system.suspend@1.0-service: Error opening kernel wakelock stats for: wakeup3: Permission denied
01-09 10:57:58.159   479   489 E android.system.suspend@1.0-service: Error opening event_count for wakeup1: Permission denied
01-09 10:57:58.159   479   489 E android.system.suspend@1.0-service: Error reading event_count for wakeup1: Bad file descriptor
01-09 10:57:58.159   479   489 E android.system.suspend@1.0-service: Error opening max_time_ms for wakeup1: Permission denied
01-09 10:57:58.159   479   489 E android.system.suspend@1.0-service: Error reading max_time_ms for wakeup1: Bad file descriptor
01-09 10:57:58.159   479   489 E android.system.suspend@1.0-service: Error opening wakeup_count for wakeup1: Permission denied
01-09 10:57:58.159   479   489 E android.system.suspend@1.0-service: Error reading wakeup_count for wakeup1: Bad file descriptor
01-09 10:57:58.159   479   489 E android.system.suspend@1.0-service: Error opening total_time_ms for wakeup1: Permission denied
01-09 10:57:58.159   479   489 E android.system.suspend@1.0-service: Error reading total_time_ms for wakeup1: Bad file descriptor
01-09 10:57:58.159   479   489 E android.system.suspend@1.0-service: Error opening expire_count for wakeup1: Permission denied
01-09 10:57:58.159   479   489 E android.system.suspend@1.0-service: Error reading expire_count for wakeup1: Bad file descriptor
01-09 10:57:58.159   479   489 E android.system.suspend@1.0-service: Error opening active_count for wakeup1: Permission denied
01-09 10:57:58.159   479   489 E android.system.suspend@1.0-service: Error reading active_count for wakeup1: Bad file descriptor
01-09 10:57:58.159   479   489 E android.system.suspend@1.0-service: Error opening last_change_ms for wakeup1: Permission denied
01-09 10:57:58.159   479   489 E android.system.suspend@1.0-service: Error reading last_change_ms for wakeup1: Bad file descriptor
01-09 10:57:58.159   479   489 E android.system.suspend@1.0-service: Error opening prevent_suspend_time_ms for wakeup1: Permission denied
01-09 10:57:58.159   479   489 E android.system.suspend@1.0-service: Error reading prevent_suspend_time_ms for wakeup1: Bad file descriptor
01-09 10:57:58.159   479   489 E android.system.suspend@1.0-service: Error opening name for wakeup1: Permission denied
01-09 10:57:58.159   479   489 E android.system.suspend@1.0-service: Error reading name for wakeup1: Bad file descriptor
01-09 10:57:58.159   479   489 E android.system.suspend@1.0-service: Error opening active_time_ms for wakeup1: Permission denied
01-09 10:57:58.159   479   489 E android.system.suspend@1.0-service: Error reading active_time_ms for wakeup1: Bad file descriptor
01-09 10:57:58.159   479   489 E android.system.suspend@1.0-service: Error opening kernel wakelock stats for: wakeup15: Permission denied
01-09 10:57:58.160   479   489 E android.system.suspend@1.0-service: Error opening kernel wakelock stats for: wakeup13: Permission denied
01-09 10:57:58.162   662   730 I libPowerHal: [perfNotifyAppState] pack:com.google.android.webview, pid:11019, STATE_DEAD
01-09 10:57:58.162   662   730 D RilUtility: notify_rild_crash_pid_set certPid:-1, crash:11019, scn:0x0
01-09 10:57:58.280   653   797 I hwcomposer: [DPY] receive refesh frquest from driver: type[4]
01-09 10:57:58.280   653   797 I hwcomposer: [HWC] fire a callback of refresh to SF
01-09 10:57:58.552  8856  9134 E Finsky  : [117172] ItemStore: getItems RPC failed for item com.snapimals.app
01-09 10:57:58.554 11403 11422 I PlayCore: UID: [10373]  PID: [11403] OnRequestInstallCallback : onRequestInfo
01-09 10:57:58.554 11403 11434 I PlayCore: UID: [10373]  PID: [11403] AppUpdateService : Leaving the connection open for other ongoing calls.
01-09 10:57:58.567  8856  9138 E Finsky  : [117176] ItemStore: getItems RPC failed for item com.snapimals.app
01-09 10:57:58.568 11403 11422 I PlayCore: UID: [10373]  PID: [11403] OnRequestInstallCallback : onRequestInfo
01-09 10:57:58.568 11403 11434 I PlayCore: UID: [10373]  PID: [11403] AppUpdateService : Unbind from service.
01-09 10:57:58.599   662   730 I mtkpower@impl: [powerd_req] TIMER_MSG_PERF_LOCK_TIMEOUT hdl:59229
01-09 10:57:58.599   662   730 I libPowerHal: [perfLockRel] hdl:59229, idx:0
01-09 10:57:58.599   662   730 I libPowerHal: [PD] scn:0 hdl:59229 hint:22 comm:mtkpower@1.0-se pid:662
01-09 10:57:58.938  1037  1149 D ULogGuard: Monitoring: 16 threads, 0 requests, 0 time-bombs; 34 guards. ResetFlags = 0x7
01-09 10:57:59.227  1494  1944 D Ethernet: got request NetworkRequest [ TRACK_DEFAULT id=40978, [ Capabilities: INTERNET&NOT_RESTRICTED&TRUSTED Uid: 10310 AdministratorUids: [] RequestorUid: 10310 RequestorPackageName: com.avito.android] ] with score 101 and providerId -2
01-09 10:57:59.228  1494  1872 D WifiNetworkFactory: got request NetworkRequest [ TRACK_DEFAULT id=40978, [ Capabilities: INTERNET&NOT_RESTRICTED&TRUSTED Uid: 10310 AdministratorUids: [] RequestorUid: 10310 RequestorPackageName: com.avito.android] ] with score 101 and providerId -2
01-09 10:57:59.228  1494  1872 D UntrustedWifiNetworkFactory: got request NetworkRequest [ TRACK_DEFAULT id=40978, [ Capabilities: INTERNET&NOT_RESTRICTED&TRUSTED Uid: 10310 AdministratorUids: [] RequestorUid: 10310 RequestorPackageName: com.avito.android] ] with score 101 and providerId -2
01-09 10:57:59.228  2258  2258 D PhoneSwitcherNetworkRequstListener: got request NetworkRequest [ TRACK_DEFAULT id=40978, [ Capabilities: INTERNET&NOT_RESTRICTED&TRUSTED Uid: 10310 AdministratorUids: [] RequestorUid: 10310 RequestorPackageName: com.avito.android] ] with score 101 and providerId -2
01-09 10:57:59.291  9863 11466 I System.out: [socket]:check permission begin!
01-09 10:57:59.600   662   730 I mtkpower@impl: [powerd_req] TIMER_MSG_PERF_LOCK_TIMEOUT hdl:59230
01-09 10:57:59.600   662   730 I libPowerHal: [perfLockRel] hdl:59230, idx:3
01-09 10:57:59.600   662   730 I libPowerHal: [PD] scn:3 hdl:59230 hint:30 comm:mtkpower@1.0-se pid:662
01-09 10:57:59.858 24013 24013 V StatusBarNetShowView: applySpeed 22.2
01-09 10:57:59.858 24013 24013 V StatusBarNetShowView: K/s
01-09 10:57:59.859 24013 24013 I chatty  : uid=10170(com.android.systemui) identical 3 lines
01-09 10:57:59.859 24013 24013 V StatusBarNetShowView: applySpeed 22.2
01-09 10:57:59.859 24013 24013 V StatusBarNetShowView: K/s
01-09 10:57:59.876   674   742 I BufferQueueProducer: [StatusBar#0](this:0xb400007b4c0da478,id:7971,api:1,p:24013,c:674) queueBuffer: fps=0.58 dur=1734.47 max=1734.47 min=1734.47
01-09 10:57:59.876 24013 24013 D StatusBar: updateBlurView state: 0
01-09 10:57:59.877 24013 24013 D StatusBar: updateBlurView gone
01-09 10:57:59.881 24013 24013 D InterruptionStateProvider: No bubble up: not allowed to bubble: 0|app.hiddify.com|1|null|10195
01-09 10:57:59.882 24013 24013 D InterruptionStateProvider: No heads up: unimportant notification: 0|app.hiddify.com|1|null|10195
01-09 10:57:59.888 24013 24013 D StatusBar: updateBlurView state: 0
01-09 10:57:59.888 24013 24013 D StatusBar: updateBlurView gone
01-09 10:57:59.892   653   738 I hwcomposer: [HWCDisplay] [Display_0 (type:1)] fps:8.286798,dur:1810.11,max:1600.83,min:8.72
01-09 10:57:59.904 24013 24013 D StatusBar: updateBlurView state: 0
01-09 10:57:59.904 24013 24013 D StatusBar: updateBlurView gone
01-09 10:57:59.920 24013 24013 D StatusBar: updateBlurView state: 0
01-09 10:57:59.920 24013 24013 D StatusBar: updateBlurView gone
01-09 10:57:59.956   653   797 I hwcomposer: [DPY] receive refesh frquest from driver: type[4]
01-09 10:57:59.956   653   797 I hwcomposer: [HWC] fire a callback of refresh to SF
01-09 10:57:59.971   674   674 I BufferQueueProducer: [FramebufferSurface](this:0xb400007b3bb4e710,id:-1,api:1,p:674,c:674) queueBuffer: fps=0.87 dur=2301.91 max=1680.97 min=620.94
01-09 10:57:59.973   653   802 E hwcomposer: [DRMDEV] failed to drmWaitVBlank with dpy_0: -1
01-09 10:57:59.973   653   802 W hwcomposer: (0) failed to waitNextVsync: -1
01-09 10:58:00.011 24013 24013 D StatusBar: updateBlurView state: 0
01-09 10:58:00.011 24013 24013 D StatusBar: updateBlurView gone
01-09 10:58:00.084   653   797 I hwcomposer: [DPY] receive refesh frquest from driver: type[4]
01-09 10:58:00.084   653   797 I hwcomposer: [HWC] fire a callback of refresh to SF
01-09 10:58:00.692   689   716 D ccci_mdinit: (1):monitor_time_update_thread round:242747 ########
01-09 10:58:00.863   674   903 I BufferQueueProducer: [com.snapimals.app/crc64d4f0e04271951e45.MainActivity#0](this:0xb400007b4c1026f8,id:10754,api:1,p:11403,c:674) queueBuffer: fps=0.67 dur=2964.35 max=2764.48 min=199.87
01-09 10:58:00.877   653   802 E hwcomposer: [DRMDEV] failed to drmWaitVBlank with dpy_0: -1
01-09 10:58:00.877   653   802 W hwcomposer: (0) failed to waitNextVsync: -1
01-09 10:58:00.899   653   738 I hwcomposer: [HWCDisplay] [Display_0 (type:1)] fps:4.961430,dur:1007.77,max:783.09,min:23.44
01-09 10:58:01.134  1494  1872 E WifiVendorHal: getWifiLinkLayerStats_1_3_Internal(l.973) failed {.code = ERROR_NOT_SUPPORTED, .description = }
01-09 10:58:01.272   653   797 I hwcomposer: [DPY] receive refesh frquest from driver: type[4]
01-09 10:58:01.272   653   797 I hwcomposer: [HWC] fire a callback of refresh to SF
01-09 10:58:01.281   674   674 I BufferQueueProducer: [FramebufferSurface](this:0xb400007b3bb4e710,id:-1,api:1,p:674,c:674) queueBuffer: fps=1.53 dur=1310.05 max=1188.99 min=121.06
01-09 10:58:01.873 24013 24013 D InterruptionStateProvider: No bubble up: not allowed to bubble: 0|app.hiddify.com|1|null|10195
01-09 10:58:01.873 24013 24013 D InterruptionStateProvider: No heads up: unimportant notification: 0|app.hiddify.com|1|null|10195
01-09 10:58:01.878 24013 24013 D StatusBar: updateBlurView state: 0
01-09 10:58:01.878 24013 24013 D StatusBar: updateBlurView gone
01-09 10:58:01.889 24013 24013 D StatusBar: updateBlurView state: 0
01-09 10:58:01.889 24013 24013 D StatusBar: updateBlurView gone
01-09 10:58:01.905 24013 24013 D StatusBar: updateBlurView state: 0
01-09 10:58:01.905 24013 24013 D StatusBar: updateBlurView gone
01-09 10:58:01.938  1037  1149 D ULogGuard: Monitoring: 16 threads, 0 requests, 0 time-bombs; 34 guards. ResetFlags = 0x7
01-09 10:58:02.399  1253  1260 I [BIP]   :  [BIP NL] event newaddr match dev 0
01-09 10:58:02.399  1253  1260 I [BIP]   :  [BIP NL] IPv6: *:*:*:*:*:*:*:*
01-09 10:58:02.399  1253  1260 I [BIP]   :  [BIP NL] addr state is 3, ipv4=*.*.*.*, ipv6=*:*:*:*:*:*:*:*
01-09 10:58:02.399  1253  1260 I [BIP]   :  [BIP NL] event newaddr match dev 0
01-09 10:58:02.399  1253  1260 I [BIP]   :  [BIP NL] IPv6: *:*:*:*:*:*:*:*
01-09 10:58:02.399  1253  1260 I [BIP]   :  [BIP NL] addr state is 3, ipv4=*.*.*.*, ipv6=*:*:*:*:*:*:*:*
01-09 10:58:02.401  2122 25508 W AlarmManager: Unrecognized alarm listener com.android.networkstack.android.net.ip.IpClientLinkObserver$Dhcp6PdPreferredPrefixAlarmListener@205ee6f
01-09 10:58:02.862 24013 24013 V StatusBarNetShowView: applySpeed 2.33
01-09 10:58:02.862 24013 24013 V StatusBarNetShowView: K/s
01-09 10:58:02.862 24013 24013 I chatty  : uid=10170(com.android.systemui) identical 3 lines
01-09 10:58:02.862 24013 24013 V StatusBarNetShowView: applySpeed 2.33
01-09 10:58:02.862 24013 24013 V StatusBarNetShowView: K/s
01-09 10:58:02.874 24013 24013 D StatusBar: updateBlurView state: 0
01-09 10:58:02.874 24013 24013 D StatusBar: updateBlurView gone
01-09 10:58:02.875   674   742 I BufferQueueProducer: [StatusBar#0](this:0xb400007b4c0da478,id:7971,api:1,p:24013,c:674) queueBuffer: fps=0.67 dur=2999.47 max=2857.02 min=142.44
01-09 10:58:02.890   653   738 I hwcomposer: [HWCDisplay] [Display_0 (type:1)] fps:11.551598,dur:1991.07,max:1608.52,min:10.17
01-09 10:58:02.948   653   797 I hwcomposer: [DPY] receive refesh frquest from driver: type[4]
01-09 10:58:02.948   653   797 I hwcomposer: [HWC] fire a callback of refresh to SF
01-09 10:58:02.958 11403 11403 W Choreographer: Frame time is 0.108029  now = 668380429373607  timestampNanos = 668380429481636 ms in the future!  Check that graphics HAL is generating vsync timestamps using the correct timebase.
01-09 10:58:02.964   674   674 I BufferQueueProducer: [FramebufferSurface](this:0xb400007b3bb4e710,id:-1,api:1,p:674,c:674) queueBuffer: fps=0.59 dur=1682.50 max=1682.50 min=1682.50
01-09 10:58:02.965   653   802 E hwcomposer: [DRMDEV] failed to drmWaitVBlank with dpy_0: -1
01-09 10:58:02.965   653   802 W hwcomposer: (0) failed to waitNextVsync: -1
01-09 10:58:02.966   653   802 E hwcomposer: [DRMDEV] failed to drmWaitVBlank with dpy_0: -1
01-09 10:58:02.966   653   802 W hwcomposer: (0) failed to waitNextVsync: -1
01-09 10:58:03.514 11403 11475 D ProfileInstaller: Installing profile for com.snapimals.app
01-09 10:58:03.731   674   903 I BufferQueueProducer: [Sprite#3](this:0xb400007b4c039a78,id:80,api:2,p:1494,c:674) queueBuffer: fps=0.20 dur=9949.12 max=8989.61 min=959.51
01-09 10:58:03.731   662   730 I libPowerHal: [perfLockAcq] idx:0 hdl:59233 hint:25 pid:662 duration:10000 => ret_hdl:59233
01-09 10:58:03.731   662   730 I libPowerHal: [PE] scn:0 hdl:59233 hint:25 comm:mtkpower@1.0-se pid:662
01-09 10:58:03.731   662   730 I libPowerHal: [PE] MTKPOWER_HINT_APP_TOUCH update cmd:3408600 param:1
01-09 10:58:03.742  1494  9915 I InputDispatcher: setInputWindows displayId=0 Window{72c3db9 u0 ScreenDecorOverlayBottom} Window{5503650 u0 ScreenDecorOverlay} Window{8f367ce u0 NavigationBar0} Window{62b5ec4 u0 StatusBar} Window{a373ce2 u0 com.android.systemui} Window{e48866c u0 com.snapimals.app/crc64d4f0e04271951e45.MainActivity} Window{fd3b71a u0 com.android.systemui.ImageWallpaper}
01-09 10:58:03.764  1494  9915 I chatty  : uid=1000(system) Binder:1494_1C identical 2 lines
01-09 10:58:03.776  1494  9915 I InputDispatcher: setInputWindows displayId=0 Window{72c3db9 u0 ScreenDecorOverlayBottom} Window{5503650 u0 ScreenDecorOverlay} Window{8f367ce u0 NavigationBar0} Window{62b5ec4 u0 StatusBar} Window{a373ce2 u0 com.android.systemui} Window{e48866c u0 com.snapimals.app/crc64d4f0e04271951e45.MainActivity} Window{fd3b71a u0 com.android.systemui.ImageWallpaper}
01-09 10:58:03.781   674   742 I BufferQueueProducer: [com.snapimals.app/crc64d4f0e04271951e45.MainActivity#0](this:0xb400007b4c1026f8,id:10754,api:1,p:11403,c:674) queueBuffer: fps=7.88 dur=2917.75 max=2589.39 min=8.53
01-09 10:58:03.787  1494  9915 I InputDispatcher: setInputWindows displayId=0 Window{72c3db9 u0 ScreenDecorOverlayBottom} Window{5503650 u0 ScreenDecorOverlay} Window{8f367ce u0 NavigationBar0} Window{62b5ec4 u0 StatusBar} Window{a373ce2 u0 com.android.systemui} Window{e48866c u0 com.snapimals.app/crc64d4f0e04271951e45.MainActivity} Window{fd3b71a u0 com.android.systemui.ImageWallpaper}
01-09 10:58:03.799  1494  9915 I InputDispatcher: setInputWindows displayId=0 Window{72c3db9 u0 ScreenDecorOverlayBottom} Window{5503650 u0 ScreenDecorOverlay} Window{8f367ce u0 NavigationBar0} Window{62b5ec4 u0 StatusBar} Window{a373ce2 u0 com.android.systemui} Window{e48866c u0 com.snapimals.app/crc64d4f0e04271951e45.MainActivity} Window{fd3b71a u0 com.android.systemui.ImageWallpaper}
01-09 10:58:03.806   662   730 I libPowerHal: [perfLockRel] hdl:59233, idx:0
01-09 10:58:03.806   662   730 I libPowerHal: [PD] scn:0 hdl:59233 hint:25 comm:mtkpower@1.0-se pid:662
01-09 10:58:03.806   662   730 I libPowerHal: [PD] MTKPOWER_HINT_APP_TOUCH update cmd:3408600 param:0
01-09 10:58:03.810  1494  4337 I InputDispatcher: setInputWindows displayId=0 Window{72c3db9 u0 ScreenDecorOverlayBottom} Window{5503650 u0 ScreenDecorOverlay} Window{8f367ce u0 NavigationBar0} Window{62b5ec4 u0 StatusBar} Window{a373ce2 u0 com.android.systemui} Window{e48866c u0 com.snapimals.app/crc64d4f0e04271951e45.MainActivity} Window{fd3b71a u0 com.android.systemui.ImageWallpaper}
01-09 10:58:03.822  1494  9915 I InputDispatcher: setInputWindows displayId=0 Window{72c3db9 u0 ScreenDecorOverlayBottom} Window{5503650 u0 ScreenDecorOverlay} Window{8f367ce u0 NavigationBar0} Window{62b5ec4 u0 StatusBar} Window{a373ce2 u0 com.android.systemui} Window{e48866c u0 com.snapimals.app/crc64d4f0e04271951e45.MainActivity} Window{fd3b71a u0 com.android.systemui.ImageWallpaper}
01-09 10:58:03.833  1494  9915 I chatty  : uid=1000(system) Binder:1494_1C identical 1 line
01-09 10:58:03.853  1494  9915 I InputDispatcher: setInputWindows displayId=0 Window{72c3db9 u0 ScreenDecorOverlayBottom} Window{5503650 u0 ScreenDecorOverlay} Window{8f367ce u0 NavigationBar0} Window{62b5ec4 u0 StatusBar} Window{a373ce2 u0 com.android.systemui} Window{e48866c u0 com.snapimals.app/crc64d4f0e04271951e45.MainActivity} Window{fd3b71a u0 com.android.systemui.ImageWallpaper}
01-09 10:58:03.856 11403 11429 I m.snapimals.ap: Explicit concurrent copying GC freed 3136(297KB) AllocSpace objects, 0(0B) LOS objects, 49% free, 3111KB/6223KB, paused 22us total 11.478ms
01-09 10:58:03.856 11403 11418 W JavaBinder: BinderProxy is being destroyed but the application did not call unlinkToDeath to unlink all of its death recipients beforehand.  Releasing leaked death recipient: com.google.android.play.core.appupdate.internal.zzp
01-09 10:58:03.856 11403 11418 I BpBinder: onLastStrongRef automatically unlinking death recipients: <uncached descriptor>
01-09 10:58:03.864  1494  9915 I InputDispatcher: setInputWindows displayId=0 Window{72c3db9 u0 ScreenDecorOverlayBottom} Window{5503650 u0 ScreenDecorOverlay} Window{8f367ce u0 NavigationBar0} Window{62b5ec4 u0 StatusBar} Window{a373ce2 u0 com.android.systemui} Window{e48866c u0 com.snapimals.app/crc64d4f0e04271951e45.MainActivity} Window{fd3b71a u0 com.android.systemui.ImageWallpaper}
01-09 10:58:03.872 24013 24013 D InterruptionStateProvider: No bubble up: not allowed to bubble: 0|app.hiddify.com|1|null|10195
01-09 10:58:03.873 24013 24013 D InterruptionStateProvider: No heads up: unimportant notification: 0|app.hiddify.com|1|null|10195
01-09 10:58:03.886 24013 24013 D StatusBar: updateBlurView state: 0
01-09 10:58:03.887 24013 24013 D StatusBar: updateBlurView gone
01-09 10:58:03.898 24013 24013 D StatusBar: updateBlurView state: 0
01-09 10:58:03.898 24013 24013 D StatusBar: updateBlurView gone
01-09 10:58:03.907  1494  3245 I InputDispatcher: setInputWindows displayId=0 Window{72c3db9 u0 ScreenDecorOverlayBottom} Window{5503650 u0 ScreenDecorOverlay} Window{8f367ce u0 NavigationBar0} Window{62b5ec4 u0 StatusBar} Window{a373ce2 u0 com.android.systemui} Window{e48866c u0 com.snapimals.app/crc64d4f0e04271951e45.MainActivity} Window{fd3b71a u0 com.android.systemui.ImageWallpaper}
01-09 10:58:03.908   653   738 I hwcomposer: [HWCDisplay] [Display_0 (type:1)] fps:12.768682,dur:1018.12,max:779.02,min:10.26
01-09 10:58:03.917  1494  9915 I InputDispatcher: setInputWindows displayId=0 Window{72c3db9 u0 ScreenDecorOverlayBottom} Window{5503650 u0 ScreenDecorOverlay} Window{8f367ce u0 NavigationBar0} Window{62b5ec4 u0 StatusBar} Window{a373ce2 u0 com.android.systemui} Window{e48866c u0 com.snapimals.app/crc64d4f0e04271951e45.MainActivity} Window{fd3b71a u0 com.android.systemui.ImageWallpaper}
01-09 10:58:03.918 24013 24013 D StatusBar: updateBlurView state: 0
01-09 10:58:03.918 24013 24013 D StatusBar: updateBlurView gone
01-09 10:58:03.928  1494  9915 I InputDispatcher: setInputWindows displayId=0 Window{72c3db9 u0 ScreenDecorOverlayBottom} Window{5503650 u0 ScreenDecorOverlay} Window{8f367ce u0 NavigationBar0} Window{62b5ec4 u0 StatusBar} Window{a373ce2 u0 com.android.systemui} Window{e48866c u0 com.snapimals.app/crc64d4f0e04271951e45.MainActivity} Window{fd3b71a u0 com.android.systemui.ImageWallpaper}
01-09 10:58:04.037  1494  9915 I chatty  : uid=1000(system) Binder:1494_1C identical 10 lines
01-09 10:58:04.048  1494  9915 I InputDispatcher: setInputWindows displayId=0 Window{72c3db9 u0 ScreenDecorOverlayBottom} Window{5503650 u0 ScreenDecorOverlay} Window{8f367ce u0 NavigationBar0} Window{62b5ec4 u0 StatusBar} Window{a373ce2 u0 com.android.systemui} Window{e48866c u0 com.snapimals.app/crc64d4f0e04271951e45.MainActivity} Window{fd3b71a u0 com.android.systemui.ImageWallpaper}
01-09 10:58:04.102   662   730 I mtkpower@impl: [powerd_req] TIMER_MSG_PERF_LOCK_TIMEOUT hdl:59231
01-09 10:58:04.102   662   730 I libPowerHal: [perfLockRel] hdl:59231, idx:4
01-09 10:58:04.102   662   730 I libPowerHal: [PD] scn:4 hdl:59231 hint:21 comm:mtkpower@1.0-se pid:662
01-09 10:58:04.102   662   730 I libPowerHal: MTKPOWER_HINT_PROCESS_CREATE: cpu_ctrl set cpu freq: -1 -1 -1 -1
01-09 10:58:04.102   662   730 I libPowerHal: [PD] MTKPOWER_HINT_PROCESS_CREATE update cmd:1000000, param:2
01-09 10:58:04.102   662   730 I libPowerHal: [PD] MTKPOWER_HINT_PROCESS_CREATE update cmd:1420100 param:0
01-09 10:58:04.102   662   730 I libPowerHal: [PD] MTKPOWER_HINT_PROCESS_CREATE update cmd:1408300 param:40
01-09 10:58:04.102   662   730 I libPowerHal: [PD] MTKPOWER_HINT_PROCESS_CREATE update cmd:300c000 param:0
01-09 10:58:04.103   662   730 I libPowerHal: [PD] MTKPOWER_HINT_PROCESS_CREATE update cmd:1000000 param:2
01-09 10:58:04.108   653   797 I hwcomposer: [DPY] receive refesh frquest from driver: type[4]
01-09 10:58:04.108   653   797 I hwcomposer: [HWC] fire a callback of refresh to SF
01-09 10:58:04.119   674   674 I BufferQueueProducer: [FramebufferSurface](this:0xb400007b3bb4e710,id:-1,api:1,p:674,c:674) queueBuffer: fps=0.87 dur=1154.61 max=1154.61 min=1154.61
01-09 10:58:04.145  1494  1872 E WifiVendorHal: getWifiLinkLayerStats_1_3_Internal(l.973) failed {.code = ERROR_NOT_SUPPORTED, .description = }
01-09 10:58:04.240   653   797 I hwcomposer: [DPY] receive refesh frquest from driver: type[4]
01-09 10:58:04.241   653   797 I hwcomposer: [HWC] fire a callback of refresh to SF
01-09 10:58:04.939  1037  1149 D ULogGuard: Monitoring: 16 threads, 0 requests, 0 time-bombs; 34 guards. ResetFlags = 0x7
01-09 10:58:05.199 10796 10796 D BoundBrokerSvc: onUnbind: Intent { act=com.google.android.gms.auth.aang.events.services.START dat=chimera-action: cmp=com.google.android.gms/.chimera.PersistentApiService }
01-09 10:58:05.868 24013 24013 V StatusBarNetShowView: applySpeed 0.91
01-09 10:58:05.868 24013 24013 V StatusBarNetShowView: K/s
01-09 10:58:05.869 24013 24013 I chatty  : uid=10170(com.android.systemui) identical 3 lines
01-09 10:58:05.869 24013 24013 V StatusBarNetShowView: applySpeed 0.91
01-09 10:58:05.869 24013 24013 V StatusBarNetShowView: K/s
01-09 10:58:05.882   674   742 I BufferQueueProducer: [StatusBar#0](this:0xb400007b4c0da478,id:7971,api:1,p:24013,c:674) queueBuffer: fps=0.33 dur=3006.78 max=3006.78 min=3006.78
01-09 10:58:05.883 24013 24013 D StatusBar: updateBlurView state: 0
01-09 10:58:05.883 24013 24013 D StatusBar: updateBlurView gone
01-09 10:58:05.889 24013 24013 D InterruptionStateProvider: No bubble up: not allowed to bubble: 0|app.hiddify.com|1|null|10195
01-09 10:58:05.890 24013 24013 D InterruptionStateProvider: No heads up: unimportant notification: 0|app.hiddify.com|1|null|10195
01-09 10:58:05.895   653   738 I hwcomposer: [HWCDisplay] [Display_0 (type:1)] fps:10.069598,dur:1986.18,max:1641.13,min:10.43
01-09 10:58:05.898 24013 24013 D StatusBar: updateBlurView state: 0
01-09 10:58:05.898 24013 24013 D StatusBar: updateBlurView gone
01-09 10:58:05.918 24013 24013 D StatusBar: updateBlurView state: 0
01-09 10:58:05.918 24013 24013 D StatusBar: updateBlurView gone
01-09 10:58:05.945 24013 24013 D StatusBar: updateBlurView state: 0
01-09 10:58:05.946 24013 24013 D StatusBar: updateBlurView gone
01-09 10:58:05.952   653   797 I hwcomposer: [DPY] receive refesh frquest from driver: type[4]
01-09 10:58:05.952   653   797 I hwcomposer: [HWC] fire a callback of refresh to SF
01-09 10:58:05.968   674   674 I BufferQueueProducer: [FramebufferSurface](this:0xb400007b3bb4e710,id:-1,api:1,p:674,c:674) queueBuffer: fps=1.08 dur=1849.04 max=1714.58 min=134.46
01-09 10:58:05.970   653   802 E hwcomposer: [DRMDEV] failed to drmWaitVBlank with dpy_0: -1
01-09 10:58:05.970   653   802 W hwcomposer: (0) failed to waitNextVsync: -1
01-09 10:58:06.056  1045  1045 I thermal_repeater: [recvMdThermalInfo] ret=31, strLen=127,  0, 32767, -127, 9196, 32767, 0
01-09 10:58:06.185   674   742 I BufferQueueProducer: [com.snapimals.app/crc64d4f0e04271951e45.MainActivity#0](this:0xb400007b4c1026f8,id:10754,api:1,p:11403,c:674) queueBuffer: fps=2.08 dur=2404.00 max=2023.53 min=9.10
01-09 10:58:06.645   653   797 I hwcomposer: [DPY] receive refesh frquest from driver: type[4]
01-09 10:58:06.645   653   797 I hwcomposer: [HWC] fire a callback of refresh to SF
01-09 10:58:06.843 10796 10796 W ThreadPoolForeg: type=1400 audit(0.0:4218616): avc: denied { write } for name="traced_producer" dev="tmpfs" ino=13604 scontext=u:r:gmscore_app:s0:c512,c768 tcontext=u:object_r:traced_producer_socket:s0 tclass=sock_file permissive=0 app=com.idamob.tinkoff.android
01-09 10:58:07.159  1494  1872 E WifiVendorHal: getWifiLinkLayerStats_1_3_Internal(l.973) failed {.code = ERROR_NOT_SUPPORTED, .description = }
01-09 10:58:07.176  1494  1571 D AES     : AEEIOCTL_GET/SET_SF_STATE IOCTL,cmd= 1074294797, lParam=0.
01-09 10:58:07.176  1494  1571 D AES     : AEEIOCTL_RT_MON_Kick IOCTL,cmd= 2147774474, lParam=300.
01-09 10:58:07.885 24013 24013 D InterruptionStateProvider: No bubble up: not allowed to bubble: 0|app.hiddify.com|1|null|10195
01-09 10:58:07.886 24013 24013 D InterruptionStateProvider: No heads up: unimportant notification: 0|app.hiddify.com|1|null|10195
01-09 10:58:07.900 24013 24013 D StatusBar: updateBlurView state: 0
01-09 10:58:07.900 24013 24013 D StatusBar: updateBlurView gone
01-09 10:58:07.922 24013 24013 D StatusBar: updateBlurView state: 0
01-09 10:58:07.923 24013 24013 D StatusBar: updateBlurView gone
01-09 10:58:07.940  1037  1149 D ULogGuard: Monitoring: 16 threads, 0 requests, 0 time-bombs; 34 guards. ResetFlags = 0x7
01-09 10:58:07.970 24013 24013 D StatusBar: updateBlurView state: 0
01-09 10:58:07.971 24013 24013 D StatusBar: updateBlurView gone
01-09 10:58:08.873 24013 24013 V StatusBarNetShowView: applySpeed 0.54
01-09 10:58:08.873 24013 24013 V StatusBarNetShowView: K/s
01-09 10:58:08.874 24013 24013 I chatty  : uid=10170(com.android.systemui) identical 3 lines
01-09 10:58:08.874 24013 24013 V StatusBarNetShowView: applySpeed 0.54
01-09 10:58:08.874 24013 24013 V StatusBarNetShowView: K/s
01-09 10:58:08.889 24013 24013 D StatusBar: updateBlurView state: 0
01-09 10:58:08.890 24013 24013 D StatusBar: updateBlurView gone
01-09 10:58:08.893   674   903 I BufferQueueProducer: [StatusBar#0](this:0xb400007b4c0da478,id:7971,api:1,p:24013,c:674) queueBuffer: fps=0.33 dur=3010.46 max=3010.46 min=3010.46
01-09 10:58:08.899   653   738 I hwcomposer: [HWCDisplay] [Display_0 (type:1)] fps:4.660753,dur:3003.81,max:2228.50,min:11.21
01-09 10:58:08.960   653   797 I hwcomposer: [DPY] receive refesh frquest from driver: type[4]
01-09 10:58:08.961   653   797 I hwcomposer: [HWC] fire a callback of refresh to SF
01-09 10:58:08.972   674   674 I BufferQueueProducer: [FramebufferSurface](this:0xb400007b3bb4e710,id:-1,api:1,p:674,c:674) queueBuffer: fps=0.67 dur=3004.19 max=2302.38 min=701.81
01-09 10:58:08.974   653   802 E hwcomposer: [DRMDEV] failed to drmWaitVBlank with dpy_0: -1
01-09 10:58:08.974   653   802 W hwcomposer: (0) failed to waitNextVsync: -1
01-09 10:58:09.879 24013 24013 D InterruptionStateProvider: No bubble up: not allowed to bubble: 0|app.hiddify.com|1|null|10195
01-09 10:58:09.880 24013 24013 D InterruptionStateProvider: No heads up: unimportant notification: 0|app.hiddify.com|1|null|10195
01-09 10:58:09.893 24013 24013 D StatusBar: updateBlurView state: 0
01-09 10:58:09.893 24013 24013 D StatusBar: updateBlurView gone
01-09 10:58:09.913 24013 24013 D StatusBar: updateBlurView state: 0
01-09 10:58:09.913 24013 24013 D StatusBar: updateBlurView gone
01-09 10:58:09.940 24013 24013 D StatusBar: updateBlurView state: 0
01-09 10:58:09.940 24013 24013 D StatusBar: updateBlurView gone
01-09 10:58:10.174  1494  1872 E WifiVendorHal: getWifiLinkLayerStats_1_3_Internal(l.973) failed {.code = ERROR_NOT_SUPPORTED, .description = }
01-09 10:58:10.201 24013 24013 D StatusBar: updateBlurView state: 0
01-09 10:58:10.202 24013 24013 D StatusBar: updateBlurView gone
01-09 10:58:10.204   674   742 I BufferQueueProducer: [StatusBar#0](this:0xb400007b4c0da478,id:7971,api:1,p:24013,c:674) queueBuffer: fps=0.76 dur=1311.62 max=1311.62 min=1311.62
01-09 10:58:10.213   653   738 I hwcomposer: [HWCDisplay] [Display_0 (type:1)] fps:1.521108,dur:1314.83,max:1241.12,min:73.71
01-09 10:58:10.272   653   797 I hwcomposer: [DPY] receive refesh frquest from driver: type[4]
01-09 10:58:10.273   653   797 I hwcomposer: [HWC] fire a callback of refresh to SF
01-09 10:58:10.285   674   674 I BufferQueueProducer: [FramebufferSurface](this:0xb400007b3bb4e710,id:-1,api:1,p:674,c:674) queueBuffer: fps=0.76 dur=1313.56 max=1313.56 min=1313.56
01-09 10:58:10.288   653   802 E hwcomposer: [DRMDEV] failed to drmWaitVBlank with dpy_0: -1
01-09 10:58:10.288   653   802 W hwcomposer: (0) failed to waitNextVsync: -1
01-09 10:58:10.941  1037  1149 D ULogGuard: Monitoring: 16 threads, 0 requests, 0 time-bombs; 34 guards. ResetFlags = 0x7
01-09 10:58:11.021   674   903 I BufferQueueProducer: [Sprite#3](this:0xb400007b4c039a78,id:80,api:2,p:1494,c:674) queueBuffer: fps=0.14 dur=7290.37 max=7290.37 min=7290.37
01-09 10:58:11.022   662   730 I libPowerHal: [perfLockAcq] idx:0 hdl:59234 hint:25 pid:662 duration:10000 => ret_hdl:59234
01-09 10:58:11.022   662   730 I libPowerHal: [PE] scn:0 hdl:59234 hint:25 comm:mtkpower@1.0-se pid:662
01-09 10:58:11.022   662   730 I libPowerHal: [PE] MTKPOWER_HINT_APP_TOUCH update cmd:3408600 param:1
01-09 10:58:11.023  1494  3245 I InputDispatcher: setInputWindows displayId=0 Window{72c3db9 u0 ScreenDecorOverlayBottom} Window{5503650 u0 ScreenDecorOverlay} Window{8f367ce u0 NavigationBar0} Window{62b5ec4 u0 StatusBar} Window{a373ce2 u0 com.android.systemui} Window{e48866c u0 com.snapimals.app/crc64d4f0e04271951e45.MainActivity} Window{fd3b71a u0 com.android.systemui.ImageWallpaper}
01-09 10:58:11.049   674   742 I BufferQueueProducer: [com.snapimals.app/crc64d4f0e04271951e45.MainActivity#0](this:0xb400007b4c1026f8,id:10754,api:1,p:11403,c:674) queueBuffer: fps=2.26 dur=4864.13 max=4484.46 min=11.62
01-09 10:58:11.056  1494  3245 I InputDispatcher: setInputWindows displayId=0 Window{72c3db9 u0 ScreenDecorOverlayBottom} Window{5503650 u0 ScreenDecorOverlay} Window{8f367ce u0 NavigationBar0} Window{62b5ec4 u0 StatusBar} Window{a373ce2 u0 com.android.systemui} Window{e48866c u0 com.snapimals.app/crc64d4f0e04271951e45.MainActivity} Window{fd3b71a u0 com.android.systemui.ImageWallpaper}
01-09 10:58:11.143  1494  3245 I chatty  : uid=1000(system) Binder:1494_C identical 8 lines
01-09 10:58:11.154  1494  3245 I InputDispatcher: setInputWindows displayId=0 Window{72c3db9 u0 ScreenDecorOverlayBottom} Window{5503650 u0 ScreenDecorOverlay} Window{8f367ce u0 NavigationBar0} Window{62b5ec4 u0 StatusBar} Window{a373ce2 u0 com.android.systemui} Window{e48866c u0 com.snapimals.app/crc64d4f0e04271951e45.MainActivity} Window{fd3b71a u0 com.android.systemui.ImageWallpaper}
01-09 10:58:11.164  1494  9915 I InputDispatcher: setInputWindows displayId=0 Window{72c3db9 u0 ScreenDecorOverlayBottom} Window{5503650 u0 ScreenDecorOverlay} Window{8f367ce u0 NavigationBar0} Window{62b5ec4 u0 StatusBar} Window{a373ce2 u0 com.android.systemui} Window{e48866c u0 com.snapimals.app/crc64d4f0e04271951e45.MainActivity} Window{fd3b71a u0 com.android.systemui.ImageWallpaper}
01-09 10:58:11.207  1494  9915 I chatty  : uid=1000(system) Binder:1494_1C identical 4 lines
01-09 10:58:11.218  1494  9915 I InputDispatcher: setInputWindows displayId=0 Window{72c3db9 u0 ScreenDecorOverlayBottom} Window{5503650 u0 ScreenDecorOverlay} Window{8f367ce u0 NavigationBar0} Window{62b5ec4 u0 StatusBar} Window{a373ce2 u0 com.android.systemui} Window{e48866c u0 com.snapimals.app/crc64d4f0e04271951e45.MainActivity} Window{fd3b71a u0 com.android.systemui.ImageWallpaper}
01-09 10:58:11.220   653   738 I hwcomposer: [HWCDisplay] [Display_0 (type:1)] fps:17.874544,dur:1007.02,max:739.55,min:9.03
01-09 10:58:11.229  1494  9915 I InputDispatcher: setInputWindows displayId=0 Window{72c3db9 u0 ScreenDecorOverlayBottom} Window{5503650 u0 ScreenDecorOverlay} Window{8f367ce u0 NavigationBar0} Window{62b5ec4 u0 StatusBar} Window{a373ce2 u0 com.android.systemui} Window{e48866c u0 com.snapimals.app/crc64d4f0e04271951e45.MainActivity} Window{fd3b71a u0 com.android.systemui.ImageWallpaper}
01-09 10:58:11.273  1494  9915 I chatty  : uid=1000(system) Binder:1494_1C identical 4 lines
01-09 10:58:11.283  1494  9915 I InputDispatcher: setInputWindows displayId=0 Window{72c3db9 u0 ScreenDecorOverlayBottom} Window{5503650 u0 ScreenDecorOverlay} Window{8f367ce u0 NavigationBar0} Window{62b5ec4 u0 StatusBar} Window{a373ce2 u0 com.android.systemui} Window{e48866c u0 com.snapimals.app/crc64d4f0e04271951e45.MainActivity} Window{fd3b71a u0 com.android.systemui.ImageWallpaper}
01-09 10:58:11.292   662   730 I libPowerHal: [perfLockRel] hdl:59234, idx:0
01-09 10:58:11.292   662   730 I libPowerHal: [PD] scn:0 hdl:59234 hint:25 comm:mtkpower@1.0-se pid:662
01-09 10:58:11.292   662   730 I libPowerHal: [PD] MTKPOWER_HINT_APP_TOUCH update cmd:3408600 param:0
01-09 10:58:11.294  1494  9915 I InputDispatcher: setInputWindows displayId=0 Window{72c3db9 u0 ScreenDecorOverlayBottom} Window{5503650 u0 ScreenDecorOverlay} Window{8f367ce u0 NavigationBar0} Window{62b5ec4 u0 StatusBar} Window{a373ce2 u0 com.android.systemui} Window{e48866c u0 com.snapimals.app/crc64d4f0e04271951e45.MainActivity} Window{fd3b71a u0 com.android.systemui.ImageWallpaper}
01-09 10:58:11.372  1494  9915 I chatty  : uid=1000(system) Binder:1494_1C identical 7 lines
01-09 10:58:11.383  1494  9915 I InputDispatcher: setInputWindows displayId=0 Window{72c3db9 u0 ScreenDecorOverlayBottom} Window{5503650 u0 ScreenDecorOverlay} Window{8f367ce u0 NavigationBar0} Window{62b5ec4 u0 StatusBar} Window{a373ce2 u0 com.android.systemui} Window{e48866c u0 com.snapimals.app/crc64d4f0e04271951e45.MainActivity} Window{fd3b71a u0 com.android.systemui.ImageWallpaper}
01-09 10:58:11.394  1494  3245 I InputDispatcher: setInputWindows displayId=0 Window{72c3db9 u0 ScreenDecorOverlayBottom} Window{5503650 u0 ScreenDecorOverlay} Window{8f367ce u0 NavigationBar0} Window{62b5ec4 u0 StatusBar} Window{a373ce2 u0 com.android.systemui} Window{e48866c u0 com.snapimals.app/crc64d4f0e04271951e45.MainActivity} Window{fd3b71a u0 com.android.systemui.ImageWallpaper}
01-09 10:58:11.405  1494  3245 I chatty  : uid=1000(system) Binder:1494_C identical 1 line
01-09 10:58:11.415  1494  3245 I InputDispatcher: setInputWindows displayId=0 Window{72c3db9 u0 ScreenDecorOverlayBottom} Window{5503650 u0 ScreenDecorOverlay} Window{8f367ce u0 NavigationBar0} Window{62b5ec4 u0 StatusBar} Window{a373ce2 u0 com.android.systemui} Window{e48866c u0 com.snapimals.app/crc64d4f0e04271951e45.MainActivity} Window{fd3b71a u0 com.android.systemui.ImageWallpaper}
01-09 10:58:11.427  1494  9915 I InputDispatcher: setInputWindows displayId=0 Window{72c3db9 u0 ScreenDecorOverlayBottom} Window{5503650 u0 ScreenDecorOverlay} Window{8f367ce u0 NavigationBar0} Window{62b5ec4 u0 StatusBar} Window{a373ce2 u0 com.android.systemui} Window{e48866c u0 com.snapimals.app/crc64d4f0e04271951e45.MainActivity} Window{fd3b71a u0 com.android.systemui.ImageWallpaper}
01-09 10:58:11.503  1494  9915 I chatty  : uid=1000(system) Binder:1494_1C identical 7 lines
01-09 10:58:11.514  1494  9915 I InputDispatcher: setInputWindows displayId=0 Window{72c3db9 u0 ScreenDecorOverlayBottom} Window{5503650 u0 ScreenDecorOverlay} Window{8f367ce u0 NavigationBar0} Window{62b5ec4 u0 StatusBar} Window{a373ce2 u0 com.android.systemui} Window{e48866c u0 com.snapimals.app/crc64d4f0e04271951e45.MainActivity} Window{fd3b71a u0 com.android.systemui.ImageWallpaper}
01-09 10:58:11.576   653   797 I hwcomposer: [DPY] receive refesh frquest from driver: type[4]
01-09 10:58:11.576   653   797 I hwcomposer: [HWC] fire a callback of refresh to SF
01-09 10:58:11.588   674   674 I BufferQueueProducer: [FramebufferSurface](this:0xb400007b3bb4e710,id:-1,api:1,p:674,c:674) queueBuffer: fps=0.77 dur=1302.58 max=1302.58 min=1302.58
