01-09 10:58:38.068 11553 11575 I DynamiteModule: Considering local module com.google.android.gms.googlecertificates:7 and remote module com.google.android.gms.googlecertificates:0
01-09 10:58:38.068 11553 11575 I DynamiteModule: Selected local version of com.google.android.gms.googlecertificates
01-09 10:58:38.071 11828 11993 I AppMetrica: AppMetrica [117338-IAA-CDE-6] Activate reporter with APIKey 20799a27-xxxx-xxxx-xxxx-xxxxxxxx4180
01-09 10:58:38.074  1494  9112 I InputDispatcher: setInputWindows displayId=0 Window{72c3db9 u0 ScreenDecorOverlayBottom} Window{5503650 u0 ScreenDecorOverlay} Window{8f367ce u0 NavigationBar0} Window{62b5ec4 u0 StatusBar} Window{a373ce2 u0 com.android.systemui} Window{e48866c u0 com.snapimals.app/crc64d4f0e04271951e45.MainActivity} Window{fd3b71a u0 com.android.systemui.ImageWallpaper}
01-09 10:58:38.083  1494  3234 V SettingsProvider: packageValueForCallResult, name = time_12_24, value : Bundle[{_track_generation=android.util.MemoryIntArray@89, value=24, _generation_index=3, _generation=2908}]
01-09 10:58:38.085  1494  3234 I InputDispatcher: setInputWindows displayId=0 Window{72c3db9 u0 ScreenDecorOverlayBottom} Window{5503650 u0 ScreenDecorOverlay} Window{8f367ce u0 NavigationBar0} Window{62b5ec4 u0 StatusBar} Window{a373ce2 u0 com.android.systemui} Window{e48866c u0 com.snapimals.app/crc64d4f0e04271951e45.MainActivity} Window{fd3b71a u0 com.android.systemui.ImageWallpaper}
01-09 10:58:38.095 11898 11898 I LoadedApk: No resource references to update in package com.blackview
01-09 10:58:38.096 11898 11898 D NetworkSecurityConfig: No Network Security Config specified, using platform default
01-09 10:58:38.096  1494  3234 I InputDispatcher: setInputWindows displayId=0 Window{72c3db9 u0 ScreenDecorOverlayBottom} Window{5503650 u0 ScreenDecorOverlay} Window{8f367ce u0 NavigationBar0} Window{62b5ec4 u0 StatusBar} Window{a373ce2 u0 com.android.systemui} Window{e48866c u0 com.snapimals.app/crc64d4f0e04271951e45.MainActivity} Window{fd3b71a u0 com.android.systemui.ImageWallpaper}
01-09 10:58:38.096 11898 11898 D NetworkSecurityConfig: No Network Security Config specified, using platform default
01-09 10:58:38.107  1494  9112 I InputDispatcher: setInputWindows displayId=0 Window{72c3db9 u0 ScreenDecorOverlayBottom} Window{5503650 u0 ScreenDecorOverlay} Window{8f367ce u0 NavigationBar0} Window{62b5ec4 u0 StatusBar} Window{a373ce2 u0 com.android.systemui} Window{e48866c u0 com.snapimals.app/crc64d4f0e04271951e45.MainActivity} Window{fd3b71a u0 com.android.systemui.ImageWallpaper}
01-09 10:58:38.108  1494  3234 V SettingsProvider: packageValueForCallResult, name = development_settings_enabled, value : Bundle[{_track_generation=android.util.MemoryIntArray@89, value=1, _generation_index=0, _generation=475}]
01-09 10:58:38.117 11553 11576 W GoogleCertificates: GoogleCertificates has been initialized already
01-09 10:58:38.118  1494  3234 I InputDispatcher: setInputWindows displayId=0 Window{72c3db9 u0 ScreenDecorOverlayBottom} Window{5503650 u0 ScreenDecorOverlay} Window{8f367ce u0 NavigationBar0} Window{62b5ec4 u0 StatusBar} Window{a373ce2 u0 com.android.systemui} Window{e48866c u0 com.snapimals.app/crc64d4f0e04271951e45.MainActivity} Window{fd3b71a u0 com.android.systemui.ImageWallpaper}
01-09 10:58:38.181  1494  3234 D CompatibilityChangeReporter: Compat change id reported: 135634846; UID 10136; state: DISABLED
01-09 10:58:38.181  1494  3234 D CompatibilityChangeReporter: Compat change id reported: 135754954; UID 10136; state: ENABLED
01-09 10:58:38.181  1494  1591 D CompatibilityChangeReporter: Compat change id reported: 143937733; UID 10136; state: ENABLED
01-09 10:58:38.129  1494  3234 I InputDispatcher: setInputWindows displayId=0 Window{72c3db9 u0 ScreenDecorOverlayBottom} Window{5503650 u0 ScreenDecorOverlay} Window{8f367ce u0 NavigationBar0} Window{62b5ec4 u0 StatusBar} Window{a373ce2 u0 com.android.systemui} Window{e48866c u0 com.snapimals.app/crc64d4f0e04271951e45.MainActivity} Window{fd3b71a u0 com.android.systemui.ImageWallpaper}
01-09 10:58:38.192   653   797 I hwcomposer: [DPY] receive refesh frquest from driver: type[4]
01-09 10:58:38.192   653   797 I hwcomposer: [HWC] fire a callback of refresh to SF
01-09 10:58:38.193   637   637 D Zygote  : Forked child process 12030
01-09 10:58:38.195  1494  1591 I ActivityManager: Start proc 12030:com.google.process.gservices/u0a136 for content provider {com.google.android.gsf/com.google.android.gsf.gservices.GservicesProvider}
01-09 10:58:38.200   674   674 I BufferQueueProducer: [FramebufferSurface](this:0xb400007b3bb4e710,id:-1,api:1,p:674,c:674) queueBuffer: fps=2.38 dur=1262.33 max=992.11 min=124.02
01-09 10:58:38.204 11898 11898 I Finsky  : [2] Process created at version: 49.2.47-29 [0] [PR] 845525049
01-09 10:58:38.205 12030 12030 E ocess.gservice: Not starting debugger since process cannot load the jdwp agent.
01-09 10:58:38.212  1494  9762 V ActivityManager: New death recipient com.android.server.am.ActivityManagerService$AppDeathRecipient@e201c62 for thread android.os.BinderProxy@21e21f3
01-09 10:58:38.260 11693 11790 I System.out: [socket]:check permission begin!
01-09 10:58:38.262 11693 11754 I VkpnsAuth:AuthTokenIPC: User is authorized: AuthorizedResult(isAuthorized=true)
01-09 10:58:38.268  1494  4956 W ActivityManager: Background start not allowed: service Intent { act=ru.rustore.sdk.pushclient.MESSAGING_EVENT pkg=ru.vk.store } to ru.vk.store/.feature.push.client.impl.presentation.PushClientMessagingService from pid=11693 uid=10189 pkg=ru.vk.store startFg?=false
01-09 10:58:38.274 12030 12030 I ocess.gservice: The ClassLoaderContext is a special shared library.
01-09 10:58:38.279 11693 11693 I VkpnsPushProvider:PushService: onCreate
01-09 10:58:38.280 11693 11693 I VkpnsPushProvider:PushService: onBind
01-09 10:58:38.283 11693 11930 D VkpnsPushProvider:CachingPushMessagesReceiver: Start receive messages
01-09 10:58:38.284 11693 11755 I VkpnsPushProvider:PushService:p: Push tokens count = 7, need to stop = false
01-09 10:58:38.284 11693 11930 D VkpnsPushProvider:MergedReceiver: Start receive messages
01-09 10:58:38.284 11693 11930 D VkpnsPushProvider:VkpnsContinuousMessagesReceiver: Start receive messages
01-09 10:58:38.285 11693 11930 D VkpnsPushProvider:Notifier: Start receive messages
01-09 10:58:38.288 11693 11936 D VkpnsPushProvider:VkpnsContinuousMessagesReceiver: Start receive messages for 7 tokens
01-09 10:58:38.291 11693 11936 D VkpnsPushProvider:VkpnsContinuousMessagesReceiver: Receiving messages with 7 requests
01-09 10:58:38.297   480   480 D KeymasterHAL: TrustKernelKeymasterImplementation.cpp:213: Invoke cmdId 16 at vendor/mediatek/proprietary/trustzone/trustkernel/source/services/keymaster/TrustKernelKeymasterImplementation.cpp:1473
01-09 10:58:38.298  1494  1872 D WifiNetworkFactory: got request NetworkRequest [ TRACK_DEFAULT id=40981, [ Capabilities: INTERNET&NOT_RESTRICTED&TRUSTED Uid: 10189 AdministratorUids: [] RequestorUid: 10189 RequestorPackageName: ru.vk.store] ] with score 101 and providerId -2
01-09 10:58:38.298  1494  1872 D UntrustedWifiNetworkFactory: got request NetworkRequest [ TRACK_DEFAULT id=40981, [ Capabilities: INTERNET&NOT_RESTRICTED&TRUSTED Uid: 10189 AdministratorUids: [] RequestorUid: 10189 RequestorPackageName: ru.vk.store] ] with score 101 and providerId -2
01-09 10:58:38.298  1494  1944 D Ethernet: got request NetworkRequest [ TRACK_DEFAULT id=40981, [ Capabilities: INTERNET&NOT_RESTRICTED&TRUSTED Uid: 10189 AdministratorUids: [] RequestorUid: 10189 RequestorPackageName: ru.vk.store] ] with score 101 and providerId -2
01-09 10:58:38.298  2258  2258 D PhoneSwitcherNetworkRequstListener: got request NetworkRequest [ TRACK_DEFAULT id=40981, [ Capabilities: INTERNET&NOT_RESTRICTED&TRUSTED Uid: 10189 AdministratorUids: [] RequestorUid: 10189 RequestorPackageName: ru.vk.store] ] with score 101 and providerId -2
01-09 10:58:38.299 11693 11890 I VkpnsPushProvider:PushService:NetworkStateCallback: On connection 279 available
01-09 10:58:38.299 11693 11890 I VkpnsPushProvider:PushService: On connection become available
01-09 10:58:38.301 11693 11774 D VkpnsPushProvider:PushService:NotifierConnection: Add push token to connect and subscribe
01-09 10:58:38.301 11693 11774 I VkpnsPushProvider:PushService:NotifierConnection: Call connect onf first token
01-09 10:58:38.301 11693 11774 I VkpnsPushProvider:NotifierConnection: Start connect to notifier
01-09 10:58:38.306   480   480 D KeymasterHAL: TrustKernelKeymasterImplementation.cpp:213: Invoke cmdId 17 at vendor/mediatek/proprietary/trustzone/trustkernel/source/services/keymaster/TrustKernelKeymasterImplementation.cpp:1557
01-09 10:58:38.306   480   480 D KeymasterHAL: TrustKernelKeymasterImplementation.cpp:1563: Update output 10B
01-09 10:58:38.308 11693 12053 I System.out: [socket]:check permission begin!
01-09 10:58:38.309 11693 11774 I VkpnsPushProvider:VkpnsNotifierApi: Subscribe for pushes with id: 1
01-09 10:58:38.309 11693 11774 D VkpnsPushProvider:NotifierConnection: Can send message to web socket: true
01-09 10:58:38.309 11693 11774 D VkpnsPushProvider:Notifier: Send subscribe for pushes
01-09 10:58:38.309 11693 11774 D VkpnsPushProvider:PushService:NotifierConnection: Add push token to connect and subscribe
01-09 10:58:38.310 11693 11774 I VkpnsPushProvider:VkpnsNotifierApi: Subscribe for pushes with id: 2
01-09 10:58:38.310 11693 11774 D VkpnsPushProvider:NotifierConnection: Can send message to web socket: true
01-09 10:58:38.310 11693 11774 D VkpnsPushProvider:Notifier: Send subscribe for pushes
01-09 10:58:38.310 11693 11774 D VkpnsPushProvider:PushService:NotifierConnection: Add push token to connect and subscribe
01-09 10:58:38.310 11693 11774 I VkpnsPushProvider:VkpnsNotifierApi: Subscribe for pushes with id: 3
01-09 10:58:38.311   480   480 D KeymasterHAL: TrustKernelKeymasterImplementation.cpp:213: Invoke cmdId 17 at vendor/mediatek/proprietary/trustzone/trustkernel/source/services/keymaster/TrustKernelKeymasterImplementation.cpp:1557
01-09 10:58:38.311   480   480 D KeymasterHAL: TrustKernelKeymasterImplementation.cpp:1563: Update output 0B
01-09 10:58:38.311   480   480 D KeymasterHAL: TrustKernelKeymasterImplementation.cpp:213: Invoke cmdId 18 at vendor/mediatek/proprietary/trustzone/trustkernel/source/services/keymaster/TrustKernelKeymasterImplementation.cpp:1663
01-09 10:58:38.311 11693 11774 D VkpnsPushProvider:NotifierConnection: Can send message to web socket: true
01-09 10:58:38.311 11693 11774 D VkpnsPushProvider:Notifier: Send subscribe for pushes
01-09 10:58:38.311 11693 11774 D VkpnsPushProvider:PushService:NotifierConnection: Add push token to connect and subscribe
01-09 10:58:38.311 11693 11774 I VkpnsPushProvider:VkpnsNotifierApi: Subscribe for pushes with id: 4
01-09 10:58:38.311 11693 11774 D VkpnsPushProvider:NotifierConnection: Can send message to web socket: true
01-09 10:58:38.311 11693 11774 D VkpnsPushProvider:Notifier: Send subscribe for pushes
01-09 10:58:38.318   480   480 D KeymasterHAL: TrustKernelKeymasterImplementation.cpp:213: Invoke cmdId 16 at vendor/mediatek/proprietary/trustzone/trustkernel/source/services/keymaster/TrustKernelKeymasterImplementation.cpp:1473
01-09 10:58:38.320   480   480 D KeymasterHAL: TrustKernelKeymasterImplementation.cpp:213: Invoke cmdId 17 at vendor/mediatek/proprietary/trustzone/trustkernel/source/services/keymaster/TrustKernelKeymasterImplementation.cpp:1557
01-09 10:58:38.320   480   480 D KeymasterHAL: TrustKernelKeymasterImplementation.cpp:1563: Update output 10B
01-09 10:58:38.321   480   480 D KeymasterHAL: TrustKernelKeymasterImplementation.cpp:213: Invoke cmdId 17 at vendor/mediatek/proprietary/trustzone/trustkernel/source/services/keymaster/TrustKernelKeymasterImplementation.cpp:1557
01-09 10:58:38.321   480   480 D KeymasterHAL: TrustKernelKeymasterImplementation.cpp:1563: Update output 0B
01-09 10:58:38.321   480   480 D KeymasterHAL: TrustKernelKeymasterImplementation.cpp:213: Invoke cmdId 18 at vendor/mediatek/proprietary/trustzone/trustkernel/source/services/keymaster/TrustKernelKeymasterImplementation.cpp:1663
01-09 10:58:38.322 11693 12054 I VkpnsPushProvider:PushService: IPC registerForPushes
01-09 10:58:38.323 11693 11744 W ApkUtil : getPackageInfo NameNotFoundException
01-09 10:58:38.324 11693 11744 I chatty  : uid=10189(ru.vk.store) pool-3-thread-1 identical 1 line
01-09 10:58:38.324 11693 11744 W ApkUtil : getPackageInfo NameNotFoundException
01-09 10:58:38.325 11747 12026 E ion     : ioctl c0044901 failed with code -1: Invalid argument
01-09 10:58:38.326 11693 11744 I StmUt   : getPpsKitVerCode ex: NameNotFoundException
01-09 10:58:38.326 11693 11744 I AdvertisingIdClient: requestAdvertisingIdInfo via aidl
01-09 10:58:38.326 11693 11744 W ApkUtil : getPackageInfo NameNotFoundException
01-09 10:58:38.328 11693 12055 I System.out: [socket]:check permission begin!
01-09 10:58:38.329 11693 11948 I VkpnsPushProvider:InsertPushTokenByProjectId: Updating package info for client ru.vk.store
01-09 10:58:38.329   480   480 D KeymasterHAL: TrustKernelKeymasterImplementation.cpp:213: Invoke cmdId 16 at vendor/mediatek/proprietary/trustzone/trustkernel/source/services/keymaster/TrustKernelKeymasterImplementation.cpp:1473
01-09 10:58:38.330 11693 11948 I VkpnsPushProvider:InsertPushTokenByProjectId: Current push token is already registered
01-09 10:58:38.331 11693 11744 W ApkUtil : getPackageInfo NameNotFoundException
01-09 10:58:38.333 11693 11774 I VkpnsPushProvider:PushService:PushesIPC: Register for pushes is successful
01-09 10:58:38.334 11693 11744 W ApkUtil : getPackageInfo NameNotFoundException
01-09 10:58:38.339   480   480 D KeymasterHAL: TrustKernelKeymasterImplementation.cpp:213: Invoke cmdId 17 at vendor/mediatek/proprietary/trustzone/trustkernel/source/services/keymaster/TrustKernelKeymasterImplementation.cpp:1557
01-09 10:58:38.339   480   480 D KeymasterHAL: TrustKernelKeymasterImplementation.cpp:1563: Update output 108B
01-09 10:58:38.340   480   480 D KeymasterHAL: TrustKernelKeymasterImplementation.cpp:213: Invoke cmdId 17 at vendor/mediatek/proprietary/trustzone/trustkernel/source/services/keymaster/TrustKernelKeymasterImplementation.cpp:1557
01-09 10:58:38.341   480   480 D KeymasterHAL: TrustKernelKeymasterImplementation.cpp:1563: Update output 0B
01-09 10:58:38.341   480   480 D KeymasterHAL: TrustKernelKeymasterImplementation.cpp:213: Invoke cmdId 18 at vendor/mediatek/proprietary/trustzone/trustkernel/source/services/keymaster/TrustKernelKeymasterImplementation.cpp:1663
01-09 10:58:38.364   480   480 D KeymasterHAL: TrustKernelKeymasterImplementation.cpp:213: Invoke cmdId 16 at vendor/mediatek/proprietary/trustzone/trustkernel/source/services/keymaster/TrustKernelKeymasterImplementation.cpp:1473
01-09 10:58:38.369   480   480 D KeymasterHAL: TrustKernelKeymasterImplementation.cpp:213: Invoke cmdId 17 at vendor/mediatek/proprietary/trustzone/trustkernel/source/services/keymaster/TrustKernelKeymasterImplementation.cpp:1557
01-09 10:58:38.369   480   480 D KeymasterHAL: TrustKernelKeymasterImplementation.cpp:1563: Update output 10B
01-09 10:58:38.370   480   480 D KeymasterHAL: TrustKernelKeymasterImplementation.cpp:213: Invoke cmdId 17 at vendor/mediatek/proprietary/trustzone/trustkernel/source/services/keymaster/TrustKernelKeymasterImplementation.cpp:1557
01-09 10:58:38.371   480   480 D KeymasterHAL: TrustKernelKeymasterImplementation.cpp:1563: Update output 0B
01-09 10:58:38.371   480   480 D KeymasterHAL: TrustKernelKeymasterImplementation.cpp:213: Invoke cmdId 18 at vendor/mediatek/proprietary/trustzone/trustkernel/source/services/keymaster/TrustKernelKeymasterImplementation.cpp:1663
01-09 10:58:38.373   480   480 D KeymasterHAL: TrustKernelKeymasterImplementation.cpp:213: Invoke cmdId 16 at vendor/mediatek/proprietary/trustzone/trustkernel/source/services/keymaster/TrustKernelKeymasterImplementation.cpp:1473
01-09 10:58:38.374   480   480 D KeymasterHAL: TrustKernelKeymasterImplementation.cpp:213: Invoke cmdId 17 at vendor/mediatek/proprietary/trustzone/trustkernel/source/services/keymaster/TrustKernelKeymasterImplementation.cpp:1557
01-09 10:58:38.375   480   480 D KeymasterHAL: TrustKernelKeymasterImplementation.cpp:1563: Update output 10B
01-09 10:58:38.376   480   480 D KeymasterHAL: TrustKernelKeymasterImplementation.cpp:213: Invoke cmdId 17 at vendor/mediatek/proprietary/trustzone/trustkernel/source/services/keymaster/TrustKernelKeymasterImplementation.cpp:1557
01-09 10:58:38.376   480   480 D KeymasterHAL: TrustKernelKeymasterImplementation.cpp:1563: Update output 0B
01-09 10:58:38.376   480   480 D KeymasterHAL: TrustKernelKeymasterImplementation.cpp:213: Invoke cmdId 18 at vendor/mediatek/proprietary/trustzone/trustkernel/source/services/keymaster/TrustKernelKeymasterImplementation.cpp:1663
01-09 10:58:38.377 11693 12066 I System.out: [okhttp]:check permission begin!
01-09 10:58:38.377 11693 12066 W System  : ClassLoader referenced unknown path: system/framework/mediatek-cta.jar
01-09 10:58:38.377 11693 12066 I System.out: [okhttp] e:java.lang.ClassNotFoundException: com.mediatek.cta.CtaUtils
01-09 10:58:38.378   480   480 D KeymasterHAL: TrustKernelKeymasterImplementation.cpp:213: Invoke cmdId 16 at vendor/mediatek/proprietary/trustzone/trustkernel/source/services/keymaster/TrustKernelKeymasterImplementation.cpp:1473
01-09 10:58:38.383   480   480 D KeymasterHAL: TrustKernelKeymasterImplementation.cpp:213: Invoke cmdId 17 at vendor/mediatek/proprietary/trustzone/trustkernel/source/services/keymaster/TrustKernelKeymasterImplementation.cpp:1557
01-09 10:58:38.383  1494  1954 D sytest  : persist.sys.ledcharge=truepersist.sys.ledlowbattery=true
01-09 10:58:38.383   480   480 D KeymasterHAL: TrustKernelKeymasterImplementation.cpp:1563: Update output 139B
01-09 10:58:38.385  1494  1494 I DeviceIdleController: updateChargingLocked: charging=true
01-09 10:58:38.385  1494  1494 I DeviceIdleController: becomeActiveLocked, reason=charging, changeLightIdle=true
01-09 10:58:38.386   480   480 D KeymasterHAL: TrustKernelKeymasterImplementation.cpp:213: Invoke cmdId 17 at vendor/mediatek/proprietary/trustzone/trustkernel/source/services/keymaster/TrustKernelKeymasterImplementation.cpp:1557
01-09 10:58:38.387 24013 24013 I hct_torch: [onReceive]intent=Intent { act=android.intent.action.BATTERY_CHANGED flg=0x60000010 (has extras) }
01-09 10:58:38.387 24013 24013 D KeyguardChargeAnimationView: mBatteryPercentage is 11% mCharging true battery 11
01-09 10:58:38.387 11693 12068 I System.out: [okhttp]:check permission begin!
01-09 10:58:38.388 11693 12068 I System.out: [okhttp]:not MMS!
01-09 10:58:38.388 11693 12068 I System.out: [okhttp]:not Email!
01-09 10:58:38.390   480   480 D KeymasterHAL: TrustKernelKeymasterImplementation.cpp:1563: Update output 0B
01-09 10:58:38.390   480   480 D KeymasterHAL: TrustKernelKeymasterImplementation.cpp:213: Invoke cmdId 18 at vendor/mediatek/proprietary/trustzone/trustkernel/source/services/keymaster/TrustKernelKeymasterImplementation.cpp:1663
01-09 10:58:38.405   480   480 D KeymasterHAL: TrustKernelKeymasterImplementation.cpp:213: Invoke cmdId 16 at vendor/mediatek/proprietary/trustzone/trustkernel/source/services/keymaster/TrustKernelKeymasterImplementation.cpp:1473
01-09 10:58:38.406   480   480 D KeymasterHAL: TrustKernelKeymasterImplementation.cpp:213: Invoke cmdId 17 at vendor/mediatek/proprietary/trustzone/trustkernel/source/services/keymaster/TrustKernelKeymasterImplementation.cpp:1557
01-09 10:58:38.407   480   480 D KeymasterHAL: TrustKernelKeymasterImplementation.cpp:1563: Update output 10B
01-09 10:58:38.408 11747 11747 I TetheringManager: registerTetheringEventCallback:org.telegram.messenger
01-09 10:58:38.408   480   480 D KeymasterHAL: TrustKernelKeymasterImplementation.cpp:213: Invoke cmdId 17 at vendor/mediatek/proprietary/trustzone/trustkernel/source/services/keymaster/TrustKernelKeymasterImplementation.cpp:1557
01-09 10:58:38.409   480   480 D KeymasterHAL: TrustKernelKeymasterImplementation.cpp:1563: Update output 0B
01-09 10:58:38.409   480   480 D KeymasterHAL: TrustKernelKeymasterImplementation.cpp:213: Invoke cmdId 18 at vendor/mediatek/proprietary/trustzone/trustkernel/source/services/keymaster/TrustKernelKeymasterImplementation.cpp:1663
01-09 10:58:38.413 11693 11774 D VkpnsPushProvider:PushService:NotifierConnection: Add push token to connect and subscribe
01-09 10:58:38.413 11693 11774 I VkpnsPushProvider:VkpnsNotifierApi: Subscribe for pushes with id: 5
01-09 10:58:38.413 11693 11774 D VkpnsPushProvider:NotifierConnection: Can send message to web socket: true
01-09 10:58:38.413 11693 11774 D VkpnsPushProvider:Notifier: Send subscribe for pushes
01-09 10:58:38.413 11693 11774 D VkpnsPushProvider:PushService:NotifierConnection: Add push token to connect and subscribe
01-09 10:58:38.414 11693 11774 I VkpnsPushProvider:VkpnsNotifierApi: Subscribe for pushes with id: 6
01-09 10:58:38.414 11693 11774 D VkpnsPushProvider:NotifierConnection: Can send message to web socket: true
01-09 10:58:38.414 11693 11774 D VkpnsPushProvider:Notifier: Send subscribe for pushes
01-09 10:58:38.414 11693 11774 D VkpnsPushProvider:PushService:NotifierConnection: Add push token to connect and subscribe
01-09 10:58:38.414 11693 11774 I VkpnsPushProvider:VkpnsNotifierApi: Subscribe for pushes with id: 7
01-09 10:58:38.415 11693 11774 D VkpnsPushProvider:NotifierConnection: Can send message to web socket: true
01-09 10:58:38.415 11693 11774 D VkpnsPushProvider:Notifier: Send subscribe for pushes
01-09 10:58:38.417   480   480 D KeymasterHAL: TrustKernelKeymasterImplementation.cpp:213: Invoke cmdId 16 at vendor/mediatek/proprietary/trustzone/trustkernel/source/services/keymaster/TrustKernelKeymasterImplementation.cpp:1473
01-09 10:58:38.419 24013 24013 D PowerUI : mBatteryProps.batteryTemperature=258,mLastBatteryTemperature =256
01-09 10:58:38.419 24013 24013 D PowerUI : oldTempBucket=0,tempBucket =0
01-09 10:58:38.421   480   480 D KeymasterHAL: TrustKernelKeymasterImplementation.cpp:213: Invoke cmdId 17 at vendor/mediatek/proprietary/trustzone/trustkernel/source/services/keymaster/TrustKernelKeymasterImplementation.cpp:1557
01-09 10:58:38.421   480   480 D KeymasterHAL: TrustKernelKeymasterImplementation.cpp:1563: Update output 10B
01-09 10:58:38.421 12030 12030 I LoadedApk: No resource references to update in package com.blackview
01-09 10:58:38.422 12030 12030 D NetworkSecurityConfig: No Network Security Config specified, using platform default
01-09 10:58:38.422 12030 12030 D NetworkSecurityConfig: No Network Security Config specified, using platform default
01-09 10:58:38.422   480   480 D KeymasterHAL: TrustKernelKeymasterImplementation.cpp:213: Invoke cmdId 17 at vendor/mediatek/proprietary/trustzone/trustkernel/source/services/keymaster/TrustKernelKeymasterImplementation.cpp:1557
01-09 10:58:38.422   480   480 D KeymasterHAL: TrustKernelKeymasterImplementation.cpp:1563: Update output 0B
01-09 10:58:38.422   480   480 D KeymasterHAL: TrustKernelKeymasterImplementation.cpp:213: Invoke cmdId 18 at vendor/mediatek/proprietary/trustzone/trustkernel/source/services/keymaster/TrustKernelKeymasterImplementation.cpp:1663
01-09 10:58:38.426   480   480 D KeymasterHAL: TrustKernelKeymasterImplementation.cpp:213: Invoke cmdId 16 at vendor/mediatek/proprietary/trustzone/trustkernel/source/services/keymaster/TrustKernelKeymasterImplementation.cpp:1473
01-09 10:58:38.427  1494  1872 D WifiNetworkFactory: got request NetworkRequest [ TRACK_DEFAULT id=40982, [ Capabilities: INTERNET&NOT_RESTRICTED&TRUSTED Uid: 10192 AdministratorUids: [] RequestorUid: 10192 RequestorPackageName: org.telegram.messenger] ] with score 101 and providerId -2
01-09 10:58:38.427  2258  2258 D PhoneSwitcherNetworkRequstListener: got request NetworkRequest [ TRACK_DEFAULT id=40982, [ Capabilities: INTERNET&NOT_RESTRICTED&TRUSTED Uid: 10192 AdministratorUids: [] RequestorUid: 10192 RequestorPackageName: org.telegram.messenger] ] with score 101 and providerId -2
01-09 10:58:38.427  1494  1872 D UntrustedWifiNetworkFactory: got request NetworkRequest [ TRACK_DEFAULT id=40982, [ Capabilities: INTERNET&NOT_RESTRICTED&TRUSTED Uid: 10192 AdministratorUids: [] RequestorUid: 10192 RequestorPackageName: org.telegram.messenger] ] with score 101 and providerId -2
01-09 10:58:38.427  1494  1944 D Ethernet: got request NetworkRequest [ TRACK_DEFAULT id=40982, [ Capabilities: INTERNET&NOT_RESTRICTED&TRUSTED Uid: 10192 AdministratorUids: [] RequestorUid: 10192 RequestorPackageName: org.telegram.messenger] ] with score 101 and providerId -2
01-09 10:58:38.429   480   480 D KeymasterHAL: TrustKernelKeymasterImplementation.cpp:213: Invoke cmdId 17 at vendor/mediatek/proprietary/trustzone/trustkernel/source/services/keymaster/TrustKernelKeymasterImplementation.cpp:1557
01-09 10:58:38.429   480   480 D KeymasterHAL: TrustKernelKeymasterImplementation.cpp:1563: Update output 106B
01-09 10:58:38.430   480   480 D KeymasterHAL: TrustKernelKeymasterImplementation.cpp:213: Invoke cmdId 17 at vendor/mediatek/proprietary/trustzone/trustkernel/source/services/keymaster/TrustKernelKeymasterImplementation.cpp:1557
01-09 10:58:38.432   480   480 D KeymasterHAL: TrustKernelKeymasterImplementation.cpp:1563: Update output 0B
01-09 10:58:38.432   480   480 D KeymasterHAL: TrustKernelKeymasterImplementation.cpp:213: Invoke cmdId 18 at vendor/mediatek/proprietary/trustzone/trustkernel/source/services/keymaster/TrustKernelKeymasterImplementation.cpp:1663
01-09 10:58:38.434 12030 12030 I GservicesProvider: Gservices pushing to system: true; secure/global: true
01-09 10:58:38.443 11693 12066 I System.out: [socket]:check permission begin!
01-09 10:58:38.445   674   742 I BufferQueueProducer: [StatusBar#0](this:0xb400007b4c0da478,id:7971,api:1,p:24013,c:674) queueBuffer: fps=0.58 dur=1724.10 max=1724.10 min=1724.10
01-09 10:58:38.447  1494  9112 V SettingsProvider: packageValueForCallResult, name = sqlite_compatibility_wal_flags, value : Bundle[{_track_generation=android.util.MemoryIntArray@89, value=, _generation_index=0, _generation=475}]
01-09 10:58:38.461 11693 12068 I System.out: [socket]:check permission begin!
01-09 10:58:38.471 11898 12075 I Finsky  : [117322] Finished reading experiment flags from file [0tGUNCGIkbk4o6-fQ335kUYSKwVj4lusnHT-A5Dsy08] numFlags=2158.
01-09 10:58:38.481 11693 11876 I StatLog:: save data={"id":7929190,"timestamp":"1767945517823000","screen":"nowhere","prev_event_id":7929189,"prev_nav_id":0,"type":"type_action","type_action":{"type":"type_debug_stats_item","type_debug_stats_item":{"event_type":"session_management_initialization","json":"{\"init_time_ms\":\"279\",\"init_db_time_ms\":\"0\",\"init_encrypted_prefs_time_ms\":\"279\",\"init_non_encrypted_prefs\":\"0\",\"init_migration_to_prefs\":\"0\",\"init_migration_to_non_encrypted_ms\":\"0\"}"}}} length=0 kB
01-09 10:58:38.482 11693 11876 I StatLog:: save data={"id":7929189,"timestamp":"1767945517820000","screen":"nowhere","prev_event_id":7929188,"prev_nav_id":0,"type":"type_action","type_action":{"type":"type_debug_stats_item","type_debug_stats_item":{"event_type":"superappkit_init_time","description":"initialization","json":"{\"time\":\"224\",\"user_agent\":\"SAK_1.131(ru.vk.store)\\/1.67.1.0-1067100 (Android 11; SDK 30; arm64-v8a; wheatek BV8800; en; 2186x1080)\"}"}}} length=0 kB
01-09 10:58:38.502 11898 12075 I Finsky  : [117322] Finished reading experiment flags from file [Se-xCc4LzNyh3UrKMIU2sUf-PUKz4oQEbpKZDMuaFno] numFlags=2175.
01-09 10:58:38.520   653   797 I hwcomposer: [DPY] receive refesh frquest from driver: type[4]
01-09 10:58:38.520   653   797 I hwcomposer: [HWC] fire a callback of refresh to SF
01-09 10:58:38.539   653   802 E hwcomposer: [DRMDEV] failed to drmWaitVBlank with dpy_0: -1
01-09 10:58:38.539   653   802 W hwcomposer: (0) failed to waitNextVsync: -1
01-09 10:58:38.601 11693 12055 I VkpnsPushProvider:Notifier:LoggingWebSocketListener: Websocket connection opened with code = 101
01-09 10:58:38.601 11693 12055 D VkpnsPushProvider:Notifier: Start receive messages
01-09 10:58:38.616  1494  9762 I system_server: oneway function results will be dropped but finished with status OK and parcel size 4
01-09 10:58:38.617   665  1355 D AudioFlinger_Threads: ro.audio.silent is ignored since no output device is set
01-09 10:58:38.619  1494  9112 I system_server: oneway function results will be dropped but finished with status OK and parcel size 4
01-09 10:58:38.619  1494  9762 I system_server: oneway function results will be dropped but finished with status OK and parcel size 4
01-09 10:58:38.620  1494  4956 I system_server: oneway function results will be dropped but finished with status OK and parcel size 4
01-09 10:58:38.621  1494  4956 I chatty  : uid=1000(system) Binder:1494_16 identical 5 lines
01-09 10:58:38.621  1494  4956 I system_server: oneway function results will be dropped but finished with status OK and parcel size 4
01-09 10:58:38.623 11747 12001 D CompatibilityChangeReporter: Compat change id reported: 147600208; UID 10192; state: ENABLED
01-09 10:58:38.641   640  4055 D AudioALSAStreamManager: getInputBufferSize(), sampleRate = 48000, format = 0x1, channelCount = 1, bufferSize = 1920
01-09 10:58:38.646  1494  2333 V SettingsProvider: packageValueForCallResult, name = device_provisioned, value : Bundle[{_track_generation=android.util.MemoryIntArray@89, value=1, _generation_index=0, _generation=475}]
01-09 10:58:38.648 11747 11747 I Choreographer: Skipped 100 frames!  The application may be doing too much work on its main thread.
01-09 10:58:38.670 11693 11774 D VkpnsPushProvider:Notifier: Parse request response: 1
01-09 10:58:38.670 11693 11774 D VkpnsPushProvider:Notifier: Handle subscribed token
01-09 10:58:38.678 11898 12076 W Finsky  : [117323] Failed to get the task info for cold start.
01-09 10:58:38.678 11898 12076 I Finsky  : [117323] Process started for unknown session.
01-09 10:58:38.684 11898 12090 I Finsky  : [117326] Finished reading experiment flags from file [wMdfwyhYB1rsOIb8qoivMjT_FbmgZFRioeIBQEWPVqE] numFlags=2185.
01-09 10:58:38.692 11898 12074 I Finsky  : [117321] ahfx - Registering in memory receiver for android.intent.action.PACKAGE_ADDED and android.intent.action.PACKAGE_REMOVED
01-09 10:58:38.705 11693 11937 D VkpnsPushProvider:j: Saved 1 to database
01-09 10:58:38.707 11693 11774 I VkpnsPushProvider:CachingPushMessagesReceiver: Saved 1 messages, received by route HTTP
01-09 10:58:38.707 11693 11774 I VkpnsPushProvider:CachingPushMessagesReceiver: Processing syn list: [2078], is order guaranteed: true
01-09 10:58:38.707 11693 11774 D VkpnsPushProvider:CachingPushMessagesReceiver: Start update of last saved syn
01-09 10:58:38.707 11693 11774 D VkpnsPushProvider:CachingPushMessagesReceiver: Finished updating last syn: 2078
01-09 10:58:38.708 11693 11930 I VkpnsPushProvider:PushDelivery: Send 1 messages to ru.vk.store
01-09 10:58:38.712 11693 11939 D VkpnsPushProvider:Notifier: Parse request response: 2
01-09 10:58:38.712 11693 11939 D VkpnsPushProvider:Notifier: Handle subscribed token
01-09 10:58:38.712 11693 11933 D VkpnsPushProvider:Notifier: Parse request response: 3
01-09 10:58:38.712 11693 11933 D VkpnsPushProvider:Notifier: Handle subscribed token
01-09 10:58:38.716 11693 11941 D VkpnsPushProvider:Notifier: Parse request response: 4
01-09 10:58:38.717 11693 11941 D VkpnsPushProvider:Notifier: Handle subscribed token
01-09 10:58:38.717 11693 11933 D VkpnsPushProvider:Notifier: Parse request response: 5
01-09 10:58:38.717 11693 11933 D VkpnsPushProvider:Notifier: Handle subscribed token
01-09 10:58:38.718 11693 11928 I VkpnsPushProvider:PushIPCClient: bindService to ru.vk.store via sendMessages function returns true, waiting for connection establishment
01-09 10:58:38.720 11693 11774 D VkpnsPushProvider:Notifier: Parse request response: 6
01-09 10:58:38.720 11693 11774 D VkpnsPushProvider:Notifier: Handle subscribed token
01-09 10:58:38.722 11693 11939 D VkpnsPushProvider:Notifier: Parse request response: 7
01-09 10:58:38.722 11693 11939 D VkpnsPushProvider:Notifier: Handle subscribed token
01-09 10:58:38.727 11898 12090 I Finsky  : [117326] Finished reading experiment flags from file [Wh3O91cQInb0M7yaU3vwzEQRU4rgUDso0kAPnelniaY] numFlags=2184.
01-09 10:58:38.728 11693 11693 I VkpnsPushProvider:PushIPCClient: On service connected! Remote host package name = ru.vk.store
01-09 10:58:38.728 11693 11693 I VkpnsPushProvider:PushIPCClient: Service connection to ru.vk.store has been established
01-09 10:58:38.734 11693 11929 D WM-RemoteWorkManagerCli: Creating a new session
01-09 10:58:38.752 11693 11693 I WM-RemoteWorkManagerSer: Binding to RemoteWorkManager
01-09 10:58:38.752 11693 11953 V VKSdkApi: 0 <-- 200 https://api.vk.com/method/account.getToggles (870ms)
01-09 10:58:38.752 11693 11953 V VKSdkApi: 0 server: kittenx
01-09 10:58:38.752 11693 11953 V VKSdkApi: 0 date: Fri, 09 Jan 2026 07:58:40 GMT
01-09 10:58:38.752 11693 11953 V VKSdkApi: 0 content-type: application/json; charset=utf-8
01-09 10:58:38.752 11693 11953 V VKSdkApi: 0 access-control-allow-credentials: true
01-09 10:58:38.753 11693 11953 V VKSdkApi: 0 vary: Accept-Encoding
01-09 10:58:38.753 11693 11953 V VKSdkApi: 0 x-api-gateway: 136.api-gateway-production.zc
01-09 10:58:38.753 11693 11953 V VKSdkApi: 0 x-content-type-options: nosniff
01-09 10:58:38.756 11693 11953 V VKSdkApi: 0 x-frontend: front661806
01-09 10:58:38.756 11693 11953 V VKSdkApi: 0 access-control-expose-headers: X-Frontend
01-09 10:58:38.757 11693 11953 V VKSdkApi: 0 x-trace-id: Ve4dHYhTA4OCnCpT6jJXRqUpnQqCDw
01-09 10:58:38.757 11693 11953 V VKSdkApi: 0 x-trace-id-v2: 019ba1c3c3ee79b5a0eb6c28ed8be81c
01-09 10:58:38.757 11693 11953 V VKSdkApi: 0 server-timing: tid;desc="Ve4dHYhTA4OCnCpT6jJXRqUpnQqCDw",front;dur=5.343
01-09 10:58:38.758 11693 11953 V VKSdkApi: 0
01-09 10:58:38.761 11693 11693 D WM-RemoteWMgr.Connectio: Service connected
01-09 10:58:38.762 11898 11898 I Finsky  : [2] Profiling: Starting up (17)
01-09 10:58:38.771 11693 12148 I VkpnsPushProvider:PushIPCClient: Executing pending request as connection is alive now
01-09 10:58:38.772 11693 12148 I VkpnsPushProvider:PushIPCClient: sendMessages ipc request is starting
01-09 10:58:38.772 11693 11935 W System.err: SLF4J: Failed to load class "org.slf4j.impl.StaticLoggerBinder".
01-09 10:58:38.775 11693 11935 W System.err: SLF4J: Defaulting to no-operation (NOP) logger implementation
01-09 10:58:38.775 11693 11935 W System.err: SLF4J: See http://www.slf4j.org/codes.html#StaticLoggerBinder for further details.
01-09 10:58:38.782 11693 11953 V VKSdkApi: 0 {"response":{"toggles":[{"enabled":true,"name":"vkc_tinkoff_app_to_app_android","experiment_id":0,"ab_group_id":0},{"enabled":true,"name":"vkc_callin_auth_android","experiment_id":0,"ab_group_id":0},{"enabled":true,"name":"vkc_available_oauth_list","value":"mail_ru,ok_ru,dev_ok_ru,sber_id,esia,my_com,yandex_id,tinkoff_id,alfa_id,vtb_id","experiment_id":0,"ab_group_id":0},{"enabled":true,"name":"vkc_create_account_android","experiment_id":0,"ab_group_id":0},{"enabled":true,"name":"vkc_silent_auth_speed_up","value":"0,2","experiment_id":0,"ab_group_id":0},{"enabled":true,"name":"vkc_qr_webtoapp_onb_url_light","value":"https://sun9-80.userapi.com/mRQevr4q40XPnYV_lDYMqYaP8ndvwpw01mDNxA/5VzmcGvZ71o.mp4","experiment_id":0,"ab_group_id":0},{"enabled":true,"name":"vkc_qr_webtoapp_onb_url_dark","value":"https://sun9-33.userapi.com/V3vi5Kuu8GOyNbQ8I6k1ZLD9XkqVjCykWabaOw/R_C_Wh3KaKw.mp4","experiment_id":0,"ab_group_id":0},{"enabled":false,"name":"vkc_libverify_session","experiment_id":14136,"ab_group_id":0},{"enabled":true,"name":"vkc_smartflow_internal_android","experiment_id":0,"ab_group_id":0},{"enabled":true,"name":"vkc_captcha_not_robot_droid","experiment_id":0,"ab_group_id":0},{"enabled":true,"name":"vkc_accessibility_theme","experiment_id":0,"ab_group_id":0},{"enabled":false,"name":"vkc_usersstore_only_cache_anon","experiment_id":12981,"ab_group_id":0},{"enabled":true,"name":"vkc_hitman_captcha_android","experiment_id":0,"ab_group_id":0},{"enabled":true,"name":"vkc_phonereuse_auth_android","experiment_id":0,"ab_group_id":0},{"enabled":true,"name":"vkc_reg_next_step_priority","experiment_id":0,"ab_group_id":0}],"version":1766586656}}
01-09 10:58:38.785 11693 11953 V VKSdkApi: 0 <-- END HTTP (1656-byte body)
01-09 10:58:38.793  1494  7454 W ActivityManager: Background start not allowed: service Intent { act=ru.rustore.sdk.pushclient.MESSAGING_EVENT pkg=ru.vk.store } to ru.vk.store/.feature.push.client.impl.presentation.PushClientMessagingService from pid=11693 uid=10189 pkg=ru.vk.store startFg?=false
01-09 10:58:38.808 11693 11933 I VkpnsPushProvider:PushIPCClient: sendMessages ipc request is success
01-09 10:58:38.809 11693 11933 I VkpnsPushProvider:PushDelivery: Delivered all messages to ru.vk.store
01-09 10:58:38.837 11693 11773 D WM-GreedyScheduler: Cancelling work ID e08bdd08-10e3-4f4e-86c9-658fa06ef6c3
01-09 10:58:38.844  1494  2333 D CompatibilityChangeReporter: Compat change id reported: 135634846; UID 10068; state: DISABLED
01-09 10:58:38.844  1494  2333 D CompatibilityChangeReporter: Compat change id reported: 135754954; UID 10068; state: ENABLED
01-09 10:58:38.844  1494  1591 D CompatibilityChangeReporter: Compat change id reported: 143937733; UID 10068; state: ENABLED
01-09 10:58:38.850 11693 11773 D WM-SystemJobScheduler: Scheduling work ID e08bdd08-10e3-4f4e-86c9-658fa06ef6c3Job ID 39787
01-09 10:58:38.853   637   637 D Zygote  : Forked child process 12152
01-09 10:58:38.856  1494  1591 I ActivityManager: Start proc 12152:android.process.acore/u0a68 for content provider {com.android.providers.contacts/com.android.providers.contacts.ContactsProvider2}
01-09 10:58:38.868 12152 12152 E d.process.acor: Not starting debugger since process cannot load the jdwp agent.
01-09 10:58:38.877  1494  7454 V ActivityManager: New death recipient com.android.server.am.ActivityManagerService$AppDeathRecipient@4ef3b8 for thread android.os.BinderProxy@8300591
01-09 10:58:38.889 11747 12025 V ActivityThread: Recovering failed rename /storage/emulated/0/Android/data/org.telegram.messenger/cache/000000000_999999_temp.f to /storage/emulated/0/Android/media/org.telegram.messenger/Telegram/Telegram Images/000000000_999999.f
01-09 10:58:38.897 11693 11799 D WM-GreedyScheduler: Cancelling work ID 551aca30-3d3e-4b3e-8af0-50e3353b0b94
01-09 10:58:38.902 11898 11898 I Finsky  : [2] AsyncInit: Mandatory tasks are executed!
01-09 10:58:38.906 11898 12075 I TetheringManager: registerTetheringEventCallback:com.android.vending
01-09 10:58:38.911 11898 11898 W Settings: Setting download_manager_max_bytes_over_mobile has moved from android.provider.Settings.Secure to android.provider.Settings.Global.
01-09 10:58:38.914 11693 11799 D WM-SystemJobScheduler: Scheduling work ID 551aca30-3d3e-4b3e-8af0-50e3353b0b94Job ID 39788
01-09 10:58:38.916  1494  3234 V SettingsProvider: packageValueForCallResult, name = android_id, value : Bundle[{_track_generation=android.util.MemoryIntArray@89, value=44d94c5d9eaffdd4, _generation_index=2, _generation=1269}]
01-09 10:58:38.917 11898 11898 I Finsky  : [2] SettingNotFoundException, fall through to G.downloadBytesOverMobileMaximum
01-09 10:58:38.917 11898 11898 W Settings: Setting download_manager_recommended_max_bytes_over_mobile has moved from android.provider.Settings.Secure to android.provider.Settings.Global.
01-09 10:58:38.918 11898 11898 I Finsky  : [2] SettingNotFoundException, fall through to G.downloadBytesOverMobileRecommended
01-09 10:58:38.919 11898 12076 I Finsky  : [117323] Subscription detail: DataSubscriptionInfo{groupIdLevel1=FFFFFFFFFFFFFFFF, serviceProviderName=[I1AORhWSAnTrImWBTKLSNtjobxYsT2fx21ZbdIrE87U], simCarrierId=2142}
01-09 10:58:38.927 11898 12075 I Finsky  : [117322] playLoggingServerUrl: https://play.googleapis.com/play/log
01-09 10:58:38.927 11898 12075 I Finsky  : [117322] playLoggingServerTimestampUrl: https://play.googleapis.com/play/log/timestamp
01-09 10:58:38.931 11898 11898 I Finsky  : [2] This process start was not selected for Play memory metrics collection.
01-09 10:58:38.940 11898 12178 D HttpFlagsLoader: Not loading HTTP flags because they are disabled in the manifest
01-09 10:58:38.949 11898 11898 I Finsky  : [2] Memory trim requested to level 10
01-09 10:58:38.951 11898 12074 W linker  : Warning: "/data/app/~~C-kV27YUKUX2olxmsxcjqg==/com.android.vending-Po3rX1OoPUEyejqK_wgueA==/split_config.arm64_v8a.apk!/lib/arm64-v8a/libcronet.144.0.7509.3.so" unused DT entry: unknown processor-specific (type 0x70000001 arg 0x0) (ignoring)
01-09 10:58:38.954  2258  2258 D PhoneSwitcherNetworkRequstListener: got request NetworkRequest [ TRACK_DEFAULT id=40983, [ Capabilities: INTERNET&NOT_RESTRICTED&TRUSTED Uid: 10135 AdministratorUids: [] RequestorUid: 10135 RequestorPackageName: com.android.vending] ] with score 101 and providerId -2
01-09 10:58:38.954  1494  1944 D Ethernet: got request NetworkRequest [ TRACK_DEFAULT id=40983, [ Capabilities: INTERNET&NOT_RESTRICTED&TRUSTED Uid: 10135 AdministratorUids: [] RequestorUid: 10135 RequestorPackageName: com.android.vending] ] with score 101 and providerId -2
01-09 10:58:38.954  1494  1872 D WifiNetworkFactory: got request NetworkRequest [ TRACK_DEFAULT id=40983, [ Capabilities: INTERNET&NOT_RESTRICTED&TRUSTED Uid: 10135 AdministratorUids: [] RequestorUid: 10135 RequestorPackageName: com.android.vending] ] with score 101 and providerId -2
01-09 10:58:38.955  1494  1872 D UntrustedWifiNetworkFactory: got request NetworkRequest [ TRACK_DEFAULT id=40983, [ Capabilities: INTERNET&NOT_RESTRICTED&TRUSTED Uid: 10135 AdministratorUids: [] RequestorUid: 10135 RequestorPackageName: com.android.vending] ] with score 101 and providerId -2
01-09 10:58:38.956 11693 11799 D WM-GreedyScheduler: Cancelling work ID 737dc86d-8afe-45cf-a96b-4647971cf246
01-09 10:58:38.957 11898 12174 I Finsky  : [117341] VerifyApps: Setup app restrictions monitor
01-09 10:58:38.977  1494  4680 D CompatibilityChangeReporter: Compat change id reported: 135634846; UID 10136; state: DISABLED
01-09 10:58:38.977  1494  4680 D CompatibilityChangeReporter: Compat change id reported: 135754954; UID 10136; state: ENABLED
01-09 10:58:38.978  1494  1591 D CompatibilityChangeReporter: Compat change id reported: 143937733; UID 10136; state: ENABLED
01-09 10:58:38.984 11898 12174 I Finsky  : [117341] VerifyApps: Device wide unknown source restriction updated
01-09 10:58:38.990   637   637 D Zygote  : Forked child process 12185
01-09 10:58:38.991 11693 11799 D WM-SystemJobScheduler: Scheduling work ID 737dc86d-8afe-45cf-a96b-4647971cf246Job ID 39789
01-09 10:58:38.995  1494  1591 I ActivityManager: Start proc 12185:com.google.process.gapps/u0a136 for content provider {com.google.android.gsf/com.google.android.gsf.settings.GoogleSettingsProvider}
01-09 10:58:39.003 11898 12174 I Finsky  : [117341] Enqueuing libraries load for -192915451
01-09 10:58:39.004 11898 12074 I cn_CronetLibraryLoader: Cronet version: 144.0.7509.3, arch: aarch64
01-09 10:58:39.005 11898 12149 I Finsky  : [117336] Starting libraries load for -192915451
01-09 10:58:39.008  3249 15028 D MediaProvider: CrossUser not enabled.
01-09 10:58:39.008 12152 12152 I LoadedApk: No resource references to update in package com.blackview
01-09 10:58:39.008 12152 12152 D NetworkSecurityConfig: No Network Security Config specified, using platform default
01-09 10:58:39.009 12152 12152 D NetworkSecurityConfig: No Network Security Config specified, using platform default
01-09 10:58:39.008 12185 12185 E e.process.gapp: Not starting debugger since process cannot load the jdwp agent.
01-09 10:58:39.011 11898 12077 I Finsky  : [117324] registerListener
01-09 10:58:39.013 11898 12077 I Finsky  : [117324] DFS: Listener added for rzb@b65c89c
01-09 10:58:39.013 11898 12077 I Finsky  : [117324] registerListener
01-09 10:58:39.018 11898 11966 D TelephonyRegistryManager: onSubscriptionsChangedListener callback received.
01-09 10:58:39.020  1494  9112 V ActivityManager: New death recipient com.android.server.am.ActivityManagerService$AppDeathRecipient@e4c93c4 for thread android.os.BinderProxy@938d2ad
01-09 10:58:39.025 11898 11898 I Finsky  : [2] onSubscriptionsChanged
01-09 10:58:39.044 11898 12075 I Finsky  : [117322] RECEIVER_SINGLE_USER_SETTINGS#logWorkEndAndFinishGoAsync: SUCCESS
01-09 10:58:39.057 12185 12185 I e.process.gapp: The ClassLoaderContext is a special shared library.
01-09 10:58:39.091 12185 12185 I LoadedApk: No resource references to update in package com.blackview
01-09 10:58:39.091 12185 12185 D NetworkSecurityConfig: No Network Security Config specified, using platform default
01-09 10:58:39.091 12185 12185 D NetworkSecurityConfig: No Network Security Config specified, using platform default
01-09 10:58:39.094 12152 12152 I ContactsPerf: VoicemailContentProvider.onCreate start
01-09 10:58:39.100  1494  7454 V SettingsProvider: packageValueForCallResult, name = sqlite_compatibility_wal_flags, value : Bundle[{_track_generation=android.util.MemoryIntArray@89, value=, _generation_index=0, _generation=475}]
01-09 10:58:39.124 12152 12152 I ContactsPerf: VoicemailContentProvider.onCreate finish
01-09 10:58:39.127  1494  9112 V SettingsProvider: packageValueForCallResult, name = sqlite_compatibility_wal_flags, value : Bundle[{_track_generation=android.util.MemoryIntArray@89, value=, _generation_index=0, _generation=475}]
01-09 10:58:39.141 10796 11424 I NetworkScheduler.Stats: (REDACTED) Task %s/%s started execution. cause:%s exec_start_elapsed_seconds: %s
01-09 10:58:39.146 12185 12185 I GoogleHttpClient: GMS http client unavailable, use old client
01-09 10:58:39.149 11553 11579 I gle.android.gm: Waiting for a blocking GC ProfileSaver
01-09 10:58:39.155 12152 12152 I ContactsDatabaseHelper: updateUseStrictPhoneNumberComparison: RU
01-09 10:58:39.160 12152 12152 D ActivityThread: Loading provider contacts;com.android.contacts: com.android.providers.contacts.ContactsProvider2
01-09 10:58:39.169 11553 11553 D BoundBrokerSvc: onBind: Intent { act=com.google.android.gms.safetynet.service.START pkg=com.google.android.gms }
01-09 10:58:39.169 11553 11553 D BoundBrokerSvc: Loading bound service for intent: Intent { act=com.google.android.gms.safetynet.service.START pkg=com.google.android.gms }
01-09 10:58:39.193 11898 12090 I Finsky  : [117326] ApplicationRestrictions: {}
01-09 10:58:39.194 12152 12248 D ContactsProvider: performBackgroundTask()+ **** task=0
01-09 10:58:39.214 12152 12249 D ContactsProvider: performBackgroundTask()+ **** task=0
01-09 10:58:39.223  3249 15027 I MediaProvider: Deleted 1 0 0 0 0 0 0 items on external_primary due to org.telegram.messenger
01-09 10:58:39.239 11747 12025 V ActivityThread: Recovering failed rename /storage/emulated/0/Android/data/org.telegram.messenger/cache/000000000_999999_temp.f to /storage/emulated/0/Android/media/org.telegram.messenger/Telegram/Telegram Video/000000000_999999.f
01-09 10:58:39.245 24013 24013 V StatusBarNetShowView: applySpeed 70.1
01-09 10:58:39.245 24013 24013 V StatusBarNetShowView: K/s
01-09 10:58:39.246 24013 24013 I chatty  : uid=10170(com.android.systemui) identical 3 lines
01-09 10:58:39.246 24013 24013 V StatusBarNetShowView: applySpeed 70.1
01-09 10:58:39.246 24013 24013 V StatusBarNetShowView: K/s
01-09 10:58:39.253  3249 12720 D MediaProvider: CrossUser not enabled.
01-09 10:58:39.263 12152 12248 D ContactsDatabaseHelper: WAL enabled for contacts2.db: true
01-09 10:58:39.272 24013 24013 D StatusBar: updateBlurView state: 0
01-09 10:58:39.272 24013 24013 D StatusBar: updateBlurView gone
01-09 10:58:39.272 11898 12149 I Finsky  : [117336] Loaded library for account: [QHQidI9yg0GEcuWTJGDSTtyZtU64-ERxFqOWuJLWpzg]
01-09 10:58:39.272 11898 12149 I Finsky  : [117336] Loaded library for account: [EA55R8hfSSHcSMR-Rj-W5TggH6HmK_Blt-yHus1Jk4Q]
01-09 10:58:39.272 11898 12149 I Finsky  : [117336] Finished loading 2 libraries.
01-09 10:58:39.277   653   738 I hwcomposer: [HWCDisplay] [Display_0 (type:1)] fps:25.517233,dur:1528.38,max:738.37,min:10.31
01-09 10:58:39.285 10796 10918 I UriTaskContentObserver: (REDACTED) Throttling content uri change event for %s
01-09 10:58:39.306 11553 11579 I gle.android.gm: WaitForGcToComplete blocked ProfileSaver on ClassLinker for 158.377ms
01-09 10:58:39.312 10796 10918 I UriTaskContentObserver: (REDACTED) Throttling content uri change event for %s
01-09 10:58:39.313  3249 16685 I MediaProvider: Deleted 1 0 0 0 0 0 0 items on external_primary due to org.telegram.messenger
01-09 10:58:39.321 11553 11568 I gle.android.gm: WaitForGcToComplete blocked RunEmptyCheckpoint on ProfileSaver for 13.828ms
01-09 10:58:39.336   653   797 I hwcomposer: [DPY] receive refesh frquest from driver: type[4]
01-09 10:58:39.336   653   797 I hwcomposer: [HWC] fire a callback of refresh to SF
01-09 10:58:39.338 10796 11424 I NetworkScheduler.Stats: (REDACTED) Task %s/%s finished executing. cause:%s result: %s elapsed_millis: %s uptime_millis: %s exec_start_elapsed_seconds: %s
01-09 10:58:39.347   674   674 I BufferQueueProducer: [FramebufferSurface](this:0xb400007b3bb4e710,id:-1,api:1,p:674,c:674) queueBuffer: fps=1.74 dur=1146.66 max=808.41 min=338.25
01-09 10:58:39.348   653   802 E hwcomposer: [DRMDEV] failed to drmWaitVBlank with dpy_0: -1
01-09 10:58:39.348   653   802 W hwcomposer: (0) failed to waitNextVsync: -1
01-09 10:58:39.403 11553 11739 W TracingHelper: No RequestContext found in the trace or trace not available. [CONTEXT service_id=259 ratelimit_count=100000 ]
